
[1m[46m RUN [49m[22m [36mv3.2.4 [39m[90mC:/Users/yona2/Documents/Tenuto.io/Tenuto.io-Backend[39m

[90mstdout[2m | test/performance/cascade-operations.test.js
[22m[39mStarting global test setup...
Global test setup completed

[90mstdout[2m | test/integration/cascade-deletion.test.js
[22m[39mStarting global test setup...
Global test setup completed

 [31m├ù[39m test/integration/cascade-deletion.test.js[2m > [22mCascade Deletion API Integration Tests[2m > [22mPOST /api/admin/student/:studentId/deletion-preview[2m > [22mshould return deletion preview with impact analysis[32m 147[2mms[22m[39m
[31m   ÔåÆ expected 200 "OK", got 500 "Internal Server Error"[39m
 [31m├ù[39m test/integration/cascade-deletion.test.js[2m > [22mCascade Deletion API Integration Tests[2m > [22mPOST /api/admin/student/:studentId/deletion-preview[2m > [22mshould return 404 for non-existent student[32m 28[2mms[22m[39m
[31m   ÔåÆ expected 404 "Not Found", got 500 "Internal Server Error"[39m
 [31m├ù[39m test/integration/cascade-deletion.test.js[2m > [22mCascade Deletion API Integration Tests[2m > [22mPOST /api/admin/student/:studentId/deletion-preview[2m > [22mshould handle invalid student ID format[32m 24[2mms[22m[39m
[31m   ÔåÆ expected undefined to be false // Object.is equality[39m
 [31m├ù[39m test/integration/cascade-deletion.test.js[2m > [22mCascade Deletion API Integration Tests[2m > [22mDELETE /api/admin/student/:studentId/cascade[2m > [22mshould successfully execute soft cascade deletion[32m 24[2mms[22m[39m
[31m   ÔåÆ expected 200 "OK", got 500 "Internal Server Error"[39m
 [31m├ù[39m test/integration/cascade-deletion.test.js[2m > [22mCascade Deletion API Integration Tests[2m > [22mDELETE /api/admin/student/:studentId/cascade[2m > [22mshould execute hard cascade deletion when requested[32m 23[2mms[22m[39m
[31m   ÔåÆ expected 200 "OK", got 500 "Internal Server Error"[39m
 [31m├ù[39m test/integration/cascade-deletion.test.js[2m > [22mCascade Deletion API Integration Tests[2m > [22mDELETE /api/admin/student/:studentId/cascade[2m > [22mshould require admin password for hard delete[32m 23[2mms[22m[39m
[31m   ÔåÆ expected 400 "Bad Request", got 500 "Internal Server Error"[39m
 [31m├ù[39m test/integration/cascade-deletion.test.js[2m > [22mCascade Deletion API Integration Tests[2m > [22mDELETE /api/admin/student/:studentId/cascade[2m > [22mshould handle concurrent deletion attempts[32m 20[2mms[22m[39m
[31m   ÔåÆ expected 500 to be 200 // Object.is equality[39m
 [31m├ù[39m test/integration/cascade-deletion.test.js[2m > [22mCascade Deletion API Integration Tests[2m > [22mPOST /api/admin/cleanup/orphaned-references[2m > [22mshould detect orphaned references in dry run mode[32m 19[2mms[22m[39m
[31m   ÔåÆ expected 200 "OK", got 500 "Internal Server Error"[39m
 [31m├ù[39m test/integration/cascade-deletion.test.js[2m > [22mCascade Deletion API Integration Tests[2m > [22mPOST /api/admin/cleanup/orphaned-references[2m > [22mshould clean up orphaned references when not in dry run[32m 21[2mms[22m[39m
[31m   ÔåÆ expected 200 "OK", got 500 "Internal Server Error"[39m
 [31m├ù[39m test/integration/cascade-deletion.test.js[2m > [22mCascade Deletion API Integration Tests[2m > [22mPOST /api/admin/deletion/rollback/:snapshotId[2m > [22mshould successfully rollback deletion using snapshot[32m 34[2mms[22m[39m
[31m   ÔåÆ expected 200 "OK", got 500 "Internal Server Error"[39m
 [31m├ù[39m test/integration/cascade-deletion.test.js[2m > [22mCascade Deletion API Integration Tests[2m > [22mPOST /api/admin/deletion/rollback/:snapshotId[2m > [22mshould return 404 for non-existent snapshot[32m 19[2mms[22m[39m
[31m   ÔåÆ expected 404 "Not Found", got 500 "Internal Server Error"[39m
 [31m├ù[39m test/integration/cascade-deletion.test.js[2m > [22mCascade Deletion API Integration Tests[2m > [22mPOST /api/admin/deletion/rollback/:snapshotId[2m > [22mshould handle expired snapshots[32m 23[2mms[22m[39m
[31m   ÔåÆ expected 400 "Bad Request", got 500 "Internal Server Error"[39m
 [31m├ù[39m test/integration/cascade-deletion.test.js[2m > [22mCascade Deletion API Integration Tests[2m > [22mPOST /api/admin/deletion/rollback/:snapshotId[2m > [22mshould handle already used snapshots[32m 26[2mms[22m[39m
[31m   ÔåÆ expected 400 "Bad Request", got 500 "Internal Server Error"[39m
 [31m├ù[39m test/integration/cascade-deletion.test.js[2m > [22mCascade Deletion API Integration Tests[2m > [22mGET /api/admin/deletion/audit-log[2m > [22mshould return paginated audit log entries[32m 40[2mms[22m[39m
[31m   ÔåÆ expected 200 "OK", got 500 "Internal Server Error"[39m
 [31m├ù[39m test/integration/cascade-deletion.test.js[2m > [22mCascade Deletion API Integration Tests[2m > [22mGET /api/admin/deletion/audit-log[2m > [22mshould filter audit log by action type[32m 22[2mms[22m[39m
[31m   ÔåÆ expected 200 "OK", got 500 "Internal Server Error"[39m
 [31m├ù[39m test/integration/cascade-deletion.test.js[2m > [22mCascade Deletion API Integration Tests[2m > [22mGET /api/admin/deletion/audit-log[2m > [22mshould filter audit log by date range[32m 27[2mms[22m[39m
[31m   ÔåÆ expected 200 "OK", got 500 "Internal Server Error"[39m
 [31m├ù[39m test/integration/cascade-deletion.test.js[2m > [22mCascade Deletion API Integration Tests[2m > [22mGET /api/admin/deletion/snapshots[2m > [22mshould return available snapshots excluding expired[32m 27[2mms[22m[39m
[31m   ÔåÆ expected 200 "OK", got 500 "Internal Server Error"[39m
 [31m├ù[39m test/integration/cascade-deletion.test.js[2m > [22mCascade Deletion API Integration Tests[2m > [22mGET /api/admin/deletion/snapshots[2m > [22mshould include expired snapshots when requested[32m 25[2mms[22m[39m
[31m   ÔåÆ expected 200 "OK", got 500 "Internal Server Error"[39m
 [31m├ù[39m test/integration/cascade-deletion.test.js[2m > [22mCascade Deletion API Integration Tests[2m > [22mGET /api/admin/deletion/operations[2m > [22mshould return currently running operations[32m 18[2mms[22m[39m
[31m   ÔåÆ expected 200 "OK", got 500 "Internal Server Error"[39m
 [31m├ù[39m test/integration/cascade-deletion.test.js[2m > [22mCascade Deletion API Integration Tests[2m > [22mPOST /api/admin/deletion/operations/:operationId/cancel[2m > [22mshould return not implemented for operation cancellation[32m 16[2mms[22m[39m
[31m   ÔåÆ expected 501 "Not Implemented", got 500 "Internal Server Error"[39m
 [31m├ù[39m test/integration/cascade-deletion.test.js[2m > [22mCascade Deletion API Integration Tests[2m > [22mError Handling and Edge Cases[2m > [22mshould handle database connection errors gracefully[32m 41[2mms[22m[39m
[31m   ÔåÆ expected undefined to be false // Object.is equality[39m
 [31m├ù[39m test/integration/cascade-deletion.test.js[2m > [22mCascade Deletion API Integration Tests[2m > [22mError Handling and Edge Cases[2m > [22mshould validate request body parameters[32m 5[2mms[22m[39m
[31m   ÔåÆ Client must be connected before running operations[39m
 [31m├ù[39m test/integration/cascade-deletion.test.js[2m > [22mCascade Deletion API Integration Tests[2m > [22mError Handling and Edge Cases[2m > [22mshould handle large student ID values[32m 1[2mms[22m[39m
[31m   ÔåÆ Client must be connected before running operations[39m
 [31m├ù[39m test/integration/cascade-deletion.test.js[2m > [22mCascade Deletion API Integration Tests[2m > [22mError Handling and Edge Cases[2m > [22mshould track admin actions in audit log[32m 0[2mms[22m[39m
[31m   ÔåÆ Client must be connected before running operations[39m
 [31m├ù[39m test/integration/cascade-deletion.test.js[2m > [22mCascade Deletion API Integration Tests[2m > [22mPerformance and Scalability[2m > [22mshould handle multiple concurrent API requests[32m 0[2mms[22m[39m
[31m   ÔåÆ Client must be connected before running operations[39m
 [31m├ù[39m test/integration/cascade-deletion.test.js[2m > [22mCascade Deletion API Integration Tests[2m > [22mPerformance and Scalability[2m > [22mshould handle requests with large data payloads[32m 0[2mms[22m[39m
[31m   ÔåÆ Client must be connected before running operations[39m
[90mstdout[2m | test/integration/cascade-deletion.test.js
[22m[39mStarting global test teardown...
Global test teardown completed

[90mstdout[2m | test/integration/data-integrity.test.js
[22m[39mStarting global test setup...
Global test setup completed

[90mstdout[2m | test/performance/cascade-operations.test.js[2m > [22m[2mCascade Deletion Performance Tests
[22m[39mDownloading MongoDB "6.0.0": 0% (0mb / 497.9mb)[0G

[90mstdout[2m | test/integration/data-integrity.test.js
[22m[39mStarting global test teardown...
Global test teardown completed

 [2m[90mÔåô[39m[22m test/integration/data-integrity.test.js[2m > [22mData Integrity Tests[2m > [22mOrphaned Reference Detection[2m > [22mshould detect all orphaned references across collections
 [2m[90mÔåô[39m[22m test/integration/data-integrity.test.js[2m > [22mData Integrity Tests[2m > [22mOrphaned Reference Detection[2m > [22mshould clean up orphaned references when not in dry run mode
 [2m[90mÔåô[39m[22m test/integration/data-integrity.test.js[2m > [22mData Integrity Tests[2m > [22mOrphaned Reference Detection[2m > [22mshould handle collections with no orphaned references
 [2m[90mÔåô[39m[22m test/integration/data-integrity.test.js[2m > [22mData Integrity Tests[2m > [22mBidirectional Reference Sync[2m > [22mshould detect bidirectional reference inconsistencies via API
 [2m[90mÔåô[39m[22m test/integration/data-integrity.test.js[2m > [22mData Integrity Tests[2m > [22mBidirectional Reference Sync[2m > [22mshould repair bidirectional reference inconsistencies
 [2m[90mÔåô[39m[22m test/integration/data-integrity.test.js[2m > [22mData Integrity Tests[2m > [22mData Integrity Scanning via API[2m > [22mshould scan and report data integrity issues
 [2m[90mÔåô[39m[22m test/integration/data-integrity.test.js[2m > [22mData Integrity Tests[2m > [22mData Integrity Scanning via API[2m > [22mshould provide repair recommendations
 [2m[90mÔåô[39m[22m test/integration/data-integrity.test.js[2m > [22mData Integrity Tests[2m > [22mData Integrity Scanning via API[2m > [22mshould repair data integrity issues
 [2m[90mÔåô[39m[22m test/integration/data-integrity.test.js[2m > [22mData Integrity Tests[2m > [22mData Integrity Status Monitoring[2m > [22mshould return current data integrity status
 [2m[90mÔåô[39m[22m test/integration/data-integrity.test.js[2m > [22mData Integrity Tests[2m > [22mData Integrity Status Monitoring[2m > [22mshould include historical trend data
 [2m[90mÔåô[39m[22m test/integration/data-integrity.test.js[2m > [22mData Integrity Tests[2m > [22mLarge Scale Data Integrity Operations[2m > [22mshould handle integrity scanning of large datasets
 [2m[90mÔåô[39m[22m test/integration/data-integrity.test.js[2m > [22mData Integrity Tests[2m > [22mLarge Scale Data Integrity Operations[2m > [22mshould batch process large cleanup operations
 [2m[90mÔåô[39m[22m test/integration/data-integrity.test.js[2m > [22mData Integrity Tests[2m > [22mError Recovery and Partial Failure Scenarios[2m > [22mshould handle partial repair failures gracefully
 [2m[90mÔåô[39m[22m test/integration/data-integrity.test.js[2m > [22mData Integrity Tests[2m > [22mError Recovery and Partial Failure Scenarios[2m > [22mshould provide detailed error information for failed repairs
 [2m[90mÔåô[39m[22m test/integration/data-integrity.test.js[2m > [22mData Integrity Tests[2m > [22mConcurrent Data Integrity Operations[2m > [22mshould handle concurrent integrity scans safely
 [2m[90mÔåô[39m[22m test/integration/data-integrity.test.js[2m > [22mData Integrity Tests[2m > [22mConcurrent Data Integrity Operations[2m > [22mshould prevent conflicting repair operations
[90mstdout[2m | test/integration/auth.integration.test.js
[22m[39mStarting global test setup...
Global test setup completed

[90mstdout[2m | test/performance/cascade-operations.test.js[2m > [22m[2mCascade Deletion Performance Tests
[22m[39mDownloading MongoDB "6.0.0": 5.9% (29.5mb / 497.9mb)[0G

 [31m├ù[39m test/integration/auth.integration.test.js[2m > [22mAuth Integration Tests[2m > [22mshould login with valid credentials[32m 176[2mms[22m[39m
[31m   ÔåÆ expected 500 to be 200 // Object.is equality[39m
 [32mÔ£ô[39m test/integration/auth.integration.test.js[2m > [22mAuth Integration Tests[2m > [22mshould reject invalid credentials[32m 104[2mms[22m[39m
 [31m├ù[39m test/integration/auth.integration.test.js[2m > [22mAuth Integration Tests[2m > [22mshould reject expired token[32m 9[2mms[22m[39m
[31m   ÔåÆ expected 'INVALID_TOKEN' to be 'TOKEN_EXPIRED' // Object.is equality[39m
 [31m├ù[39m test/integration/auth.integration.test.js[2m > [22mAuth Integration Tests[2m > [22mshould refresh token successfully[32m 95[2mms[22m[39m
[31m   ÔåÆ expected 500 to be 200 // Object.is equality[39m
[90mstdout[2m | test/integration/auth.integration.test.js
[22m[39mStarting global test teardown...
Global test teardown completed

 [31m├ù[39m test/integration/auth.integration.test.js[2m > [22mAuth Integration Tests[2m > [22mshould reject reused refresh token after logout[32m 119[2mms[22m[39m
[31m   ÔåÆ Cannot read properties of undefined (reading 'find')[39m
[90mstdout[2m | test/integration/rehearsal.integration.test.js
[22m[39mStarting global test setup...
Global test setup completed

 [32mÔ£ô[39m test/integration/rehearsal.integration.test.js[2m > [22mRehearsal API Integration Tests[2m > [22mGET /api/rehearsal[2m > [22mshould return all active rehearsals[32m 68[2mms[22m[39m
 [32mÔ£ô[39m test/integration/rehearsal.integration.test.js[2m > [22mRehearsal API Integration Tests[2m > [22mGET /api/rehearsal[2m > [22mshould filter rehearsals by groupId[32m 13[2mms[22m[39m
 [32mÔ£ô[39m test/integration/rehearsal.integration.test.js[2m > [22mRehearsal API Integration Tests[2m > [22mGET /api/rehearsal[2m > [22mshould filter rehearsals by type[32m 10[2mms[22m[39m
 [32mÔ£ô[39m test/integration/rehearsal.integration.test.js[2m > [22mRehearsal API Integration Tests[2m > [22mGET /api/rehearsal[2m > [22mshould filter rehearsals by date range[32m 6[2mms[22m[39m
 [32mÔ£ô[39m test/integration/rehearsal.integration.test.js[2m > [22mRehearsal API Integration Tests[2m > [22mGET /api/rehearsal/:id[2m > [22mshould return a specific rehearsal by ID[32m 8[2mms[22m[39m
 [32mÔ£ô[39m test/integration/rehearsal.integration.test.js[2m > [22mRehearsal API Integration Tests[2m > [22mGET /api/rehearsal/:id[2m > [22mshould handle rehearsal not found[32m 26[2mms[22m[39m
 [32mÔ£ô[39m test/integration/rehearsal.integration.test.js[2m > [22mRehearsal API Integration Tests[2m > [22mGET /api/rehearsal/orchestra/:orchestraId[2m > [22mshould return all rehearsals for a specific orchestra[32m 11[2mms[22m[39m
 [32mÔ£ô[39m test/integration/rehearsal.integration.test.js[2m > [22mRehearsal API Integration Tests[2m > [22mPOST /api/rehearsal[2m > [22mshould create a new rehearsal[32m 23[2mms[22m[39m
 [31m├ù[39m test/integration/rehearsal.integration.test.js[2m > [22mRehearsal API Integration Tests[2m > [22mPOST /api/rehearsal[2m > [22mshould reject invalid rehearsal data[32m 16[2mms[22m[39m
[31m   ÔåÆ expected 400 to be 500 // Object.is equality[39m
 [32mÔ£ô[39m test/integration/rehearsal.integration.test.js[2m > [22mRehearsal API Integration Tests[2m > [22mPUT /api/rehearsal/:id[2m > [22mshould update an existing rehearsal[32m 9[2mms[22m[39m
 [32mÔ£ô[39m test/integration/rehearsal.integration.test.js[2m > [22mRehearsal API Integration Tests[2m > [22mPUT /api/rehearsal/:id[2m > [22mshould handle rehearsal not found[32m 7[2mms[22m[39m
[90mstdout[2m | test/integration/rehearsal.integration.test.js
[22m[39mStarting global test teardown...
Global test teardown completed

 [32mÔ£ô[39m test/integration/rehearsal.integration.test.js[2m > [22mRehearsal API Integration Tests[2m > [22mDELETE /api/rehearsal/:id[2m > [22mshould deactivate a rehearsal (soft delete)[32m 5[2mms[22m[39m
 [31m├ù[39m test/integration/rehearsal.integration.test.js[2m > [22mRehearsal API Integration Tests[2m > [22mPOST /api/rehearsal/bulk-create[2m > [22mshould create multiple rehearsals based on schedule[32m 8[2mms[22m[39m
[31m   ÔåÆ expected 404 to be 201 // Object.is equality[39m
 [31m├ù[39m test/integration/rehearsal.integration.test.js[2m > [22mRehearsal API Integration Tests[2m > [22mPOST /api/rehearsal/bulk-create[2m > [22mshould reject invalid bulk create data[32m 6[2mms[22m[39m
[31m   ÔåÆ expected 404 to be 500 // Object.is equality[39m
 [32mÔ£ô[39m test/integration/rehearsal.integration.test.js[2m > [22mRehearsal API Integration Tests[2m > [22mPUT /api/rehearsal/:rehearsalId/attendance[2m > [22mshould update rehearsal attendance[32m 6[2mms[22m[39m
 [32mÔ£ô[39m test/integration/rehearsal.integration.test.js[2m > [22mRehearsal API Integration Tests[2m > [22mPUT /api/rehearsal/:rehearsalId/attendance[2m > [22mshould reject invalid attendance data[32m 7[2mms[22m[39m
[90mstdout[2m | test/performance/cascade-operations.test.js[2m > [22m[2mCascade Deletion Performance Tests
[22m[39mDownloading MongoDB "6.0.0": 15.5% (77.3mb / 497.9mb)[0G

[90mstdout[2m | api/bagrut/__tests__/bagrut.api-endpoints.test.js
[22m[39mStarting global test setup...
Global test setup completed

 [31m├ù[39m api/bagrut/__tests__/bagrut.api-endpoints.test.js[2m > [22mBagrut API Endpoint Tests[2m > [22mDirector Evaluation Endpoint[2m > [22mshould successfully update director evaluation with valid data[32m 68[2mms[22m[39m
[31m   ÔåÆ expected { ÔÇª(8) } to deeply equal { ÔÇª(8) }[39m
 [32mÔ£ô[39m api/bagrut/__tests__/bagrut.api-endpoints.test.js[2m > [22mBagrut API Endpoint Tests[2m > [22mDirector Evaluation Endpoint[2m > [22mshould reject director evaluation with invalid points (too high)[32m 14[2mms[22m[39m
 [32mÔ£ô[39m api/bagrut/__tests__/bagrut.api-endpoints.test.js[2m > [22mBagrut API Endpoint Tests[2m > [22mDirector Evaluation Endpoint[2m > [22mshould reject director evaluation with invalid points (negative)[32m 9[2mms[22m[39m
 [32mÔ£ô[39m api/bagrut/__tests__/bagrut.api-endpoints.test.js[2m > [22mBagrut API Endpoint Tests[2m > [22mDirector Evaluation Endpoint[2m > [22mshould reject director evaluation with missing points[32m 6[2mms[22m[39m
 [32mÔ£ô[39m api/bagrut/__tests__/bagrut.api-endpoints.test.js[2m > [22mBagrut API Endpoint Tests[2m > [22mDirector Evaluation Endpoint[2m > [22mshould reject director evaluation with non-numeric points[32m 10[2mms[22m[39m
 [32mÔ£ô[39m api/bagrut/__tests__/bagrut.api-endpoints.test.js[2m > [22mBagrut API Endpoint Tests[2m > [22mDirector Evaluation Endpoint[2m > [22mshould accept director evaluation with zero points[32m 10[2mms[22m[39m
 [32mÔ£ô[39m api/bagrut/__tests__/bagrut.api-endpoints.test.js[2m > [22mBagrut API Endpoint Tests[2m > [22mDirector Evaluation Endpoint[2m > [22mshould accept director evaluation with maximum points[32m 7[2mms[22m[39m
 [32mÔ£ô[39m api/bagrut/__tests__/bagrut.api-endpoints.test.js[2m > [22mBagrut API Endpoint Tests[2m > [22mDirector Evaluation Endpoint[2m > [22mshould default empty comments if not provided[32m 8[2mms[22m[39m
 [31m├ù[39m api/bagrut/__tests__/bagrut.api-endpoints.test.js[2m > [22mBagrut API Endpoint Tests[2m > [22mRecital Configuration Endpoint[2m > [22mshould successfully set recital configuration with valid data[32m 10[2mms[22m[39m
[31m   ÔåÆ expected { ÔÇª(5) } to deeply equal { ÔÇª(5) }[39m
 [32mÔ£ô[39m api/bagrut/__tests__/bagrut.api-endpoints.test.js[2m > [22mBagrut API Endpoint Tests[2m > [22mRecital Configuration Endpoint[2m > [22mshould accept 3 units configuration[32m 7[2mms[22m[39m
 [32mÔ£ô[39m api/bagrut/__tests__/bagrut.api-endpoints.test.js[2m > [22mBagrut API Endpoint Tests[2m > [22mRecital Configuration Endpoint[2m > [22mshould reject invalid unit values[32m 27[2mms[22m[39m
 [32mÔ£ô[39m api/bagrut/__tests__/bagrut.api-endpoints.test.js[2m > [22mBagrut API Endpoint Tests[2m > [22mRecital Configuration Endpoint[2m > [22mshould reject missing units[32m 6[2mms[22m[39m
 [31m├ù[39m api/bagrut/__tests__/bagrut.api-endpoints.test.js[2m > [22mBagrut API Endpoint Tests[2m > [22mRecital Configuration Endpoint[2m > [22mshould reject invalid field values[32m 8[2mms[22m[39m
[31m   ÔåÆ expected 'Recital field must be one of: ÎºÎ£ÎÉÎíÎÖ, ÔÇª' to contain 'Classical'[39m
 [32mÔ£ô[39m api/bagrut/__tests__/bagrut.api-endpoints.test.js[2m > [22mBagrut API Endpoint Tests[2m > [22mRecital Configuration Endpoint[2m > [22mshould reject missing field[32m 5[2mms[22m[39m
 [32mÔ£ô[39m api/bagrut/__tests__/bagrut.api-endpoints.test.js[2m > [22mBagrut API Endpoint Tests[2m > [22mRecital Configuration Endpoint[2m > [22mshould accept all valid field combinations[32m 55[2mms[22m[39m
 [31m├ù[39m api/bagrut/__tests__/bagrut.api-endpoints.test.js[2m > [22mBagrut API Endpoint Tests[2m > [22mGrading Details Endpoint Validation[2m > [22mshould validate point allocation maximums[32m 7[2mms[22m[39m
[31m   ÔåÆ expected 'Î®ÎôÎòÎ¬ ÎöÎóÎ¿ÎøÎö ÎùÎíÎ¿ÎÖÎØ: playingSkills, musiÔÇª' to contain '40 ÎáÎºÎòÎôÎòÎ¬'[39m
 [31m├ù[39m api/bagrut/__tests__/bagrut.api-endpoints.test.js[2m > [22mBagrut API Endpoint Tests[2m > [22mGrading Details Endpoint Validation[2m > [22mshould validate musical understanding maximum[32m 8[2mms[22m[39m
[31m   ÔåÆ expected 'Î®ÎôÎòÎ¬ ÎöÎóÎ¿ÎøÎö ÎùÎíÎ¿ÎÖÎØ: playingSkills, musiÔÇª' to contain '30 ÎáÎºÎòÎôÎòÎ¬'[39m
 [31m├ù[39m api/bagrut/__tests__/bagrut.api-endpoints.test.js[2m > [22mBagrut API Endpoint Tests[2m > [22mGrading Details Endpoint Validation[2m > [22mshould validate text knowledge maximum[32m 6[2mms[22m[39m
[31m   ÔåÆ expected 'Î®ÎôÎòÎ¬ ÎöÎóÎ¿ÎøÎö ÎùÎíÎ¿ÎÖÎØ: playingSkills, musiÔÇª' to contain '20 ÎáÎºÎòÎôÎòÎ¬'[39m
 [31m├ù[39m api/bagrut/__tests__/bagrut.api-endpoints.test.js[2m > [22mBagrut API Endpoint Tests[2m > [22mGrading Details Endpoint Validation[2m > [22mshould validate playing by heart maximum[32m 6[2mms[22m[39m
[31m   ÔåÆ expected 'Î®ÎôÎòÎ¬ ÎöÎóÎ¿ÎøÎö ÎùÎíÎ¿ÎÖÎØ: playingSkills, musiÔÇª' to contain '10 ÎáÎºÎòÎôÎòÎ¬'[39m
 [32mÔ£ô[39m api/bagrut/__tests__/bagrut.api-endpoints.test.js[2m > [22mBagrut API Endpoint Tests[2m > [22mGrading Details Endpoint Validation[2m > [22mshould require all grading fields[32m 4[2mms[22m[39m
 [31m├ù[39m api/bagrut/__tests__/bagrut.api-endpoints.test.js[2m > [22mBagrut API Endpoint Tests[2m > [22mGrading Details Endpoint Validation[2m > [22mshould accept valid grading details[32m 5[2mms[22m[39m
[31m   ÔåÆ expected 200 "OK", got 400 "Bad Request"[39m
 [32mÔ£ô[39m api/bagrut/__tests__/bagrut.api-endpoints.test.js[2m > [22mBagrut API Endpoint Tests[2m > [22mAuthorization Requirements[2m > [22mshould handle service errors gracefully[32m 7[2mms[22m[39m
 [32mÔ£ô[39m api/bagrut/__tests__/bagrut.api-endpoints.test.js[2m > [22mBagrut API Endpoint Tests[2m > [22mAuthorization Requirements[2m > [22mshould handle service validation errors[32m 4[2mms[22m[39m
[90mstdout[2m | api/bagrut/__tests__/bagrut.api-endpoints.test.js
[22m[39mStarting global test teardown...
Global test teardown completed

 [32mÔ£ô[39m api/bagrut/__tests__/bagrut.api-endpoints.test.js[2m > [22mBagrut API Endpoint Tests[2m > [22mData Validation Edge Cases[2m > [22mshould handle null values in director evaluation[32m 7[2mms[22m[39m
 [32mÔ£ô[39m api/bagrut/__tests__/bagrut.api-endpoints.test.js[2m > [22mBagrut API Endpoint Tests[2m > [22mData Validation Edge Cases[2m > [22mshould handle null values in recital configuration[32m 6[2mms[22m[39m
 [32mÔ£ô[39m api/bagrut/__tests__/bagrut.api-endpoints.test.js[2m > [22mBagrut API Endpoint Tests[2m > [22mData Validation Edge Cases[2m > [22mshould handle decimal points in director evaluation[32m 8[2mms[22m[39m
[90mstdout[2m | test/performance/cascade-operations.test.js[2m > [22m[2mCascade Deletion Performance Tests
[22m[39mDownloading MongoDB "6.0.0": 25.9% (129.1mb / 497.9mb)[0G

[90mstdout[2m | test/integration/idor-prevention.integration.test.js
[22m[39mStarting global test setup...
Global test setup completed

[90mstdout[2m | test/integration/idor-prevention.integration.test.js
[22m[39mStarting global test teardown...
Global test teardown completed

 [31m├ù[39m test/integration/idor-prevention.integration.test.js[2m > [22mIDOR Prevention Tests[2m > [22mteacher should only see their own students[32m 52[2mms[22m[39m
[31m   ÔåÆ expected 401 to be 200 // Object.is equality[39m
 [31m├ù[39m test/integration/idor-prevention.integration.test.js[2m > [22mIDOR Prevention Tests[2m > [22madmin should see all students[32m 12[2mms[22m[39m
[31m   ÔåÆ expected 401 to be 200 // Object.is equality[39m
 [31m├ù[39m test/integration/idor-prevention.integration.test.js[2m > [22mIDOR Prevention Tests[2m > [22mteacher cannot access another teacher's student[32m 7[2mms[22m[39m
[31m   ÔåÆ expected 401 to be 403 // Object.is equality[39m
[90mstdout[2m | test/integration/student.integration.test.js
[22m[39mStarting global test setup...
Global test setup completed

[90mstdout[2m | test/integration/student.integration.test.js[2m > [22m[2mStudent API Integration Tests[2m > [22m[2mGET /api/student[2m > [22m[2mshould return all active students
[22m[39mstudentService._buildCriteria called with filterBy: {"showInactive":false}

[90mstdout[2m | test/integration/student.integration.test.js[2m > [22m[2mStudent API Integration Tests[2m > [22m[2mGET /api/student[2m > [22m[2mshould filter students by name
[22m[39mstudentService._buildCriteria called with filterBy: {"name":"Another","showInactive":false}

[90mstdout[2m | test/integration/student.integration.test.js[2m > [22m[2mStudent API Integration Tests[2m > [22m[2mGET /api/student[2m > [22m[2mshould filter students by instrument
[22m[39mstudentService._buildCriteria called with filterBy: {"instrument":"ÎùÎªÎòÎªÎ¿Îö","showInactive":false}

[90mstdout[2m | test/integration/student.integration.test.js[2m > [22m[2mStudent API Integration Tests[2m > [22m[2mGET /api/student[2m > [22m[2mshould filter students by class
[22m[39mstudentService._buildCriteria called with filterBy: {"showInactive":false}

[90mstdout[2m | test/integration/student.integration.test.js[2m > [22m[2mStudent API Integration Tests[2m > [22m[2mGET /api/student/:id[2m > [22m[2mshould return a specific student by ID
[22m[39mStudent service: Getting student by ID: 6579e36c83c8b3a5c2df8a8b

[90mstdout[2m | test/integration/student.integration.test.js[2m > [22m[2mStudent API Integration Tests[2m > [22m[2mGET /api/student/:id[2m > [22m[2mshould return a specific student by ID
[22m[39mStudent service: Found student: Unknown

 [32mÔ£ô[39m test/integration/student.integration.test.js[2m > [22mStudent API Integration Tests[2m > [22mGET /api/student[2m > [22mshould return all active students[32m 34[2mms[22m[39m
 [31m├ù[39m test/integration/student.integration.test.js[2m > [22mStudent API Integration Tests[2m > [22mGET /api/student[2m > [22mshould filter students by name[32m 33[2mms[22m[39m
[31m   ÔåÆ expected 'Test Student' to be 'Another Student' // Object.is equality[39m
 [32mÔ£ô[39m test/integration/student.integration.test.js[2m > [22mStudent API Integration Tests[2m > [22mGET /api/student[2m > [22mshould filter students by instrument[32m 12[2mms[22m[39m
 [32mÔ£ô[39m test/integration/student.integration.test.js[2m > [22mStudent API Integration Tests[2m > [22mGET /api/student[2m > [22mshould filter students by class[32m 10[2mms[22m[39m
[90mstdout[2m | test/integration/student.integration.test.js[2m > [22m[2mStudent API Integration Tests[2m > [22m[2mGET /api/student/:id[2m > [22m[2mshould handle student not found
[22m[39mStudent service: Getting student by ID: 123456789012345678901234

[90mstdout[2m | test/integration/student.integration.test.js
[22m[39mStarting global test teardown...
Global test teardown completed

 [32mÔ£ô[39m test/integration/student.integration.test.js[2m > [22mStudent API Integration Tests[2m > [22mGET /api/student/:id[2m > [22mshould return a specific student by ID[32m 8[2mms[22m[39m
 [32mÔ£ô[39m test/integration/student.integration.test.js[2m > [22mStudent API Integration Tests[2m > [22mGET /api/student/:id[2m > [22mshould handle student not found[32m 20[2mms[22m[39m
 [31m├ù[39m test/integration/student.integration.test.js[2m > [22mStudent API Integration Tests[2m > [22mPOST /api/student[2m > [22mshould create a new student[32m 42[2mms[22m[39m
[31m   ÔåÆ expected 500 to be 201 // Object.is equality[39m
 [32mÔ£ô[39m test/integration/student.integration.test.js[2m > [22mStudent API Integration Tests[2m > [22mPOST /api/student[2m > [22mshould reject invalid student data[32m 7[2mms[22m[39m
 [31m├ù[39m test/integration/student.integration.test.js[2m > [22mStudent API Integration Tests[2m > [22mPUT /api/student/:id[2m > [22mshould update an existing student[32m 7[2mms[22m[39m
[31m   ÔåÆ expected 500 to be 200 // Object.is equality[39m
 [32mÔ£ô[39m test/integration/student.integration.test.js[2m > [22mStudent API Integration Tests[2m > [22mDELETE /api/student/:id[2m > [22mshould deactivate a student (soft delete)[32m 5[2mms[22m[39m
 [31m├ù[39m test/integration/student.integration.test.js[2m > [22mStudent API Integration Tests[2m > [22mTeacher-Student Relationships[2m > [22mshould handle teacher access correctly[32m 6[2mms[22m[39m
[31m   ÔåÆ expected 500 to be 200 // Object.is equality[39m
[90mstdout[2m | test/performance/cascade-operations.test.js[2m > [22m[2mCascade Deletion Performance Tests
[22m[39mDownloading MongoDB "6.0.0": 36.6% (182mb / 497.9mb)[0G

[90mstdout[2m | test/integration/orchestra.integration.test.js
[22m[39mStarting global test setup...
Global test setup completed

 [32mÔ£ô[39m test/integration/orchestra.integration.test.js[2m > [22mOrchestra API Integration Tests[2m > [22mGET /api/orchestra[2m > [22mshould return all active orchestras[32m 28[2mms[22m[39m
 [32mÔ£ô[39m test/integration/orchestra.integration.test.js[2m > [22mOrchestra API Integration Tests[2m > [22mGET /api/orchestra[2m > [22mshould filter orchestras by name[32m 7[2mms[22m[39m
 [32mÔ£ô[39m test/integration/orchestra.integration.test.js[2m > [22mOrchestra API Integration Tests[2m > [22mGET /api/orchestra[2m > [22mshould filter orchestras by type[32m 6[2mms[22m[39m
 [32mÔ£ô[39m test/integration/orchestra.integration.test.js[2m > [22mOrchestra API Integration Tests[2m > [22mGET /api/orchestra[2m > [22mshould filter orchestras by conductorId[32m 6[2mms[22m[39m
 [32mÔ£ô[39m test/integration/orchestra.integration.test.js[2m > [22mOrchestra API Integration Tests[2m > [22mGET /api/orchestra/:id[2m > [22mshould return a specific orchestra by ID[32m 10[2mms[22m[39m
 [32mÔ£ô[39m test/integration/orchestra.integration.test.js[2m > [22mOrchestra API Integration Tests[2m > [22mGET /api/orchestra/:id[2m > [22mshould handle orchestra not found[32m 6[2mms[22m[39m
 [32mÔ£ô[39m test/integration/orchestra.integration.test.js[2m > [22mOrchestra API Integration Tests[2m > [22mPOST /api/orchestra[2m > [22mshould create a new orchestra[32m 19[2mms[22m[39m
 [32mÔ£ô[39m test/integration/orchestra.integration.test.js[2m > [22mOrchestra API Integration Tests[2m > [22mPOST /api/orchestra[2m > [22mshould reject invalid orchestra data[32m 6[2mms[22m[39m
 [32mÔ£ô[39m test/integration/orchestra.integration.test.js[2m > [22mOrchestra API Integration Tests[2m > [22mPUT /api/orchestra/:id[2m > [22mshould update an existing orchestra[32m 6[2mms[22m[39m
[90mstdout[2m | test/integration/orchestra.integration.test.js
[22m[39mStarting global test teardown...
Global test teardown completed

 [32mÔ£ô[39m test/integration/orchestra.integration.test.js[2m > [22mOrchestra API Integration Tests[2m > [22mDELETE /api/orchestra/:id[2m > [22mshould deactivate an orchestra (soft delete)[32m 8[2mms[22m[39m
 [32mÔ£ô[39m test/integration/orchestra.integration.test.js[2m > [22mOrchestra API Integration Tests[2m > [22mPOST /api/orchestra/:id/members[2m > [22mshould add a member to an orchestra[32m 9[2mms[22m[39m
 [32mÔ£ô[39m test/integration/orchestra.integration.test.js[2m > [22mOrchestra API Integration Tests[2m > [22mDELETE /api/orchestra/:id/members/:studentId[2m > [22mshould remove a member from an orchestra[32m 6[2mms[22m[39m
 [32mÔ£ô[39m test/integration/orchestra.integration.test.js[2m > [22mOrchestra API Integration Tests[2m > [22mPUT /api/orchestra/:id/rehearsals/:rehearsalId/attendance[2m > [22mshould update rehearsal attendance[32m 7[2mms[22m[39m
 [32mÔ£ô[39m test/integration/orchestra.integration.test.js[2m > [22mOrchestra API Integration Tests[2m > [22mGET /api/orchestra/:id/rehearsals/:rehearsalId/attendance[2m > [22mshould get rehearsal attendance[32m 7[2mms[22m[39m
 [32mÔ£ô[39m test/integration/orchestra.integration.test.js[2m > [22mOrchestra API Integration Tests[2m > [22mGET /api/orchestra/:orchestraId/student/:studentId/attendance[2m > [22mshould get student attendance statistics[32m 7[2mms[22m[39m
 [31m├ù[39m test/integration/orchestra.integration.test.js[2m > [22mOrchestra API Integration Tests[2m > [22mAuthentication and Authorization[2m > [22mshould handle unauthorized access[32m 26[2mms[22m[39m
[31m   ÔåÆ expected 200 to be 401 // Object.is equality[39m
 [31m├ù[39m test/integration/orchestra.integration.test.js[2m > [22mOrchestra API Integration Tests[2m > [22mAuthentication and Authorization[2m > [22mshould restrict access based on role[32m 9[2mms[22m[39m
[31m   ÔåÆ expected 201 to be 403 // Object.is equality[39m
[90mstdout[2m | api/student/__tests__/student.route.test.js
[22m[39mStarting global test setup...
Global test setup completed

[90mstdout[2m | test/performance/cascade-operations.test.js[2m > [22m[2mCascade Deletion Performance Tests
[22m[39mDownloading MongoDB "6.0.0": 48.6% (242.2mb / 497.9mb)[0G

 [32mÔ£ô[39m api/student/__tests__/student.route.test.js[2m > [22mStudent Routes[2m > [22mGET /api/student[2m > [22mshould route to getStudents controller and return students[32m 32[2mms[22m[39m
 [32mÔ£ô[39m api/student/__tests__/student.route.test.js[2m > [22mStudent Routes[2m > [22mGET /api/student[2m > [22mshould pass query parameters to controller[32m 8[2mms[22m[39m
 [32mÔ£ô[39m api/student/__tests__/student.route.test.js[2m > [22mStudent Routes[2m > [22mGET /api/student/:id[2m > [22mshould route to getStudentById controller and return student[32m 6[2mms[22m[39m
 [32mÔ£ô[39m api/student/__tests__/student.route.test.js[2m > [22mStudent Routes[2m > [22mPOST /api/student[2m > [22mshould route to addStudent controller and return new student[32m 16[2mms[22m[39m
 [32mÔ£ô[39m api/student/__tests__/student.route.test.js[2m > [22mStudent Routes[2m > [22mPOST /api/student[2m > [22mshould handle different roles for adding students[32m 9[2mms[22m[39m
 [32mÔ£ô[39m api/student/__tests__/student.route.test.js[2m > [22mStudent Routes[2m > [22mPUT /api/student/:id[2m > [22mshould route to updateStudent controller and return updated student[32m 9[2mms[22m[39m
 [32mÔ£ô[39m api/student/__tests__/student.route.test.js[2m > [22mStudent Routes[2m > [22mPUT /api/student/:id[2m > [22mshould handle different roles for updating students[32m 5[2mms[22m[39m
 [32mÔ£ô[39m api/student/__tests__/student.route.test.js[2m > [22mStudent Routes[2m > [22mDELETE /api/student/:id[2m > [22mshould route to removeStudent controller and return deactivated student[32m 5[2mms[22m[39m
 [32mÔ£ô[39m api/student/__tests__/student.route.test.js[2m > [22mStudent Routes[2m > [22mDELETE /api/student/:id[2m > [22mshould handle different roles for removing students[32m 7[2mms[22m[39m
[90mstdout[2m | api/student/__tests__/student.route.test.js
[22m[39mStarting global test teardown...
Global test teardown completed

 [32mÔ£ô[39m api/student/__tests__/student.route.test.js[2m > [22mStudent Routes[2m > [22mError handling[2m > [22mshould handle authentication errors[32m 6[2mms[22m[39m
 [31m├ù[39m api/student/__tests__/student.route.test.js[2m > [22mStudent Routes[2m > [22mError handling[2m > [22mshould handle authorization errors[32m 17[2mms[22m[39m
[31m   ÔåÆ expected 201 to be 403 // Object.is equality[39m
[90mstdout[2m | test/integration/student-lifecycle.integration.test.js
[22m[39mStarting global test setup...
Global test setup completed

[90mstdout[2m | test/integration/student-lifecycle.integration.test.js
[22m[39mStarting global test teardown...
Global test teardown completed

 [31m├ù[39m test/integration/student-lifecycle.integration.test.js[2m > [22mStudent Lifecycle E2E Test[2m > [22mcreate student ÔåÆ assign to teacher ÔåÆ mark attendance ÔåÆ verify sync points[32m 12[2mms[22m[39m
[31m   ÔåÆ Cannot read properties of undefined (reading 'teaching.studentIds')[39m
[90mstdout[2m | test/performance/cascade-operations.test.js[2m > [22m[2mCascade Deletion Performance Tests
[22m[39mDownloading MongoDB "6.0.0": 60.8% (302.9mb / 497.9mb)[0G

[90mstdout[2m | test/integration/teacher.integration.test.js
[22m[39m­ƒöº Invitation System Mode: EMAIL

[90mstdout[2m | test/integration/teacher.integration.test.js
[22m[39mStarting global test setup...
Global test setup completed

[90mstdout[2m | test/integration/teacher.integration.test.js[2m > [22m[2mTeacher API Integration Tests[2m > [22m[2mGET /api/teacher/:id[2m > [22m[2mshould return a specific teacher by ID
[22m[39mController: Getting teacher by ID: 6579e36c83c8b3a5c2df8a8b
Getting teacher by ID: 6579e36c83c8b3a5c2df8a8b

[90mstdout[2m | test/integration/teacher.integration.test.js[2m > [22m[2mTeacher API Integration Tests[2m > [22m[2mGET /api/teacher/:id[2m > [22m[2mshould return a specific teacher by ID
[22m[39mTeacher found: Yes

[90mstdout[2m | test/integration/teacher.integration.test.js[2m > [22m[2mTeacher API Integration Tests[2m > [22m[2mPOST /api/teacher[2m > [22m[2mshould create a new teacher
[22m[39m=== ADD TEACHER CONTROLLER ===
Request method: POST
Request path: /
Request body keys: [
  [32m'personalInfo'[39m,
  [32m'roles'[39m,
  [32m'professionalInfo'[39m,
  [32m'teaching'[39m,
  [32m'credentials'[39m
]
Admin user: [90mundefined[39m
Is admin flag: [90mundefined[39m
=================================
­ƒöì Raw teacher data received: {
  "personalInfo": {
    "fullName": "New Teacher",
    "phone": "0501234569",
    "email": "new@example.com",
    "address": "New Address"
  },
  "roles": [
    "Î×ÎòÎ¿Îö",
    "Î×ÎôÎ¿ÎÖÎÜ ÎöÎ¿ÎøÎæ"
  ],
  "professionalInfo": {
    "instrument": "Guitar",
    "isActive": true
  },
  "teaching": {
    "studentIds": [],
    "schedule": []
  },
  "credentials": {
    "email": "new@example.com",
    "password": "password123"
  }
}

[90mstdout[2m | test/integration/teacher.integration.test.js[2m > [22m[2mTeacher API Integration Tests[2m > [22m[2mPUT /api/teacher/:id[2m > [22m[2mshould update an existing teacher
[22m[39mUpdating teacher with data: {"personalInfo":{"fullName":"Updated Teacher Name","phone":"0501234567","email":"teacher@example.com","address":"Updated Address"},"roles":["Î×ÎòÎ¿Îö","Î×ÎáÎªÎù"],"professionalInfo":{"instrument":"Piano","isActive":true},"teaching":{"studentIds":[],"schedule":[]},"credentials":{"email":"teacher@example.com","password":"password123"}}

 [32mÔ£ô[39m test/integration/teacher.integration.test.js[2m > [22mTeacher API Integration Tests[2m > [22mGET /api/teacher[2m > [22mshould return all active teachers[32m 24[2mms[22m[39m
 [32mÔ£ô[39m test/integration/teacher.integration.test.js[2m > [22mTeacher API Integration Tests[2m > [22mGET /api/teacher[2m > [22mshould filter teachers by name[32m 8[2mms[22m[39m
 [32mÔ£ô[39m test/integration/teacher.integration.test.js[2m > [22mTeacher API Integration Tests[2m > [22mGET /api/teacher/:id[2m > [22mshould return a specific teacher by ID[32m 6[2mms[22m[39m
 [31m├ù[39m test/integration/teacher.integration.test.js[2m > [22mTeacher API Integration Tests[2m > [22mPOST /api/teacher[2m > [22mshould create a new teacher[32m 38[2mms[22m[39m
[31m   ÔåÆ expected 400 to be 200 // Object.is equality[39m
 [31m├ù[39m test/integration/teacher.integration.test.js[2m > [22mTeacher API Integration Tests[2m > [22mPUT /api/teacher/:id[2m > [22mshould update an existing teacher[32m 19[2mms[22m[39m
[31m   ÔåÆ expected 409 to be 200 // Object.is equality[39m
[90mstdout[2m | test/integration/teacher.integration.test.js
[22m[39mStarting global test teardown...
Global test teardown completed

 [32mÔ£ô[39m test/integration/teacher.integration.test.js[2m > [22mTeacher API Integration Tests[2m > [22mDELETE /api/teacher/:id[2m > [22mshould deactivate a teacher (soft delete)[32m 9[2mms[22m[39m
[90mstdout[2m | test/integration/theoryConflictDetection.test.js
[22m[39mStarting global test setup...
Global test setup completed

 [31m├ù[39m test/integration/theoryConflictDetection.test.js[2m > [22mTheory Lesson Conflict Detection[2m > [22mRoom Conflict Detection[2m > [22mshould detect exact room and time conflicts[32m 62[2mms[22m[39m
[31m   ÔåÆ expected [] to have a length of 1 but got +0[39m
 [31m├ù[39m test/integration/theoryConflictDetection.test.js[2m > [22mTheory Lesson Conflict Detection[2m > [22mRoom Conflict Detection[2m > [22mshould detect partial time overlaps[32m 4[2mms[22m[39m
[31m   ÔåÆ expected 0 to be greater than 0[39m
 [32mÔ£ô[39m test/integration/theoryConflictDetection.test.js[2m > [22mTheory Lesson Conflict Detection[2m > [22mRoom Conflict Detection[2m > [22mshould NOT detect conflicts for different rooms[32m 3[2mms[22m[39m
 [32mÔ£ô[39m test/integration/theoryConflictDetection.test.js[2m > [22mTheory Lesson Conflict Detection[2m > [22mRoom Conflict Detection[2m > [22mshould NOT detect conflicts for different dates[32m 3[2mms[22m[39m
 [31m├ù[39m test/integration/theoryConflictDetection.test.js[2m > [22mTheory Lesson Conflict Detection[2m > [22mTeacher Conflict Detection[2m > [22mshould detect teacher conflicts in different rooms[32m 6[2mms[22m[39m
[31m   ÔåÆ expected [] to have a length of 1 but got +0[39m
 [32mÔ£ô[39m test/integration/theoryConflictDetection.test.js[2m > [22mTheory Lesson Conflict Detection[2m > [22mTeacher Conflict Detection[2m > [22mshould NOT detect teacher conflicts in same room (covered by room conflict)[32m 4[2mms[22m[39m
[90mstdout[2m | test/integration/theoryConflictDetection.test.js
[22m[39mStarting global test teardown...
Global test teardown completed

 [31m├ù[39m test/integration/theoryConflictDetection.test.js[2m > [22mTheory Lesson Conflict Detection[2m > [22mBulk Validation[2m > [22mshould validate bulk lesson creation with conflicts[32m 27[2mms[22m[39m
[31m   ÔåÆ expected false to be true // Object.is equality[39m
 [32mÔ£ô[39m test/integration/theoryConflictDetection.test.js[2m > [22mTheory Lesson Conflict Detection[2m > [22mBulk Validation[2m > [22mshould generate correct recurrence dates[32m 7[2mms[22m[39m
 [31m├ù[39m test/integration/theoryConflictDetection.test.js[2m > [22mTheory Lesson Conflict Detection[2m > [22mSingle Lesson Validation[2m > [22mshould validate single lesson with mixed conflicts[32m 6[2mms[22m[39m
[31m   ÔåÆ expected false to be true // Object.is equality[39m
[90mstdout[2m | api/bagrut/__tests__/bagrut.validation.test.js
[22m[39mStarting global test setup...
Global test setup completed

[90mstdout[2m | api/bagrut/__tests__/bagrut.validation.test.js
[22m[39mStarting global test teardown...
Global test teardown completed

 [31m├ù[39m api/bagrut/__tests__/bagrut.validation.test.js[2m > [22mBagrut Validation[2m > [22mvalidateBagrut[2m > [22mshould validate a valid bagrut object[32m 34[2mms[22m[39m
[31m   ÔåÆ expected ValidationError: "program[0].pieceNumber"ÔÇª { ÔÇª(2) } to be undefined[39m
 [31m├ù[39m api/bagrut/__tests__/bagrut.validation.test.js[2m > [22mBagrut Validation[2m > [22mvalidateBagrut[2m > [22mshould validate with default values for optional fields[32m 20[2mms[22m[39m
[31m   ÔåÆ expected { ÔÇª(22) } to match object { ÔÇª(9) }
(19 matching properties omitted from actual)[39m
 [32mÔ£ô[39m api/bagrut/__tests__/bagrut.validation.test.js[2m > [22mBagrut Validation[2m > [22mvalidateBagrut[2m > [22mshould require studentId[32m 1[2mms[22m[39m
 [32mÔ£ô[39m api/bagrut/__tests__/bagrut.validation.test.js[2m > [22mBagrut Validation[2m > [22mvalidateBagrut[2m > [22mshould require teacherId[32m 1[2mms[22m[39m
 [31m├ù[39m api/bagrut/__tests__/bagrut.validation.test.js[2m > [22mBagrut Validation[2m > [22mvalidateBagrut[2m > [22mshould validate program pieces[32m 6[2mms[22m[39m
[31m   ÔåÆ expected '"program[0].pieceNumber" is required' to contain '"program[0].pieceTitle" is required'[39m
 [32mÔ£ô[39m api/bagrut/__tests__/bagrut.validation.test.js[2m > [22mBagrut Validation[2m > [22mvalidateBagrut[2m > [22mshould validate accompaniment type[32m 3[2mms[22m[39m
 [32mÔ£ô[39m api/bagrut/__tests__/bagrut.validation.test.js[2m > [22mBagrut Validation[2m > [22mvalidateBagrut[2m > [22mshould validate accompanist data[32m 1[2mms[22m[39m
 [32mÔ£ô[39m api/bagrut/__tests__/bagrut.validation.test.js[2m > [22mBagrut Validation[2m > [22mvalidateBagrut[2m > [22mshould validate phone number format in accompanist data[32m 1[2mms[22m[39m
 [31m├ù[39m api/bagrut/__tests__/bagrut.validation.test.js[2m > [22mBagrut Validation[2m > [22mvalidateBagrut[2m > [22mshould validate presentation status[32m 4[2mms[22m[39m
[31m   ÔåÆ expected '"presentations[0]" does not match anyÔÇª' to contain '"status" must be one of'[39m
 [32mÔ£ô[39m api/bagrut/__tests__/bagrut.validation.test.js[2m > [22mBagrut Validation[2m > [22mvalidateBagrut[2m > [22mshould validate document data[32m 1[2mms[22m[39m
 [31m├ù[39m api/bagrut/__tests__/bagrut.validation.test.js[2m > [22mBagrut Validation[2m > [22mvalidateBagrut[2m > [22mshould validate presentations array is exactly length 4[32m 1[2mms[22m[39m
[31m   ÔåÆ expected undefined to be defined[39m
 [31m├ù[39m api/bagrut/__tests__/bagrut.validation.test.js[2m > [22mBagrut Validation[2m > [22mvalidateBagrut[2m > [22mshould validate YouTube link format in program pieces[32m 1[2mms[22m[39m
[31m   ÔåÆ expected ValidationError: "program[0].pieceNumber"ÔÇª { ÔÇª(2) } to be undefined[39m
 [32mÔ£ô[39m api/bagrut/__tests__/bagrut.validation.test.js[2m > [22mBagrut Validation[2m > [22mvalidateBagrut[2m > [22mshould allow testDate to be null[32m 1[2mms[22m[39m
 [32mÔ£ô[39m api/bagrut/__tests__/bagrut.validation.test.js[2m > [22mBagrut Validation[2m > [22mBAGRUT_CONSTANTS[2m > [22mshould define valid presentation statuses[32m 0[2mms[22m[39m
 [32mÔ£ô[39m api/bagrut/__tests__/bagrut.validation.test.js[2m > [22mBagrut Validation[2m > [22mBAGRUT_CONSTANTS[2m > [22mshould define valid accompaniment types[32m 0[2mms[22m[39m
 [32mÔ£ô[39m api/bagrut/__tests__/bagrut.validation.test.js[2m > [22mBagrut Validation[2m > [22mbagrutSchema[2m > [22mshould be a valid Joi schema object[32m 0[2mms[22m[39m
 [31m├ù[39m api/bagrut/__tests__/bagrut.validation.test.js[2m > [22mBagrut Validation[2m > [22mbagrutSchema[2m > [22mshould generate default values for presentations[32m 2[2mms[22m[39m
[31m   ÔåÆ expected { completed: false, ÔÇª(7) } to deeply equal { completed: false, ÔÇª(6) }[39m
 [31m├ù[39m api/bagrut/__tests__/bagrut.validation.test.js[2m > [22mBagrut Validation[2m > [22mbagrutSchema[2m > [22mshould generate default value for magenBagrut[32m 2[2mms[22m[39m
[31m   ÔåÆ expected { completed: false, ÔÇª(10) } to deeply equal { completed: false, ÔÇª(8) }[39m
 [32mÔ£ô[39m api/bagrut/__tests__/bagrut.validation.test.js[2m > [22mBagrut Validation[2m > [22mbagrutSchema[2m > [22mshould set empty documents array by default[32m 0[2mms[22m[39m
 [32mÔ£ô[39m api/bagrut/__tests__/bagrut.validation.test.js[2m > [22mBagrut Validation[2m > [22mbagrutSchema[2m > [22mshould set default isActive to true[32m 0[2mms[22m[39m
 [32mÔ£ô[39m api/bagrut/__tests__/bagrut.validation.test.js[2m > [22mBagrut Validation[2m > [22mbagrutSchema[2m > [22mshould set timestamps by default[32m 0[2mms[22m[39m
 [32mÔ£ô[39m api/bagrut/__tests__/bagrut.validation.test.js[2m > [22mBagrut Validation[2m > [22mcalculateTotalGradeFromDetailedGrading[2m > [22mshould calculate total grade from detailed grading categories[32m 0[2mms[22m[39m
 [32mÔ£ô[39m api/bagrut/__tests__/bagrut.validation.test.js[2m > [22mBagrut Validation[2m > [22mcalculateTotalGradeFromDetailedGrading[2m > [22mshould return null if any category is missing points[32m 0[2mms[22m[39m
 [32mÔ£ô[39m api/bagrut/__tests__/bagrut.validation.test.js[2m > [22mBagrut Validation[2m > [22mcalculateTotalGradeFromDetailedGrading[2m > [22mshould cap the total at 100 points[32m 0[2mms[22m[39m
 [32mÔ£ô[39m api/bagrut/__tests__/bagrut.validation.test.js[2m > [22mBagrut Validation[2m > [22mcalculateTotalGradeFromDetailedGrading[2m > [22mshould handle zero points correctly[32m 0[2mms[22m[39m
 [31m├ù[39m api/bagrut/__tests__/bagrut.validation.test.js[2m > [22mBagrut Validation[2m > [22mrecordingLinks validation[2m > [22mshould validate recording links as URI array[32m 2[2mms[22m[39m
[31m   ÔåÆ expected ValidationError: "presentations[3]" does ÔÇª { ÔÇª(2) } to be undefined[39m
 [31m├ù[39m api/bagrut/__tests__/bagrut.validation.test.js[2m > [22mBagrut Validation[2m > [22mrecordingLinks validation[2m > [22mshould reject invalid recording links[32m 2[2mms[22m[39m
[31m   ÔåÆ expected '"presentations[0]" does not match anyÔÇª' to contain 'must be a valid uri'[39m
[90mstdout[2m | test/performance/cascade-operations.test.js[2m > [22m[2mCascade Deletion Performance Tests
[22m[39mDownloading MongoDB "6.0.0": 73.1% (363.8mb / 497.9mb)[0G

[90mstdout[2m | api/rehearsal/__tests__/rehearsal.service.test.js
[22m[39mStarting global test setup...
Global test setup completed

[90mstdout[2m | api/rehearsal/__tests__/rehearsal.service.test.js[2m > [22m[2mRehearsal Service[2m > [22m[2mgetRehearsals[2m > [22m[2mshould apply date range filters correctly
[22m[39mDate filter applied: { fromDate: [32m'2023-01-01'[39m, converted: [35m2023-01-01T00:00:00.000Z[39m }

[90mstdout[2m | api/rehearsal/__tests__/rehearsal.service.test.js[2m > [22m[2mRehearsal Service[2m > [22m[2maddRehearsal[2m > [22m[2mshould throw error for invalid rehearsal data
[22m[39mAdding rehearsal with data: {
  "invalidData": true
}

[90mstdout[2m | api/rehearsal/__tests__/rehearsal.service.test.js[2m > [22m[2mRehearsal Service[2m > [22m[2maddRehearsal[2m > [22m[2mshould handle database errors
[22m[39mAdding rehearsal with data: {
  "groupId": "orchestra1",
  "type": "Î¬ÎûÎ×ÎòÎ¿Î¬",
  "date": "2023-03-15T00:00:00.000Z",
  "schoolYearId": "6579e36c83c8b3a5c2df8a8c"
}

[90mstdout[2m | api/rehearsal/__tests__/rehearsal.service.test.js[2m > [22m[2mRehearsal Service[2m > [22m[2mbulkCreateRehearsals[2m > [22m[2mshould handle empty date ranges or excluded dates
[22m[39mBulk creating rehearsals with data: {
  "orchestraId": "6579e36c83c8b3a5c2df8a8c",
  "startDate": "2023-01-01",
  "endDate": "2023-01-01",
  "dayOfWeek": 3,
  "startTime": "18:00",
  "endTime": "20:00",
  "location": "Main Hall",
  "schoolYearId": "6579e36c83c8b3a5c2df8a8c"
}
Generated 0 dates for rehearsals
No rehearsal dates generated, returning empty result

[90mstdout[2m | api/rehearsal/__tests__/rehearsal.service.test.js[2m > [22m[2mRehearsal Service[2m > [22m[2mbulkCreateRehearsals[2m > [22m[2mshould throw error for invalid bulk create data
[22m[39mBulk creating rehearsals with data: {
  "invalidData": true
}

[90mstdout[2m | api/rehearsal/__tests__/rehearsal.service.test.js[2m > [22m[2mRehearsal Service[2m > [22m[2mbulkCreateRehearsals[2m > [22m[2mshould handle database errors
[22m[39mBulk creating rehearsals with data: {
  "orchestraId": "orchestra1",
  "startDate": "2023-01-01",
  "endDate": "2023-01-31",
  "dayOfWeek": 3,
  "startTime": "18:00",
  "endTime": "20:00",
  "location": "Main Hall",
  "schoolYearId": "6579e36c83c8b3a5c2df8a8c"
}
Generated 0 dates for rehearsals
No rehearsal dates generated, returning empty result

[90mstdout[2m | api/rehearsal/__tests__/rehearsal.service.test.js
[22m[39mStarting global test teardown...
Global test teardown completed

 [32mÔ£ô[39m api/rehearsal/__tests__/rehearsal.service.test.js[2m > [22mRehearsal Service[2m > [22mgetRehearsals[2m > [22mshould get all rehearsals with default filter sorted by date[32m 6[2mms[22m[39m
 [32mÔ£ô[39m api/rehearsal/__tests__/rehearsal.service.test.js[2m > [22mRehearsal Service[2m > [22mgetRehearsals[2m > [22mshould apply groupId filter correctly[32m 1[2mms[22m[39m
 [32mÔ£ô[39m api/rehearsal/__tests__/rehearsal.service.test.js[2m > [22mRehearsal Service[2m > [22mgetRehearsals[2m > [22mshould apply type filter correctly[32m 1[2mms[22m[39m
 [32mÔ£ô[39m api/rehearsal/__tests__/rehearsal.service.test.js[2m > [22mRehearsal Service[2m > [22mgetRehearsals[2m > [22mshould apply date range filters correctly[32m 5[2mms[22m[39m
 [32mÔ£ô[39m api/rehearsal/__tests__/rehearsal.service.test.js[2m > [22mRehearsal Service[2m > [22mgetRehearsals[2m > [22mshould include inactive rehearsals when showInactive is true[32m 1[2mms[22m[39m
 [32mÔ£ô[39m api/rehearsal/__tests__/rehearsal.service.test.js[2m > [22mRehearsal Service[2m > [22mgetRehearsals[2m > [22mshould handle database errors[32m 4[2mms[22m[39m
 [32mÔ£ô[39m api/rehearsal/__tests__/rehearsal.service.test.js[2m > [22mRehearsal Service[2m > [22mgetRehearsalById[2m > [22mshould get a rehearsal by ID[32m 4[2mms[22m[39m
 [32mÔ£ô[39m api/rehearsal/__tests__/rehearsal.service.test.js[2m > [22mRehearsal Service[2m > [22mgetRehearsalById[2m > [22mshould throw error if rehearsal is not found[32m 2[2mms[22m[39m
 [32mÔ£ô[39m api/rehearsal/__tests__/rehearsal.service.test.js[2m > [22mRehearsal Service[2m > [22mgetRehearsalById[2m > [22mshould handle database errors[32m 2[2mms[22m[39m
 [32mÔ£ô[39m api/rehearsal/__tests__/rehearsal.service.test.js[2m > [22mRehearsal Service[2m > [22mgetOrchestraRehearsals[2m > [22mshould get rehearsals for an orchestra[32m 2[2mms[22m[39m
 [32mÔ£ô[39m api/rehearsal/__tests__/rehearsal.service.test.js[2m > [22mRehearsal Service[2m > [22mgetOrchestraRehearsals[2m > [22mshould handle errors from getRehearsals[32m 4[2mms[22m[39m
 [32mÔ£ô[39m api/rehearsal/__tests__/rehearsal.service.test.js[2m > [22mRehearsal Service[2m > [22maddRehearsal[2m > [22mshould add a new rehearsal by admin[32m 1[2mms[22m[39m
 [32mÔ£ô[39m api/rehearsal/__tests__/rehearsal.service.test.js[2m > [22mRehearsal Service[2m > [22maddRehearsal[2m > [22mshould throw error for invalid rehearsal data[32m 2[2mms[22m[39m
 [32mÔ£ô[39m api/rehearsal/__tests__/rehearsal.service.test.js[2m > [22mRehearsal Service[2m > [22maddRehearsal[2m > [22mshould handle database errors[32m 2[2mms[22m[39m
 [32mÔ£ô[39m api/rehearsal/__tests__/rehearsal.service.test.js[2m > [22mRehearsal Service[2m > [22mupdateRehearsal[2m > [22mshould update an existing rehearsal as admin[32m 5[2mms[22m[39m
 [32mÔ£ô[39m api/rehearsal/__tests__/rehearsal.service.test.js[2m > [22mRehearsal Service[2m > [22mupdateRehearsal[2m > [22mshould throw error for invalid rehearsal data[32m 2[2mms[22m[39m
 [32mÔ£ô[39m api/rehearsal/__tests__/rehearsal.service.test.js[2m > [22mRehearsal Service[2m > [22mupdateRehearsal[2m > [22mshould throw error if rehearsal is not found[32m 3[2mms[22m[39m
 [32mÔ£ô[39m api/rehearsal/__tests__/rehearsal.service.test.js[2m > [22mRehearsal Service[2m > [22mupdateRehearsal[2m > [22mshould handle database errors[32m 2[2mms[22m[39m
 [32mÔ£ô[39m api/rehearsal/__tests__/rehearsal.service.test.js[2m > [22mRehearsal Service[2m > [22mbulkCreateRehearsals[2m > [22mshould handle empty date ranges or excluded dates[32m 2[2mms[22m[39m
 [32mÔ£ô[39m api/rehearsal/__tests__/rehearsal.service.test.js[2m > [22mRehearsal Service[2m > [22mbulkCreateRehearsals[2m > [22mshould throw error for invalid bulk create data[32m 2[2mms[22m[39m
 [31m├ù[39m api/rehearsal/__tests__/rehearsal.service.test.js[2m > [22mRehearsal Service[2m > [22mbulkCreateRehearsals[2m > [22mshould handle database errors[32m 23[2mms[22m[39m
[31m   ÔåÆ promise resolved "{ insertedCount: +0, rehearsalIds: [] }" instead of rejecting[39m
 [32mÔ£ô[39m api/rehearsal/__tests__/rehearsal.service.test.js[2m > [22mRehearsal Service[2m > [22mupdateAttendance[2m > [22mshould throw error for invalid attendance data[32m 3[2mms[22m[39m
[90mstdout[2m | api/bagrut/__tests__/bagrut.integration-workflow.test.js
[22m[39mStarting global test setup...
Global test setup completed

[90mstdout[2m | api/bagrut/__tests__/bagrut.integration-workflow.test.js
[22m[39mStarting global test teardown...
Global test teardown completed

 [32mÔ£ô[39m api/bagrut/__tests__/bagrut.integration-workflow.test.js[2m > [22mBagrut Integration Workflow Tests[2m > [22mComplete Workflow - Creation to Completion[2m > [22mshould create a new bagrut with all required fields[32m 11[2mms[22m[39m
 [31m├ù[39m api/bagrut/__tests__/bagrut.integration-workflow.test.js[2m > [22mBagrut Integration Workflow Tests[2m > [22mComplete Workflow - Creation to Completion[2m > [22mshould update presentations with new point system[32m 21[2mms[22m[39m
[31m   ÔåÆ Error in bagrutService.updatePresentation: Error: Invalid presentation index: 3. Must be 0-2.[39m
 [31m├ù[39m api/bagrut/__tests__/bagrut.integration-workflow.test.js[2m > [22mBagrut Integration Workflow Tests[2m > [22mComplete Workflow - Creation to Completion[2m > [22mshould add director evaluation and recalculate grade[32m 3[2mms[22m[39m
[31m   ÔåÆ Error in bagrutService.updateDirectorEvaluation: Error: Error in bagrutService.calculateAndUpdateFinalGrade: Error: Bagrut with id 6579e36c83c8b3a5c2df8a8b not found[39m
 [31m├ù[39m api/bagrut/__tests__/bagrut.integration-workflow.test.js[2m > [22mBagrut Integration Workflow Tests[2m > [22mComplete Workflow - Creation to Completion[2m > [22mshould complete bagrut with all requirements met[32m 10[2mms[22m[39m
[31m   ÔåÆ expected Any<Date> to be an instance of Date[39m
 [32mÔ£ô[39m api/bagrut/__tests__/bagrut.integration-workflow.test.js[2m > [22mBagrut Integration Workflow Tests[2m > [22mValidation During Workflow[2m > [22mshould validate completion requirements[32m 2[2mms[22m[39m
 [32mÔ£ô[39m api/bagrut/__tests__/bagrut.integration-workflow.test.js[2m > [22mBagrut Integration Workflow Tests[2m > [22mValidation During Workflow[2m > [22mshould prevent completion without all program pieces[32m 3[2mms[22m[39m
 [32mÔ£ô[39m api/bagrut/__tests__/bagrut.integration-workflow.test.js[2m > [22mBagrut Integration Workflow Tests[2m > [22mValidation During Workflow[2m > [22mshould prevent completion without director evaluation[32m 1[2mms[22m[39m
 [32mÔ£ô[39m api/bagrut/__tests__/bagrut.integration-workflow.test.js[2m > [22mBagrut Integration Workflow Tests[2m > [22mValidation During Workflow[2m > [22mshould prevent completion without recital units set[32m 1[2mms[22m[39m
 [32mÔ£ô[39m api/bagrut/__tests__/bagrut.integration-workflow.test.js[2m > [22mBagrut Integration Workflow Tests[2m > [22mGrade Recalculation Throughout Workflow[2m > [22mshould recalculate grades when detailed grading is updated[32m 1[2mms[22m[39m
 [31m├ù[39m api/bagrut/__tests__/bagrut.integration-workflow.test.js[2m > [22mBagrut Integration Workflow Tests[2m > [22mGrade Recalculation Throughout Workflow[2m > [22mshould calculate final grade with director evaluation throughout workflow[32m 6[2mms[22m[39m
[31m   ÔåÆ expected 100 to be 86 // Object.is equality[39m
 [32mÔ£ô[39m api/bagrut/__tests__/bagrut.integration-workflow.test.js[2m > [22mBagrut Integration Workflow Tests[2m > [22mConfiguration and Setup Integration[2m > [22mshould set recital configuration correctly[32m 1[2mms[22m[39m
 [31m├ù[39m api/bagrut/__tests__/bagrut.integration-workflow.test.js[2m > [22mBagrut Integration Workflow Tests[2m > [22mConfiguration and Setup Integration[2m > [22mshould reject invalid recital configuration[32m 7[2mms[22m[39m
[31m   ÔåÆ expected [Function] to throw error including 'Recital units must be either 3 or 5' but got 'Error in bagrutService.setRecitalConfÔÇª'[39m
 [32mÔ£ô[39m api/bagrut/__tests__/bagrut.integration-workflow.test.js[2m > [22mBagrut Integration Workflow Tests[2m > [22mError Handling in Workflow[2m > [22mshould handle database errors gracefully[32m 2[2mms[22m[39m
 [32mÔ£ô[39m api/bagrut/__tests__/bagrut.integration-workflow.test.js[2m > [22mBagrut Integration Workflow Tests[2m > [22mError Handling in Workflow[2m > [22mshould handle invalid ObjectId gracefully[32m 1[2mms[22m[39m
 [32mÔ£ô[39m api/bagrut/__tests__/bagrut.integration-workflow.test.js[2m > [22mBagrut Integration Workflow Tests[2m > [22mError Handling in Workflow[2m > [22mshould handle missing bagrut gracefully[32m 1[2mms[22m[39m
 [32mÔ£ô[39m api/bagrut/__tests__/bagrut.integration-workflow.test.js[2m > [22mBagrut Integration Workflow Tests[2m > [22mData Integrity During Workflow[2m > [22mshould maintain data consistency when updating presentations[32m 2[2mms[22m[39m
 [32mÔ£ô[39m api/bagrut/__tests__/bagrut.integration-workflow.test.js[2m > [22mBagrut Integration Workflow Tests[2m > [22mData Integrity During Workflow[2m > [22mshould preserve existing data when making partial updates[32m 1[2mms[22m[39m
[90mstdout[2m | test/performance/cascade-operations.test.js[2m > [22m[2mCascade Deletion Performance Tests
[22m[39mDownloading MongoDB "6.0.0": 84.8% (422.2mb / 497.9mb)[0G

[90mstdout[2m | api/bagrut/__tests__/bagrut.migration.test.js
[22m[39mStarting global test setup...
Global test setup completed

[90mstdout[2m | api/bagrut/__tests__/bagrut.migration.test.js
[22m[39mStarting global test teardown...
Global test teardown completed

 [31m├ù[39m api/bagrut/__tests__/bagrut.migration.test.js[2m > [22mBagrut Migration Verification Tests[2m > [22mMigration from 3 to 4 Presentations[2m > [22mshould migrate bagrut with 3 presentations to 4 presentations[32m 13[2mms[22m[39m
[31m   ÔåÆ Error in bagrutService.updatePresentation: Error: Bagrut with id 6579e36c83c8b3a5c2df8a8b not found[39m
 [32mÔ£ô[39m api/bagrut/__tests__/bagrut.migration.test.js[2m > [22mBagrut Migration Verification Tests[2m > [22mMigration from 3 to 4 Presentations[2m > [22mshould not migrate bagrut that already has 4 presentations[32m 1[2mms[22m[39m
 [32mÔ£ô[39m api/bagrut/__tests__/bagrut.migration.test.js[2m > [22mBagrut Migration Verification Tests[2m > [22mMigration from 3 to 4 Presentations[2m > [22mshould handle migration errors gracefully[32m 2[2mms[22m[39m
 [31m├ù[39m api/bagrut/__tests__/bagrut.migration.test.js[2m > [22mBagrut Migration Verification Tests[2m > [22mMigration of Default Values[2m > [22mshould apply default values for missing fields during migration[32m 1[2mms[22m[39m
[31m   ÔåÆ Error in bagrutService.updatePresentation: Error: Bagrut with id 6579e36c83c8b3a5c2df8a8b not found[39m
 [31m├ù[39m api/bagrut/__tests__/bagrut.migration.test.js[2m > [22mBagrut Migration Verification Tests[2m > [22mMigration of Default Values[2m > [22mshould preserve existing values during migration[32m 2[2mms[22m[39m
[31m   ÔåÆ Error in bagrutService.updatePresentation: Error: Bagrut with id 6579e36c83c8b3a5c2df8a8b not found[39m
 [31m├ù[39m api/bagrut/__tests__/bagrut.migration.test.js[2m > [22mBagrut Migration Verification Tests[2m > [22mMigration of Detailed Grading System[2m > [22mshould migrate old grading to new detailed grading system[32m 2[2mms[22m[39m
[31m   ÔåÆ Error in bagrutService.updatePresentation: Error: Bagrut with id 6579e36c83c8b3a5c2df8a8b not found[39m
 [31m├ù[39m api/bagrut/__tests__/bagrut.migration.test.js[2m > [22mBagrut Migration Verification Tests[2m > [22mMigration of Detailed Grading System[2m > [22mshould preserve existing detailed grading during migration[32m 2[2mms[22m[39m
[31m   ÔåÆ Error in bagrutService.updatePresentation: Error: Bagrut with id 6579e36c83c8b3a5c2df8a8b not found[39m
 [31m├ù[39m api/bagrut/__tests__/bagrut.migration.test.js[2m > [22mBagrut Migration Verification Tests[2m > [22mMigration Data Integrity Tests[2m > [22mshould ensure no data loss during migration[32m 2[2mms[22m[39m
[31m   ÔåÆ Error in bagrutService.updatePresentation: Error: Bagrut with id 6579e36c83c8b3a5c2df8a8b not found[39m
 [31m├ù[39m api/bagrut/__tests__/bagrut.migration.test.js[2m > [22mBagrut Migration Verification Tests[2m > [22mMigration Data Integrity Tests[2m > [22mshould handle malformed data during migration[32m 10[2mms[22m[39m
[31m   ÔåÆ expected Promise{ÔÇª} to be a function[39m
 [32mÔ£ô[39m api/bagrut/__tests__/bagrut.migration.test.js[2m > [22mBagrut Migration Verification Tests[2m > [22mMigration Performance and Efficiency[2m > [22mshould only migrate when necessary[32m 2[2mms[22m[39m
 [31m├ù[39m api/bagrut/__tests__/bagrut.migration.test.js[2m > [22mBagrut Migration Verification Tests[2m > [22mBulk Migration Testing[2m > [22mshould handle migration of multiple documents[32m 1[2mms[22m[39m
[31m   ÔåÆ Error in bagrutService.updatePresentation: Error: Bagrut with id 6579e36c83c8b3a5c2df8a8a not found[39m
[90mstdout[2m | api/rehearsal/__tests__/rehearsal.validation.test.js
[22m[39mStarting global test setup...
Global test setup completed

[90mstdout[2m | api/rehearsal/__tests__/rehearsal.validation.test.js
[22m[39mStarting global test teardown...
Global test teardown completed

 [32mÔ£ô[39m api/rehearsal/__tests__/rehearsal.validation.test.js[2m > [22mRehearsal Validation[2m > [22mvalidateRehearsal[2m > [22mshould validate a valid rehearsal object[32m 4[2mms[22m[39m
 [32mÔ£ô[39m api/rehearsal/__tests__/rehearsal.validation.test.js[2m > [22mRehearsal Validation[2m > [22mvalidateRehearsal[2m > [22mshould validate with default values for optional fields[32m 1[2mms[22m[39m
 [32mÔ£ô[39m api/rehearsal/__tests__/rehearsal.validation.test.js[2m > [22mRehearsal Validation[2m > [22mvalidateRehearsal[2m > [22mshould require groupId[32m 2[2mms[22m[39m
 [32mÔ£ô[39m api/rehearsal/__tests__/rehearsal.validation.test.js[2m > [22mRehearsal Validation[2m > [22mvalidateRehearsal[2m > [22mshould validate rehearsal type[32m 1[2mms[22m[39m
 [32mÔ£ô[39m api/rehearsal/__tests__/rehearsal.validation.test.js[2m > [22mRehearsal Validation[2m > [22mvalidateRehearsal[2m > [22mshould require date[32m 1[2mms[22m[39m
 [32mÔ£ô[39m api/rehearsal/__tests__/rehearsal.validation.test.js[2m > [22mRehearsal Validation[2m > [22mvalidateRehearsal[2m > [22mshould validate dayOfWeek range[32m 1[2mms[22m[39m
 [32mÔ£ô[39m api/rehearsal/__tests__/rehearsal.validation.test.js[2m > [22mRehearsal Validation[2m > [22mvalidateRehearsal[2m > [22mshould validate time format[32m 0[2mms[22m[39m
 [32mÔ£ô[39m api/rehearsal/__tests__/rehearsal.validation.test.js[2m > [22mRehearsal Validation[2m > [22mvalidateRehearsal[2m > [22mshould require location[32m 0[2mms[22m[39m
 [32mÔ£ô[39m api/rehearsal/__tests__/rehearsal.validation.test.js[2m > [22mRehearsal Validation[2m > [22mvalidateRehearsal[2m > [22mshould require schoolYearId[32m 0[2mms[22m[39m
 [32mÔ£ô[39m api/rehearsal/__tests__/rehearsal.validation.test.js[2m > [22mRehearsal Validation[2m > [22mvalidateRehearsal[2m > [22mshould validate attendance structure[32m 1[2mms[22m[39m
 [32mÔ£ô[39m api/rehearsal/__tests__/rehearsal.validation.test.js[2m > [22mRehearsal Validation[2m > [22mvalidateRehearsal[2m > [22mshould allow empty string for notes[32m 0[2mms[22m[39m
 [31m├ù[39m api/rehearsal/__tests__/rehearsal.validation.test.js[2m > [22mRehearsal Validation[2m > [22mvalidateBulkCreate[2m > [22mshould validate a valid bulk create object[32m 14[2mms[22m[39m
[31m   ÔåÆ expected ValidationError: "schoolYearId" is requirÔÇª { ÔÇª(2) } to be undefined[39m
 [31m├ù[39m api/rehearsal/__tests__/rehearsal.validation.test.js[2m > [22mRehearsal Validation[2m > [22mvalidateBulkCreate[2m > [22mshould validate with default values for optional fields[32m 1[2mms[22m[39m
[31m   ÔåÆ expected ValidationError: "schoolYearId" is requirÔÇª { ÔÇª(2) } to be undefined[39m
 [32mÔ£ô[39m api/rehearsal/__tests__/rehearsal.validation.test.js[2m > [22mRehearsal Validation[2m > [22mvalidateBulkCreate[2m > [22mshould require orchestraId[32m 1[2mms[22m[39m
 [32mÔ£ô[39m api/rehearsal/__tests__/rehearsal.validation.test.js[2m > [22mRehearsal Validation[2m > [22mvalidateBulkCreate[2m > [22mshould require startDate[32m 1[2mms[22m[39m
 [32mÔ£ô[39m api/rehearsal/__tests__/rehearsal.validation.test.js[2m > [22mRehearsal Validation[2m > [22mvalidateBulkCreate[2m > [22mshould require endDate and validate it is after startDate[32m 1[2mms[22m[39m
 [32mÔ£ô[39m api/rehearsal/__tests__/rehearsal.validation.test.js[2m > [22mRehearsal Validation[2m > [22mvalidateBulkCreate[2m > [22mshould validate dayOfWeek range[32m 0[2mms[22m[39m
 [32mÔ£ô[39m api/rehearsal/__tests__/rehearsal.validation.test.js[2m > [22mRehearsal Validation[2m > [22mvalidateBulkCreate[2m > [22mshould validate time format[32m 0[2mms[22m[39m
 [31m├ù[39m api/rehearsal/__tests__/rehearsal.validation.test.js[2m > [22mRehearsal Validation[2m > [22mvalidateBulkCreate[2m > [22mshould validate excludeDates as array of dates[32m 2[2mms[22m[39m
[31m   ÔåÆ expected ValidationError: "schoolYearId" is requirÔÇª { ÔÇª(2) } to be undefined[39m
 [32mÔ£ô[39m api/rehearsal/__tests__/rehearsal.validation.test.js[2m > [22mRehearsal Validation[2m > [22mvalidateAttendance[2m > [22mshould validate a valid attendance object[32m 1[2mms[22m[39m
 [32mÔ£ô[39m api/rehearsal/__tests__/rehearsal.validation.test.js[2m > [22mRehearsal Validation[2m > [22mvalidateAttendance[2m > [22mshould validate with default empty arrays[32m 1[2mms[22m[39m
 [32mÔ£ô[39m api/rehearsal/__tests__/rehearsal.validation.test.js[2m > [22mRehearsal Validation[2m > [22mvalidateAttendance[2m > [22mshould validate with student IDs as strings[32m 0[2mms[22m[39m
 [32mÔ£ô[39m api/rehearsal/__tests__/rehearsal.validation.test.js[2m > [22mRehearsal Validation[2m > [22mvalidateAttendance[2m > [22mshould validate arrays with non-string values[32m 1[2mms[22m[39m
 [32mÔ£ô[39m api/rehearsal/__tests__/rehearsal.validation.test.js[2m > [22mRehearsal Validation[2m > [22mRehearsal Constants[2m > [22mshould define valid days of week[32m 0[2mms[22m[39m
 [32mÔ£ô[39m api/rehearsal/__tests__/rehearsal.validation.test.js[2m > [22mRehearsal Validation[2m > [22mRehearsal Constants[2m > [22mshould define valid rehearsal types[32m 0[2mms[22m[39m
 [32mÔ£ô[39m api/rehearsal/__tests__/rehearsal.validation.test.js[2m > [22mRehearsal Validation[2m > [22mSchema Objects[2m > [22mshould define rehearsalSchema as a valid Joi schema[32m 0[2mms[22m[39m
 [32mÔ£ô[39m api/rehearsal/__tests__/rehearsal.validation.test.js[2m > [22mRehearsal Validation[2m > [22mSchema Objects[2m > [22mshould define bulkCreateSchema as a valid Joi schema[32m 0[2mms[22m[39m
 [32mÔ£ô[39m api/rehearsal/__tests__/rehearsal.validation.test.js[2m > [22mRehearsal Validation[2m > [22mSchema Objects[2m > [22mshould define attendanceSchema as a valid Joi schema[32m 0[2mms[22m[39m
[90mstdout[2m | test/performance/cascade-operations.test.js
[22m[39mStarting global test teardown...
Global test teardown completed

 [2m[90mÔåô[39m[22m test/performance/cascade-operations.test.js[2m > [22mCascade Deletion Performance Tests[2m > [22mSmall Dataset Performance (< 50 references)[2m > [22mshould complete cascade deletion within performance threshold
 [2m[90mÔåô[39m[22m test/performance/cascade-operations.test.js[2m > [22mCascade Deletion Performance Tests[2m > [22mSmall Dataset Performance (< 50 references)[2m > [22mshould handle validation impact analysis efficiently
 [2m[90mÔåô[39m[22m test/performance/cascade-operations.test.js[2m > [22mCascade Deletion Performance Tests[2m > [22mSmall Dataset Performance (< 50 references)[2m > [22mshould create snapshots efficiently
 [2m[90mÔåô[39m[22m test/performance/cascade-operations.test.js[2m > [22mCascade Deletion Performance Tests[2m > [22mMedium Dataset Performance (50-200 references)[2m > [22mshould handle medium dataset cascade deletion within threshold
 [2m[90mÔåô[39m[22m test/performance/cascade-operations.test.js[2m > [22mCascade Deletion Performance Tests[2m > [22mMedium Dataset Performance (50-200 references)[2m > [22mshould handle concurrent deletion validation efficiently
 [2m[90mÔåô[39m[22m test/performance/cascade-operations.test.js[2m > [22mCascade Deletion Performance Tests[2m > [22mLarge Dataset Performance (> 200 references)[2m > [22mshould handle large dataset cascade deletion within threshold
 [2m[90mÔåô[39m[22m test/performance/cascade-operations.test.js[2m > [22mCascade Deletion Performance Tests[2m > [22mLarge Dataset Performance (> 200 references)[2m > [22mshould handle large snapshot creation efficiently
 [2m[90mÔåô[39m[22m test/performance/cascade-operations.test.js[2m > [22mCascade Deletion Performance Tests[2m > [22mOrphaned Reference Cleanup Performance[2m > [22mshould efficiently detect orphaned references in dry run mode
 [2m[90mÔåô[39m[22m test/performance/cascade-operations.test.js[2m > [22mCascade Deletion Performance Tests[2m > [22mOrphaned Reference Cleanup Performance[2m > [22mshould efficiently clean up orphaned references
 [2m[90mÔåô[39m[22m test/performance/cascade-operations.test.js[2m > [22mCascade Deletion Performance Tests[2m > [22mConcurrent Operations Performance[2m > [22mshould handle concurrent cascade deletions efficiently
 [2m[90mÔåô[39m[22m test/performance/cascade-operations.test.js[2m > [22mCascade Deletion Performance Tests[2m > [22mConcurrent Operations Performance[2m > [22mshould handle mixed concurrent operations (deletions + validations)
 [2m[90mÔåô[39m[22m test/performance/cascade-operations.test.js[2m > [22mCascade Deletion Performance Tests[2m > [22mTransaction Timeout Handling[2m > [22mshould handle operations near transaction timeout limits
 [2m[90mÔåô[39m[22m test/performance/cascade-operations.test.js[2m > [22mCascade Deletion Performance Tests[2m > [22mMemory Usage Under Load[2m > [22mshould maintain reasonable memory usage during large operations
 [2m[90mÔåô[39m[22m test/performance/cascade-operations.test.js[2m > [22mCascade Deletion Performance Tests[2m > [22mDatabase Connection Pool Performance[2m > [22mshould efficiently use database connections
[90mstdout[2m | api/bagrut/__tests__/bagrut.grade-levels.test.js
[22m[39mStarting global test setup...
Global test setup completed

[90mstdout[2m | api/bagrut/__tests__/bagrut.grade-levels.test.js
[22m[39mStarting global test teardown...
Global test teardown completed

 [32mÔ£ô[39m api/bagrut/__tests__/bagrut.grade-levels.test.js[2m > [22mGrade Level Assignment Tests[2m > [22mGrade Level Categories[2m > [22mshould return Î×ÎóÎòÎ£Îö for scores 95-100[32m 3[2mms[22m[39m
 [32mÔ£ô[39m api/bagrut/__tests__/bagrut.grade-levels.test.js[2m > [22mGrade Level Assignment Tests[2m > [22mGrade Level Categories[2m > [22mshould return ÎÿÎòÎæ Î×ÎÉÎòÎô for scores 90-94[32m 1[2mms[22m[39m
 [32mÔ£ô[39m api/bagrut/__tests__/bagrut.grade-levels.test.js[2m > [22mGrade Level Assignment Tests[2m > [22mGrade Level Categories[2m > [22mshould return ÎÿÎòÎæ for scores 75-89[32m 1[2mms[22m[39m
 [32mÔ£ô[39m api/bagrut/__tests__/bagrut.grade-levels.test.js[2m > [22mGrade Level Assignment Tests[2m > [22mGrade Level Categories[2m > [22mshould return Î×ÎíÎñÎÖÎº for scores 55-74[32m 1[2mms[22m[39m
 [32mÔ£ô[39m api/bagrut/__tests__/bagrut.grade-levels.test.js[2m > [22mGrade Level Assignment Tests[2m > [22mGrade Level Categories[2m > [22mshould return Î×ÎíÎñÎÖÎº ÎæÎºÎòÎ®ÎÖ for scores 45-54[32m 1[2mms[22m[39m
 [32mÔ£ô[39m api/bagrut/__tests__/bagrut.grade-levels.test.js[2m > [22mGrade Level Assignment Tests[2m > [22mGrade Level Categories[2m > [22mshould return Î£ÎÉ ÎóÎæÎ¿/Îö for scores 0-44[32m 1[2mms[22m[39m
 [32mÔ£ô[39m api/bagrut/__tests__/bagrut.grade-levels.test.js[2m > [22mGrade Level Assignment Tests[2m > [22mBoundary Value Tests[2m > [22mshould test exact boundary values between categories[32m 1[2mms[22m[39m
 [31m├ù[39m api/bagrut/__tests__/bagrut.grade-levels.test.js[2m > [22mGrade Level Assignment Tests[2m > [22mBoundary Value Tests[2m > [22mshould test critical transition points[32m 15[2mms[22m[39m
[31m   ÔåÆ expected 'Î£ÎÉ ÎóÎæÎ¿/Îö' to be 'ÎÿÎòÎæ Î×ÎÉÎòÎô' // Object.is equality[39m
 [32mÔ£ô[39m api/bagrut/__tests__/bagrut.grade-levels.test.js[2m > [22mGrade Level Assignment Tests[2m > [22mEdge Cases and Special Values[2m > [22mshould handle null and undefined scores[32m 1[2mms[22m[39m
 [32mÔ£ô[39m api/bagrut/__tests__/bagrut.grade-levels.test.js[2m > [22mGrade Level Assignment Tests[2m > [22mEdge Cases and Special Values[2m > [22mshould handle negative scores[32m 0[2mms[22m[39m
 [32mÔ£ô[39m api/bagrut/__tests__/bagrut.grade-levels.test.js[2m > [22mGrade Level Assignment Tests[2m > [22mEdge Cases and Special Values[2m > [22mshould handle scores above 100[32m 0[2mms[22m[39m
 [31m├ù[39m api/bagrut/__tests__/bagrut.grade-levels.test.js[2m > [22mGrade Level Assignment Tests[2m > [22mEdge Cases and Special Values[2m > [22mshould handle decimal scores correctly[32m 2[2mms[22m[39m
[31m   ÔåÆ Decimal score 94.9 should return ÎÿÎòÎæ Î×ÎÉÎòÎô: expected 'Î£ÎÉ ÎóÎæÎ¿/Îö' to be 'ÎÿÎòÎæ Î×ÎÉÎòÎô' // Object.is equality[39m
 [32mÔ£ô[39m api/bagrut/__tests__/bagrut.grade-levels.test.js[2m > [22mGrade Level Assignment Tests[2m > [22mGrade Consistency Validation[2m > [22mshould validate correct grade-level pairs[32m 1[2mms[22m[39m
 [32mÔ£ô[39m api/bagrut/__tests__/bagrut.grade-levels.test.js[2m > [22mGrade Level Assignment Tests[2m > [22mGrade Consistency Validation[2m > [22mshould invalidate incorrect grade-level pairs[32m 1[2mms[22m[39m
 [32mÔ£ô[39m api/bagrut/__tests__/bagrut.grade-levels.test.js[2m > [22mGrade Level Assignment Tests[2m > [22mGrade Consistency Validation[2m > [22mshould handle null values in grade consistency validation[32m 0[2mms[22m[39m
 [32mÔ£ô[39m api/bagrut/__tests__/bagrut.grade-levels.test.js[2m > [22mGrade Level Assignment Tests[2m > [22mAll Grade Level Constants Verification[2m > [22mshould verify all grade levels are correctly defined in constants[32m 1[2mms[22m[39m
 [32mÔ£ô[39m api/bagrut/__tests__/bagrut.grade-levels.test.js[2m > [22mGrade Level Assignment Tests[2m > [22mAll Grade Level Constants Verification[2m > [22mshould verify all grade level names are available[32m 0[2mms[22m[39m
 [32mÔ£ô[39m api/bagrut/__tests__/bagrut.grade-levels.test.js[2m > [22mGrade Level Assignment Tests[2m > [22mAll Grade Level Constants Verification[2m > [22mshould verify grade ranges have no gaps or overlaps[32m 1[2mms[22m[39m
 [32mÔ£ô[39m api/bagrut/__tests__/bagrut.grade-levels.test.js[2m > [22mGrade Level Assignment Tests[2m > [22mAll Grade Level Constants Verification[2m > [22mshould verify complete score coverage from 0 to 100[32m 14[2mms[22m[39m
 [32mÔ£ô[39m api/bagrut/__tests__/bagrut.grade-levels.test.js[2m > [22mGrade Level Assignment Tests[2m > [22mComprehensive Grade Level Coverage[2m > [22mshould test representative scores from each grade level range[32m 1[2mms[22m[39m
 [32mÔ£ô[39m api/bagrut/__tests__/bagrut.grade-levels.test.js[2m > [22mGrade Level Assignment Tests[2m > [22mComprehensive Grade Level Coverage[2m > [22mshould verify grade level distribution makes pedagogical sense[32m 0[2mms[22m[39m
[90mstdout[2m | api/school-year/__tests__/school-year-controller.test.js
[22m[39mStarting global test setup...
Global test setup completed

[90mstdout[2m | api/school-year/__tests__/school-year-controller.test.js
[22m[39mStarting global test teardown...
Global test teardown completed

 [32mÔ£ô[39m api/school-year/__tests__/school-year-controller.test.js[2m > [22mSchool Year Controller[2m > [22mgetSchoolYears[2m > [22mshould get all school years[32m 4[2mms[22m[39m
 [32mÔ£ô[39m api/school-year/__tests__/school-year-controller.test.js[2m > [22mSchool Year Controller[2m > [22mgetSchoolYears[2m > [22mshould handle errors and pass them to next middleware[32m 1[2mms[22m[39m
 [32mÔ£ô[39m api/school-year/__tests__/school-year-controller.test.js[2m > [22mSchool Year Controller[2m > [22mgetSchoolYearById[2m > [22mshould get a school year by ID[32m 2[2mms[22m[39m
 [31m├ù[39m api/school-year/__tests__/school-year-controller.test.js[2m > [22mSchool Year Controller[2m > [22mgetSchoolYearById[2m > [22mshould handle errors and pass them to next middleware[32m 11[2mms[22m[39m
[31m   ÔåÆ expected "spy" to be called with arguments: [ Error: School year not found ][90m

Number of calls: [1m0[22m
[31m[39m
 [32mÔ£ô[39m api/school-year/__tests__/school-year-controller.test.js[2m > [22mSchool Year Controller[2m > [22mgetCurrentSchoolYear[2m > [22mshould get the current school year[32m 1[2mms[22m[39m
 [32mÔ£ô[39m api/school-year/__tests__/school-year-controller.test.js[2m > [22mSchool Year Controller[2m > [22mgetCurrentSchoolYear[2m > [22mshould handle errors and pass them to next middleware[32m 1[2mms[22m[39m
 [32mÔ£ô[39m api/school-year/__tests__/school-year-controller.test.js[2m > [22mSchool Year Controller[2m > [22mcreateSchoolYear[2m > [22mshould create a new school year[32m 4[2mms[22m[39m
 [32mÔ£ô[39m api/school-year/__tests__/school-year-controller.test.js[2m > [22mSchool Year Controller[2m > [22mcreateSchoolYear[2m > [22mshould handle errors and pass them to next middleware[32m 1[2mms[22m[39m
 [32mÔ£ô[39m api/school-year/__tests__/school-year-controller.test.js[2m > [22mSchool Year Controller[2m > [22mupdateSchoolYear[2m > [22mshould update an existing school year[32m 2[2mms[22m[39m
 [32mÔ£ô[39m api/school-year/__tests__/school-year-controller.test.js[2m > [22mSchool Year Controller[2m > [22mupdateSchoolYear[2m > [22mshould handle errors and pass them to next middleware[32m 1[2mms[22m[39m
 [32mÔ£ô[39m api/school-year/__tests__/school-year-controller.test.js[2m > [22mSchool Year Controller[2m > [22msetCurrentSchoolYear[2m > [22mshould set a school year as current[32m 2[2mms[22m[39m
 [32mÔ£ô[39m api/school-year/__tests__/school-year-controller.test.js[2m > [22mSchool Year Controller[2m > [22msetCurrentSchoolYear[2m > [22mshould handle errors and pass them to next middleware[32m 2[2mms[22m[39m
 [32mÔ£ô[39m api/school-year/__tests__/school-year-controller.test.js[2m > [22mSchool Year Controller[2m > [22mrolloverToNewYear[2m > [22mshould rollover to a new school year[32m 2[2mms[22m[39m
 [32mÔ£ô[39m api/school-year/__tests__/school-year-controller.test.js[2m > [22mSchool Year Controller[2m > [22mrolloverToNewYear[2m > [22mshould handle errors and pass them to next middleware[32m 3[2mms[22m[39m
[90mstdout[2m | api/bagrut/__tests__/bagrut.grade-calculation.test.js
[22m[39mStarting global test setup...
Global test setup completed

[90mstdout[2m | api/bagrut/__tests__/bagrut.grade-calculation.test.js
[22m[39mStarting global test teardown...
Global test teardown completed

 [32mÔ£ô[39m api/bagrut/__tests__/bagrut.grade-calculation.test.js[2m > [22mFinal Grade Calculation Tests[2m > [22mPerformance Grade Weighting (90%)[2m > [22mshould weight performance grade at 90 percent of final grade[32m 4[2mms[22m[39m
 [31m├ù[39m api/bagrut/__tests__/bagrut.grade-calculation.test.js[2m > [22mFinal Grade Calculation Tests[2m > [22mPerformance Grade Weighting (90%)[2m > [22mshould correctly calculate 90% weighting with different performance scores[32m 25[2mms[22m[39m
[31m   ÔåÆ Test case 1: expected 100 to be 82 // Object.is equality[39m
 [31m├ù[39m api/bagrut/__tests__/bagrut.grade-calculation.test.js[2m > [22mFinal Grade Calculation Tests[2m > [22mDirector Evaluation Contribution (10%)[2m > [22mshould contribute exactly 10 percent to final grade[32m 3[2mms[22m[39m
[31m   ÔåÆ expected 100 to be 89 // Object.is equality[39m
 [31m├ù[39m api/bagrut/__tests__/bagrut.grade-calculation.test.js[2m > [22mFinal Grade Calculation Tests[2m > [22mDirector Evaluation Contribution (10%)[2m > [22mshould handle different director evaluation scores[32m 3[2mms[22m[39m
[31m   ÔåÆ expected 92 to be 74 // Object.is equality[39m
 [32mÔ£ô[39m api/bagrut/__tests__/bagrut.grade-calculation.test.js[2m > [22mFinal Grade Calculation Tests[2m > [22mEdge Cases and Null Values[2m > [22mshould return null when performance grade is null[32m 1[2mms[22m[39m
 [32mÔ£ô[39m api/bagrut/__tests__/bagrut.grade-calculation.test.js[2m > [22mFinal Grade Calculation Tests[2m > [22mEdge Cases and Null Values[2m > [22mshould return null when director evaluation is null[32m 0[2mms[22m[39m
 [32mÔ£ô[39m api/bagrut/__tests__/bagrut.grade-calculation.test.js[2m > [22mFinal Grade Calculation Tests[2m > [22mEdge Cases and Null Values[2m > [22mshould return null when director evaluation is missing[32m 0[2mms[22m[39m
 [32mÔ£ô[39m api/bagrut/__tests__/bagrut.grade-calculation.test.js[2m > [22mFinal Grade Calculation Tests[2m > [22mEdge Cases and Null Values[2m > [22mshould handle zero scores correctly[32m 0[2mms[22m[39m
 [32mÔ£ô[39m api/bagrut/__tests__/bagrut.grade-calculation.test.js[2m > [22mFinal Grade Calculation Tests[2m > [22mEdge Cases and Null Values[2m > [22mshould handle director evaluation of zero points[32m 0[2mms[22m[39m
 [32mÔ£ô[39m api/bagrut/__tests__/bagrut.grade-calculation.test.js[2m > [22mFinal Grade Calculation Tests[2m > [22mMaximum Possible Score Verification[2m > [22mshould verify maximum possible score is 100[32m 0[2mms[22m[39m
 [32mÔ£ô[39m api/bagrut/__tests__/bagrut.grade-calculation.test.js[2m > [22mFinal Grade Calculation Tests[2m > [22mMaximum Possible Score Verification[2m > [22mshould cap final grade at 100 even if calculation exceeds[32m 0[2mms[22m[39m
 [31m├ù[39m api/bagrut/__tests__/bagrut.grade-calculation.test.js[2m > [22mFinal Grade Calculation Tests[2m > [22mVarious Score Combinations[2m > [22mshould test various combinations of performance and director scores[32m 2[2mms[22m[39m
[31m   ÔåÆ Combination 2: Performance [36, 27, 18, 9], Director 8: expected 100 to be 89 // Object.is equality[39m
 [31m├ù[39m api/bagrut/__tests__/bagrut.grade-calculation.test.js[2m > [22mFinal Grade Calculation Tests[2m > [22mCalculation Precision and Rounding[2m > [22mshould handle decimal results correctly with rounding[32m 3[2mms[22m[39m
[31m   ÔåÆ expected 100 to be 82 // Object.is equality[39m
 [31m├ù[39m api/bagrut/__tests__/bagrut.grade-calculation.test.js[2m > [22mFinal Grade Calculation Tests[2m > [22mCalculation Precision and Rounding[2m > [22mshould test edge cases for rounding[32m 2[2mms[22m[39m
[31m   ÔåÆ Rounding test 1: 81*0.9 + 6: expected 100 to be 79 // Object.is equality[39m
 [32mÔ£ô[39m api/bagrut/__tests__/bagrut.grade-calculation.test.js[2m > [22mFinal Grade Calculation Tests[2m > [22mAlternative Calculation Function Tests[2m > [22mshould test calculateFinalGradeWithDirector function[32m 1[2mms[22m[39m
 [32mÔ£ô[39m api/bagrut/__tests__/bagrut.grade-calculation.test.js[2m > [22mFinal Grade Calculation Tests[2m > [22mAlternative Calculation Function Tests[2m > [22mshould return null for invalid inputs in calculateFinalGradeWithDirector[32m 0[2mms[22m[39m
[90mstdout[2m | test/integration/enrollment.integration.test.js
[22m[39mStarting global test setup...
Global test setup completed

[90mstdout[2m | test/integration/enrollment.integration.test.js
[22m[39mStarting global test teardown...
Global test teardown completed

 [32mÔ£ô[39m test/integration/enrollment.integration.test.js[2m > [22mEnrollment Tests[2m > [22mshould assign lesson within time block[32m 5[2mms[22m[39m
 [32mÔ£ô[39m test/integration/enrollment.integration.test.js[2m > [22mEnrollment Tests[2m > [22mshould reject lesson outside block boundaries[32m 3[2mms[22m[39m
 [32mÔ£ô[39m test/integration/enrollment.integration.test.js[2m > [22mEnrollment Tests[2m > [22mshould reject conflicting lesson times[32m 1[2mms[22m[39m
[90mstdout[2m | api/teacher/__tests__/teacher.route.test.js
[22m[39mStarting global test setup...
Global test setup completed

 [32mÔ£ô[39m api/teacher/__tests__/teacher.route.test.js[2m > [22mTeacher Routes[2m > [22mGET /api/teacher[2m > [22mshould route to getTeachers controller and return teachers[32m 33[2mms[22m[39m
 [32mÔ£ô[39m api/teacher/__tests__/teacher.route.test.js[2m > [22mTeacher Routes[2m > [22mGET /api/teacher[2m > [22mshould pass query filters to controller[32m 8[2mms[22m[39m
 [32mÔ£ô[39m api/teacher/__tests__/teacher.route.test.js[2m > [22mTeacher Routes[2m > [22mGET /api/teacher/:id[2m > [22mshould route to getTeacherById controller and return teacher[32m 9[2mms[22m[39m
 [32mÔ£ô[39m api/teacher/__tests__/teacher.route.test.js[2m > [22mTeacher Routes[2m > [22mGET /api/teacher/role/:role[2m > [22mshould route to getTeacherByRole controller and return teachers[32m 8[2mms[22m[39m
 [32mÔ£ô[39m api/teacher/__tests__/teacher.route.test.js[2m > [22mTeacher Routes[2m > [22mPOST /api/teacher[2m > [22mshould route to addTeacher controller and return new teacher[32m 17[2mms[22m[39m
 [32mÔ£ô[39m api/teacher/__tests__/teacher.route.test.js[2m > [22mTeacher Routes[2m > [22mPUT /api/teacher/:id[2m > [22mshould route to updateTeacher controller and return updated teacher[32m 7[2mms[22m[39m
 [32mÔ£ô[39m api/teacher/__tests__/teacher.route.test.js[2m > [22mTeacher Routes[2m > [22mDELETE /api/teacher/:id[2m > [22mshould route to removeTeacher controller and return deactivated teacher[32m 9[2mms[22m[39m
[90mstdout[2m | api/teacher/__tests__/teacher.route.test.js
[22m[39mStarting global test teardown...
Global test teardown completed

 [32mÔ£ô[39m api/teacher/__tests__/teacher.route.test.js[2m > [22mTeacher Routes[2m > [22mError handling[2m > [22mshould handle authentication errors[32m 9[2mms[22m[39m
 [32mÔ£ô[39m api/teacher/__tests__/teacher.route.test.js[2m > [22mTeacher Routes[2m > [22mError handling[2m > [22mshould handle authorization errors[32m 10[2mms[22m[39m
[90mstdout[2m | api/school-year/__tests__/school-year.route.test.js
[22m[39mStarting global test setup...
Global test setup completed

[90mstdout[2m | api/school-year/__tests__/school-year.route.test.js
[22m[39mStarting global test teardown...
Global test teardown completed

 [32mÔ£ô[39m api/school-year/__tests__/school-year.route.test.js[2m > [22mSchool Year Routes[2m > [22mGET /api/school-year[2m > [22mshould route to getSchoolYears controller and return school years[32m 29[2mms[22m[39m
 [32mÔ£ô[39m api/school-year/__tests__/school-year.route.test.js[2m > [22mSchool Year Routes[2m > [22mGET /api/school-year/current[2m > [22mshould route to getCurrentSchoolYear controller and return the current school year[32m 6[2mms[22m[39m
 [32mÔ£ô[39m api/school-year/__tests__/school-year.route.test.js[2m > [22mSchool Year Routes[2m > [22mGET /api/school-year/:id[2m > [22mshould route to getSchoolYearById controller and return the school year[32m 5[2mms[22m[39m
 [32mÔ£ô[39m api/school-year/__tests__/school-year.route.test.js[2m > [22mSchool Year Routes[2m > [22mPOST /api/school-year[2m > [22mshould route to createSchoolYear controller and return the new school year[32m 15[2mms[22m[39m
 [32mÔ£ô[39m api/school-year/__tests__/school-year.route.test.js[2m > [22mSchool Year Routes[2m > [22mPUT /api/school-year/:id[2m > [22mshould route to updateSchoolYear controller and return the updated school year[32m 7[2mms[22m[39m
 [32mÔ£ô[39m api/school-year/__tests__/school-year.route.test.js[2m > [22mSchool Year Routes[2m > [22mPUT /api/school-year/:id/set-current[2m > [22mshould route to setCurrentSchoolYear controller and return the current school year[32m 5[2mms[22m[39m
 [32mÔ£ô[39m api/school-year/__tests__/school-year.route.test.js[2m > [22mSchool Year Routes[2m > [22mPUT /api/school-year/:id/rollover[2m > [22mshould route to rolloverToNewYear controller and return the new school year[32m 7[2mms[22m[39m
 [32mÔ£ô[39m api/school-year/__tests__/school-year.route.test.js[2m > [22mSchool Year Routes[2m > [22mError handling[2m > [22mshould handle authentication errors[32m 8[2mms[22m[39m
 [32mÔ£ô[39m api/school-year/__tests__/school-year.route.test.js[2m > [22mSchool Year Routes[2m > [22mError handling[2m > [22mshould handle authorization errors[32m 9[2mms[22m[39m
[90mstdout[2m | test/integration/school-year.integration.test.js
[22m[39mStarting global test setup...
Global test setup completed

[90mstdout[2m | api/student/__tests__/student.service.test.js
[22m[39mStarting global test setup...
Global test setup completed

[90mstdout[2m | api/student/__tests__/student.service.test.js[2m > [22m[2mStudent Service[2m > [22m[2mgetStudents[2m > [22m[2mshould get all students with default filter
[22m[39mstudentService._buildCriteria called with filterBy: {}

[90mstdout[2m | api/student/__tests__/student.service.test.js[2m > [22m[2mStudent Service[2m > [22m[2mgetStudents[2m > [22m[2mshould apply instrument filter correctly
[22m[39mstudentService._buildCriteria called with filterBy: {"instrument":"ÎùÎªÎòÎªÎ¿Îö"}

[90mstdout[2m | api/student/__tests__/student.service.test.js[2m > [22m[2mStudent Service[2m > [22m[2mgetStudents[2m > [22m[2mshould apply stage filter correctly
[22m[39mstudentService._buildCriteria called with filterBy: {"stage":"3"}

[90mstdout[2m | api/student/__tests__/student.service.test.js[2m > [22m[2mStudent Service[2m > [22m[2mgetStudents[2m > [22m[2mshould include inactive students when showInactive is true
[22m[39mstudentService._buildCriteria called with filterBy: {"showInactive":true,"isActive":false}

[90mstdout[2m | api/student/__tests__/student.service.test.js[2m > [22m[2mStudent Service[2m > [22m[2mgetStudents[2m > [22m[2mshould handle database errors
[22m[39mstudentService._buildCriteria called with filterBy: {}

[90mstdout[2m | api/student/__tests__/student.service.test.js[2m > [22m[2mStudent Service[2m > [22m[2mgetStudentById[2m > [22m[2mshould get a student by ID
[22m[39mStudent service: Getting student by ID: 6579e36c83c8b3a5c2df8a8b

[90mstdout[2m | api/student/__tests__/student.service.test.js[2m > [22m[2mStudent Service[2m > [22m[2mgetStudentById[2m > [22m[2mshould get a student by ID
[22m[39mStudent service: Found student: Test Student

[90mstdout[2m | api/student/__tests__/student.service.test.js[2m > [22m[2mStudent Service[2m > [22m[2mgetStudentById[2m > [22m[2mshould throw error if student is not found
[22m[39mStudent service: Getting student by ID: 6579e36c83c8b3a5c2df8a8b

[90mstdout[2m | api/student/__tests__/student.service.test.js[2m > [22m[2mStudent Service[2m > [22m[2mgetStudentById[2m > [22m[2mshould handle database errors
[22m[39mStudent service: Getting student by ID: 6579e36c83c8b3a5c2df8a8b

 [32mÔ£ô[39m test/integration/school-year.integration.test.js[2m > [22mSchool Year API Integration Tests[2m > [22mGET /api/school-year[2m > [22mshould return all school years[32m 26[2mms[22m[39m
 [32mÔ£ô[39m test/integration/school-year.integration.test.js[2m > [22mSchool Year API Integration Tests[2m > [22mGET /api/school-year/current[2m > [22mshould return the current school year[32m 7[2mms[22m[39m
 [32mÔ£ô[39m test/integration/school-year.integration.test.js[2m > [22mSchool Year API Integration Tests[2m > [22mGET /api/school-year/:id[2m > [22mshould return a specific school year by ID[32m 10[2mms[22m[39m
 [32mÔ£ô[39m test/integration/school-year.integration.test.js[2m > [22mSchool Year API Integration Tests[2m > [22mPOST /api/school-year[2m > [22mshould create a new school year[32m 31[2mms[22m[39m
 [32mÔ£ô[39m test/integration/school-year.integration.test.js[2m > [22mSchool Year API Integration Tests[2m > [22mPOST /api/school-year[2m > [22mshould reject invalid school year data[32m 14[2mms[22m[39m
[90mstdout[2m | test/integration/school-year.integration.test.js
[22m[39mStarting global test teardown...
Global test teardown completed

 [32mÔ£ô[39m test/integration/school-year.integration.test.js[2m > [22mSchool Year API Integration Tests[2m > [22mPUT /api/school-year/:id[2m > [22mshould update an existing school year[32m 16[2mms[22m[39m
 [32mÔ£ô[39m test/integration/school-year.integration.test.js[2m > [22mSchool Year API Integration Tests[2m > [22mPUT /api/school-year/:id/set-current[2m > [22mshould set a school year as the current one[32m 10[2mms[22m[39m
 [32mÔ£ô[39m test/integration/school-year.integration.test.js[2m > [22mSchool Year API Integration Tests[2m > [22mPUT /api/school-year/:id/rollover[2m > [22mshould create a new school year based on a previous one[32m 10[2mms[22m[39m
[90mstdout[2m | api/student/__tests__/student.service.test.js[2m > [22m[2mStudent Service[2m > [22m[2mFilter building functionality[2m > [22m[2mshould build criteria with class filter
[22m[39mstudentService._buildCriteria called with filterBy: {"class":"ÎÉ"}

[90mstdout[2m | api/student/__tests__/student.service.test.js[2m > [22m[2mStudent Service[2m > [22m[2mFilter building functionality[2m > [22m[2mshould build criteria with orchestra filter
[22m[39mstudentService._buildCriteria called with filterBy: {"orchestraId":"orchestra1"}

 [32mÔ£ô[39m api/student/__tests__/student.service.test.js[2m > [22mStudent Service[2m > [22mgetStudents[2m > [22mshould get all students with default filter[32m 7[2mms[22m[39m
 [32mÔ£ô[39m api/student/__tests__/student.service.test.js[2m > [22mStudent Service[2m > [22mgetStudents[2m > [22mshould apply instrument filter correctly[32m 2[2mms[22m[39m
 [32mÔ£ô[39m api/student/__tests__/student.service.test.js[2m > [22mStudent Service[2m > [22mgetStudents[2m > [22mshould apply stage filter correctly[32m 2[2mms[22m[39m
 [32mÔ£ô[39m api/student/__tests__/student.service.test.js[2m > [22mStudent Service[2m > [22mgetStudents[2m > [22mshould include inactive students when showInactive is true[32m 1[2mms[22m[39m
 [32mÔ£ô[39m api/student/__tests__/student.service.test.js[2m > [22mStudent Service[2m > [22mgetStudents[2m > [22mshould handle database errors[32m 3[2mms[22m[39m
 [32mÔ£ô[39m api/student/__tests__/student.service.test.js[2m > [22mStudent Service[2m > [22mgetStudentById[2m > [22mshould get a student by ID[32m 3[2mms[22m[39m
 [32mÔ£ô[39m api/student/__tests__/student.service.test.js[2m > [22mStudent Service[2m > [22mgetStudentById[2m > [22mshould throw error if student is not found[32m 15[2mms[22m[39m
 [32mÔ£ô[39m api/student/__tests__/student.service.test.js[2m > [22mStudent Service[2m > [22mgetStudentById[2m > [22mshould handle database errors[32m 2[2mms[22m[39m
 [32mÔ£ô[39m api/student/__tests__/student.service.test.js[2m > [22mStudent Service[2m > [22maddStudent[2m > [22mshould add a new student with current school year[32m 7[2mms[22m[39m
 [32mÔ£ô[39m api/student/__tests__/student.service.test.js[2m > [22mStudent Service[2m > [22maddStudent[2m > [22mshould throw error for invalid student data[32m 1[2mms[22m[39m
 [32mÔ£ô[39m api/student/__tests__/student.service.test.js[2m > [22mStudent Service[2m > [22mupdateStudent[2m > [22mshould update an existing student by admin[32m 5[2mms[22m[39m
 [32mÔ£ô[39m api/student/__tests__/student.service.test.js[2m > [22mStudent Service[2m > [22mupdateStudent[2m > [22mshould throw error for invalid student data[32m 1[2mms[22m[39m
 [32mÔ£ô[39m api/student/__tests__/student.service.test.js[2m > [22mStudent Service[2m > [22mupdateStudent[2m > [22mshould throw error if student is not found[32m 3[2mms[22m[39m
 [32mÔ£ô[39m api/student/__tests__/student.service.test.js[2m > [22mStudent Service[2m > [22mupdateStudent[2m > [22mshould handle database errors[32m 4[2mms[22m[39m
 [32mÔ£ô[39m api/student/__tests__/student.service.test.js[2m > [22mStudent Service[2m > [22mremoveStudent[2m > [22mshould deactivate a student (soft delete) by admin[32m 4[2mms[22m[39m
 [32mÔ£ô[39m api/student/__tests__/student.service.test.js[2m > [22mStudent Service[2m > [22mremoveStudent[2m > [22mshould throw error if student is not found (admin removal)[32m 2[2mms[22m[39m
 [32mÔ£ô[39m api/student/__tests__/student.service.test.js[2m > [22mStudent Service[2m > [22mremoveStudent[2m > [22mshould handle database errors[32m 2[2mms[22m[39m
 [32mÔ£ô[39m api/student/__tests__/student.service.test.js[2m > [22mStudent Service[2m > [22mcheckTeacherHasAccessToStudent[2m > [22mshould return true if teacher has access to student[32m 3[2mms[22m[39m
 [32mÔ£ô[39m api/student/__tests__/student.service.test.js[2m > [22mStudent Service[2m > [22mcheckTeacherHasAccessToStudent[2m > [22mshould return false if teacher has no access to student[32m 1[2mms[22m[39m
 [32mÔ£ô[39m api/student/__tests__/student.service.test.js[2m > [22mStudent Service[2m > [22mcheckTeacherHasAccessToStudent[2m > [22mshould handle database errors[32m 2[2mms[22m[39m
 [32mÔ£ô[39m api/student/__tests__/student.service.test.js[2m > [22mStudent Service[2m > [22massociateStudentWithTeacher[2m > [22mshould associate student with teacher[32m 4[2mms[22m[39m
 [32mÔ£ô[39m api/student/__tests__/student.service.test.js[2m > [22mStudent Service[2m > [22massociateStudentWithTeacher[2m > [22mshould handle database errors[32m 9[2mms[22m[39m
 [32mÔ£ô[39m api/student/__tests__/student.service.test.js[2m > [22mStudent Service[2m > [22mremoveStudentTeacherAssociation[2m > [22mshould remove student from teacher[32m 4[2mms[22m[39m
 [32mÔ£ô[39m api/student/__tests__/student.service.test.js[2m > [22mStudent Service[2m > [22mremoveStudentTeacherAssociation[2m > [22mshould handle database errors[32m 5[2mms[22m[39m
 [32mÔ£ô[39m api/student/__tests__/student.service.test.js[2m > [22mStudent Service[2m > [22mFilter building functionality[2m > [22mshould build criteria with class filter[32m 2[2mms[22m[39m
[90mstdout[2m | api/student/__tests__/student.service.test.js[2m > [22m[2mStudent Service[2m > [22m[2mFilter building functionality[2m > [22m[2mshould build criteria with school year filter
[22m[39mstudentService._buildCriteria called with filterBy: {"schoolYearId":"year1"}

[90mstdout[2m | api/student/__tests__/student.service.test.js
[22m[39mStarting global test teardown...
Global test teardown completed

 [32mÔ£ô[39m api/student/__tests__/student.service.test.js[2m > [22mStudent Service[2m > [22mFilter building functionality[2m > [22mshould build criteria with orchestra filter[32m 4[2mms[22m[39m
 [32mÔ£ô[39m api/student/__tests__/student.service.test.js[2m > [22mStudent Service[2m > [22mFilter building functionality[2m > [22mshould build criteria with school year filter[32m 2[2mms[22m[39m
[90mstdout[2m | test/unit/cascadeDeletionService.test.js
[22m[39mStarting global test setup...
Global test setup completed

[90mstdout[2m | api/school-year/__tests__/school-year.service.test.js
[22m[39mStarting global test setup...
Global test setup completed

[90mstdout[2m | test/unit/cascadeDeletionService.test.js[2m > [22m[2mCascade Deletion Service - Unit Tests[2m > [22m[2mcascadeDeleteStudent[2m > [22m[2mshould handle transaction failure with rollback information
[22m[39mRollback available using snapshot ID: snapshot_507f1f77bcf86cd799439011_1771270045574

[90mstdout[2m | test/unit/cascadeDeletionService.test.js[2m > [22m[2mCascade Deletion Service - Unit Tests[2m > [22m[2mEdge Cases and Error Handling[2m > [22m[2mshould handle MongoDB session creation failure
[22m[39mRollback available using snapshot ID: snapshot_507f1f77bcf86cd799439011_1771270045610

[90mstdout[2m | test/unit/cascadeDeletionService.test.js[2m > [22m[2mCascade Deletion Service - Unit Tests[2m > [22m[2mEdge Cases and Error Handling[2m > [22m[2mshould ensure session cleanup on all execution paths
[22m[39mRollback available using snapshot ID: snapshot_507f1f77bcf86cd799439011_1771270045614

[90mstdout[2m | test/unit/cascadeDeletionService.test.js
[22m[39mStarting global test teardown...
Global test teardown completed

 [32mÔ£ô[39m test/unit/cascadeDeletionService.test.js[2m > [22mCascade Deletion Service - Unit Tests[2m > [22mcascadeDeleteStudent[2m > [22mshould successfully delete student with all relationships[32m 5[2mms[22m[39m
 [32mÔ£ô[39m test/unit/cascadeDeletionService.test.js[2m > [22mCascade Deletion Service - Unit Tests[2m > [22mcascadeDeleteStudent[2m > [22mshould fail when student does not exist[32m 13[2mms[22m[39m
 [32mÔ£ô[39m test/unit/cascadeDeletionService.test.js[2m > [22mCascade Deletion Service - Unit Tests[2m > [22mcascadeDeleteStudent[2m > [22mshould fail when student is already inactive[32m 2[2mms[22m[39m
 [32mÔ£ô[39m test/unit/cascadeDeletionService.test.js[2m > [22mCascade Deletion Service - Unit Tests[2m > [22mcascadeDeleteStudent[2m > [22mshould handle transaction failure with rollback information[32m 6[2mms[22m[39m
 [32mÔ£ô[39m test/unit/cascadeDeletionService.test.js[2m > [22mCascade Deletion Service - Unit Tests[2m > [22mcreateDeletionSnapshot[2m > [22mshould create comprehensive snapshot of student data[32m 5[2mms[22m[39m
 [32mÔ£ô[39m test/unit/cascadeDeletionService.test.js[2m > [22mCascade Deletion Service - Unit Tests[2m > [22mcreateDeletionSnapshot[2m > [22mshould handle snapshot creation failure[32m 4[2mms[22m[39m
 [32mÔ£ô[39m test/unit/cascadeDeletionService.test.js[2m > [22mCascade Deletion Service - Unit Tests[2m > [22mexecuteStudentCascade[2m > [22mshould execute all cascade operations within transaction[32m 4[2mms[22m[39m
 [32mÔ£ô[39m test/unit/cascadeDeletionService.test.js[2m > [22mCascade Deletion Service - Unit Tests[2m > [22mexecuteStudentCascade[2m > [22mshould handle teacher timeBlock lesson deactivation[32m 4[2mms[22m[39m
 [32mÔ£ô[39m test/unit/cascadeDeletionService.test.js[2m > [22mCascade Deletion Service - Unit Tests[2m > [22mexecuteStudentCascade[2m > [22mshould handle execution errors properly[32m 3[2mms[22m[39m
 [32mÔ£ô[39m test/unit/cascadeDeletionService.test.js[2m > [22mCascade Deletion Service - Unit Tests[2m > [22mcleanupOrphanedReferences[2m > [22mshould detect and report orphaned references in dry run mode[32m 2[2mms[22m[39m
 [32mÔ£ô[39m test/unit/cascadeDeletionService.test.js[2m > [22mCascade Deletion Service - Unit Tests[2m > [22mcleanupOrphanedReferences[2m > [22mshould handle cleanup errors gracefully[32m 2[2mms[22m[39m
 [32mÔ£ô[39m test/unit/cascadeDeletionService.test.js[2m > [22mCascade Deletion Service - Unit Tests[2m > [22mvalidateDeletionImpact[2m > [22mshould analyze student deletion impact correctly[32m 1[2mms[22m[39m
 [32mÔ£ô[39m test/unit/cascadeDeletionService.test.js[2m > [22mCascade Deletion Service - Unit Tests[2m > [22mvalidateDeletionImpact[2m > [22mshould handle student not found[32m 1[2mms[22m[39m
 [32mÔ£ô[39m test/unit/cascadeDeletionService.test.js[2m > [22mCascade Deletion Service - Unit Tests[2m > [22mvalidateDeletionImpact[2m > [22mshould warn about students with no relationships[32m 1[2mms[22m[39m
 [32mÔ£ô[39m test/unit/cascadeDeletionService.test.js[2m > [22mCascade Deletion Service - Unit Tests[2m > [22mrollbackDeletion[2m > [22mshould successfully rollback deletion from snapshot[32m 1[2mms[22m[39m
 [32mÔ£ô[39m test/unit/cascadeDeletionService.test.js[2m > [22mCascade Deletion Service - Unit Tests[2m > [22mrollbackDeletion[2m > [22mshould handle snapshot not found[32m 1[2mms[22m[39m
 [32mÔ£ô[39m test/unit/cascadeDeletionService.test.js[2m > [22mCascade Deletion Service - Unit Tests[2m > [22mrollbackDeletion[2m > [22mshould handle rollback transaction failure[32m 2[2mms[22m[39m
 [32mÔ£ô[39m test/unit/cascadeDeletionService.test.js[2m > [22mCascade Deletion Service - Unit Tests[2m > [22mgenerateDeletionAuditLog[2m > [22mshould create comprehensive audit log entry[32m 1[2mms[22m[39m
 [32mÔ£ô[39m test/unit/cascadeDeletionService.test.js[2m > [22mCascade Deletion Service - Unit Tests[2m > [22mgenerateDeletionAuditLog[2m > [22mshould handle audit log creation failure gracefully[32m 1[2mms[22m[39m
 [32mÔ£ô[39m test/unit/cascadeDeletionService.test.js[2m > [22mCascade Deletion Service - Unit Tests[2m > [22mEdge Cases and Error Handling[2m > [22mshould handle MongoDB session creation failure[32m 2[2mms[22m[39m
 [32mÔ£ô[39m test/unit/cascadeDeletionService.test.js[2m > [22mCascade Deletion Service - Unit Tests[2m > [22mEdge Cases and Error Handling[2m > [22mshould handle partial operation failures during cascade execution[32m 2[2mms[22m[39m
 [32mÔ£ô[39m test/unit/cascadeDeletionService.test.js[2m > [22mCascade Deletion Service - Unit Tests[2m > [22mEdge Cases and Error Handling[2m > [22mshould ensure session cleanup on all execution paths[32m 2[2mms[22m[39m
 [32mÔ£ô[39m api/school-year/__tests__/school-year.service.test.js[2m > [22mSchool Year Service[2m > [22mgetSchoolYears[2m > [22mshould get all active school years sorted by startDate[32m 10[2mms[22m[39m
 [32mÔ£ô[39m api/school-year/__tests__/school-year.service.test.js[2m > [22mSchool Year Service[2m > [22mgetSchoolYears[2m > [22mshould handle database errors[32m 6[2mms[22m[39m
 [32mÔ£ô[39m api/school-year/__tests__/school-year.service.test.js[2m > [22mSchool Year Service[2m > [22mgetSchoolYearById[2m > [22mshould get a school year by ID[32m 6[2mms[22m[39m
 [32mÔ£ô[39m api/school-year/__tests__/school-year.service.test.js[2m > [22mSchool Year Service[2m > [22mgetSchoolYearById[2m > [22mshould throw error if school year is not found[32m 3[2mms[22m[39m
 [32mÔ£ô[39m api/school-year/__tests__/school-year.service.test.js[2m > [22mSchool Year Service[2m > [22mgetSchoolYearById[2m > [22mshould handle database errors[32m 4[2mms[22m[39m
 [32mÔ£ô[39m api/school-year/__tests__/school-year.service.test.js[2m > [22mSchool Year Service[2m > [22mgetCurrentSchoolYear[2m > [22mshould get the current school year[32m 3[2mms[22m[39m
 [32mÔ£ô[39m api/school-year/__tests__/school-year.service.test.js[2m > [22mSchool Year Service[2m > [22mgetCurrentSchoolYear[2m > [22mshould create a default school year if none exists[32m 3[2mms[22m[39m
 [32mÔ£ô[39m api/school-year/__tests__/school-year.service.test.js[2m > [22mSchool Year Service[2m > [22mgetCurrentSchoolYear[2m > [22mshould handle database errors[32m 2[2mms[22m[39m
 [32mÔ£ô[39m api/school-year/__tests__/school-year.service.test.js[2m > [22mSchool Year Service[2m > [22mcreateSchoolYear[2m > [22mshould create a new school year[32m 8[2mms[22m[39m
 [32mÔ£ô[39m api/school-year/__tests__/school-year.service.test.js[2m > [22mSchool Year Service[2m > [22mcreateSchoolYear[2m > [22mshould update other years when creating a current year[32m 6[2mms[22m[39m
 [32mÔ£ô[39m api/school-year/__tests__/school-year.service.test.js[2m > [22mSchool Year Service[2m > [22mcreateSchoolYear[2m > [22mshould throw error for invalid school year data[32m 3[2mms[22m[39m
 [32mÔ£ô[39m api/school-year/__tests__/school-year.service.test.js[2m > [22mSchool Year Service[2m > [22mcreateSchoolYear[2m > [22mshould handle database errors[32m 4[2mms[22m[39m
 [32mÔ£ô[39m api/school-year/__tests__/school-year.service.test.js[2m > [22mSchool Year Service[2m > [22mupdateSchoolYear[2m > [22mshould update an existing school year[32m 5[2mms[22m[39m
 [32mÔ£ô[39m api/school-year/__tests__/school-year.service.test.js[2m > [22mSchool Year Service[2m > [22mupdateSchoolYear[2m > [22mshould update other years when setting a year as current[32m 4[2mms[22m[39m
 [32mÔ£ô[39m api/school-year/__tests__/school-year.service.test.js[2m > [22mSchool Year Service[2m > [22mupdateSchoolYear[2m > [22mshould throw error for invalid school year data[32m 2[2mms[22m[39m
 [32mÔ£ô[39m api/school-year/__tests__/school-year.service.test.js[2m > [22mSchool Year Service[2m > [22mupdateSchoolYear[2m > [22mshould throw error if school year is not found[32m 2[2mms[22m[39m
 [32mÔ£ô[39m api/school-year/__tests__/school-year.service.test.js[2m > [22mSchool Year Service[2m > [22mupdateSchoolYear[2m > [22mshould handle database errors[32m 2[2mms[22m[39m
 [32mÔ£ô[39m api/school-year/__tests__/school-year.service.test.js[2m > [22mSchool Year Service[2m > [22msetCurrentSchoolYear[2m > [22mshould set a school year as current[32m 2[2mms[22m[39m
 [32mÔ£ô[39m api/school-year/__tests__/school-year.service.test.js[2m > [22mSchool Year Service[2m > [22msetCurrentSchoolYear[2m > [22mshould throw error if school year is not found[32m 6[2mms[22m[39m
 [32mÔ£ô[39m api/school-year/__tests__/school-year.service.test.js[2m > [22mSchool Year Service[2m > [22msetCurrentSchoolYear[2m > [22mshould handle database errors[32m 3[2mms[22m[39m
 [32mÔ£ô[39m api/school-year/__tests__/school-year.service.test.js[2m > [22mSchool Year Service[2m > [22mrolloverToNewYear[2m > [22mshould rollover to a new school year[32m 6[2mms[22m[39m
[90mstdout[2m | api/school-year/__tests__/school-year.service.test.js
[22m[39mStarting global test teardown...
Global test teardown completed

 [32mÔ£ô[39m api/school-year/__tests__/school-year.service.test.js[2m > [22mSchool Year Service[2m > [22mrolloverToNewYear[2m > [22mshould handle database errors[32m 4[2mms[22m[39m
[90mstdout[2m | api/bagrut/__tests__/bagrut.service.test.js
[22m[39mStarting global test setup...
Global test setup completed

[90mstdout[2m | api/bagrut/__tests__/bagrut.service.test.js
[22m[39mStarting global test teardown...
Global test teardown completed

 [32mÔ£ô[39m api/bagrut/__tests__/bagrut.service.test.js[2m > [22mBagrut Service[2m > [22mgetBagruts[2m > [22mshould get all bagruts with default filter[32m 5[2mms[22m[39m
 [32mÔ£ô[39m api/bagrut/__tests__/bagrut.service.test.js[2m > [22mBagrut Service[2m > [22mgetBagruts[2m > [22mshould apply studentId filter correctly[32m 1[2mms[22m[39m
 [32mÔ£ô[39m api/bagrut/__tests__/bagrut.service.test.js[2m > [22mBagrut Service[2m > [22mgetBagruts[2m > [22mshould apply teacherId filter correctly[32m 1[2mms[22m[39m
 [32mÔ£ô[39m api/bagrut/__tests__/bagrut.service.test.js[2m > [22mBagrut Service[2m > [22mgetBagruts[2m > [22mshould include inactive bagruts when showInactive is true[32m 1[2mms[22m[39m
 [32mÔ£ô[39m api/bagrut/__tests__/bagrut.service.test.js[2m > [22mBagrut Service[2m > [22mgetBagruts[2m > [22mshould handle database errors[32m 2[2mms[22m[39m
 [32mÔ£ô[39m api/bagrut/__tests__/bagrut.service.test.js[2m > [22mBagrut Service[2m > [22mgetBagrutById[2m > [22mshould get a bagrut by ID[32m 3[2mms[22m[39m
 [32mÔ£ô[39m api/bagrut/__tests__/bagrut.service.test.js[2m > [22mBagrut Service[2m > [22mgetBagrutById[2m > [22mshould throw error if bagrut is not found[32m 1[2mms[22m[39m
 [32mÔ£ô[39m api/bagrut/__tests__/bagrut.service.test.js[2m > [22mBagrut Service[2m > [22mgetBagrutById[2m > [22mshould handle database errors[32m 2[2mms[22m[39m
 [32mÔ£ô[39m api/bagrut/__tests__/bagrut.service.test.js[2m > [22mBagrut Service[2m > [22mgetBagrutByStudentId[2m > [22mshould get a bagrut by student ID[32m 1[2mms[22m[39m
 [32mÔ£ô[39m api/bagrut/__tests__/bagrut.service.test.js[2m > [22mBagrut Service[2m > [22mgetBagrutByStudentId[2m > [22mshould return null if no bagrut found for student[32m 1[2mms[22m[39m
 [32mÔ£ô[39m api/bagrut/__tests__/bagrut.service.test.js[2m > [22mBagrut Service[2m > [22mgetBagrutByStudentId[2m > [22mshould handle database errors[32m 1[2mms[22m[39m
 [32mÔ£ô[39m api/bagrut/__tests__/bagrut.service.test.js[2m > [22mBagrut Service[2m > [22maddBagrut[2m > [22mshould add a new bagrut and update student record[32m 1[2mms[22m[39m
 [32mÔ£ô[39m api/bagrut/__tests__/bagrut.service.test.js[2m > [22mBagrut Service[2m > [22maddBagrut[2m > [22mshould throw error if student already has an active bagrut[32m 1[2mms[22m[39m
 [32mÔ£ô[39m api/bagrut/__tests__/bagrut.service.test.js[2m > [22mBagrut Service[2m > [22maddBagrut[2m > [22mshould throw error for invalid bagrut data[32m 1[2mms[22m[39m
 [32mÔ£ô[39m api/bagrut/__tests__/bagrut.service.test.js[2m > [22mBagrut Service[2m > [22maddBagrut[2m > [22mshould handle database errors[32m 1[2mms[22m[39m
 [32mÔ£ô[39m api/bagrut/__tests__/bagrut.service.test.js[2m > [22mBagrut Service[2m > [22mupdateBagrut[2m > [22mshould update an existing bagrut[32m 1[2mms[22m[39m
 [32mÔ£ô[39m api/bagrut/__tests__/bagrut.service.test.js[2m > [22mBagrut Service[2m > [22mupdateBagrut[2m > [22mshould throw error for invalid bagrut data[32m 1[2mms[22m[39m
 [32mÔ£ô[39m api/bagrut/__tests__/bagrut.service.test.js[2m > [22mBagrut Service[2m > [22mupdateBagrut[2m > [22mshould throw error if bagrut is not found[32m 1[2mms[22m[39m
 [32mÔ£ô[39m api/bagrut/__tests__/bagrut.service.test.js[2m > [22mBagrut Service[2m > [22mupdateBagrut[2m > [22mshould handle database errors[32m 1[2mms[22m[39m
 [32mÔ£ô[39m api/bagrut/__tests__/bagrut.service.test.js[2m > [22mBagrut Service[2m > [22mupdatePresentation[2m > [22mshould update a specific presentation index[32m 3[2mms[22m[39m
 [32mÔ£ô[39m api/bagrut/__tests__/bagrut.service.test.js[2m > [22mBagrut Service[2m > [22mupdatePresentation[2m > [22mshould throw error for invalid presentation index[32m 4[2mms[22m[39m
 [32mÔ£ô[39m api/bagrut/__tests__/bagrut.service.test.js[2m > [22mBagrut Service[2m > [22mupdatePresentation[2m > [22mshould throw error if bagrut is not found[32m 1[2mms[22m[39m
 [32mÔ£ô[39m api/bagrut/__tests__/bagrut.service.test.js[2m > [22mBagrut Service[2m > [22mupdatePresentation[2m > [22mshould handle database errors[32m 1[2mms[22m[39m
 [32mÔ£ô[39m api/bagrut/__tests__/bagrut.service.test.js[2m > [22mBagrut Service[2m > [22mupdateMagenBagrut[2m > [22mshould update the magen bagrut data[32m 1[2mms[22m[39m
 [32mÔ£ô[39m api/bagrut/__tests__/bagrut.service.test.js[2m > [22mBagrut Service[2m > [22mupdateMagenBagrut[2m > [22mshould throw error if bagrut is not found[32m 1[2mms[22m[39m
 [32mÔ£ô[39m api/bagrut/__tests__/bagrut.service.test.js[2m > [22mBagrut Service[2m > [22mupdateMagenBagrut[2m > [22mshould handle database errors[32m 1[2mms[22m[39m
 [32mÔ£ô[39m api/bagrut/__tests__/bagrut.service.test.js[2m > [22mBagrut Service[2m > [22maddDocument[2m > [22mshould add a document to bagrut[32m 2[2mms[22m[39m
 [32mÔ£ô[39m api/bagrut/__tests__/bagrut.service.test.js[2m > [22mBagrut Service[2m > [22maddDocument[2m > [22mshould throw error if bagrut is not found[32m 1[2mms[22m[39m
 [32mÔ£ô[39m api/bagrut/__tests__/bagrut.service.test.js[2m > [22mBagrut Service[2m > [22maddDocument[2m > [22mshould handle database errors[32m 1[2mms[22m[39m
 [32mÔ£ô[39m api/bagrut/__tests__/bagrut.service.test.js[2m > [22mBagrut Service[2m > [22mremoveDocument[2m > [22mshould remove a document from bagrut[32m 1[2mms[22m[39m
 [32mÔ£ô[39m api/bagrut/__tests__/bagrut.service.test.js[2m > [22mBagrut Service[2m > [22mremoveDocument[2m > [22mshould throw error if bagrut is not found[32m 1[2mms[22m[39m
 [32mÔ£ô[39m api/bagrut/__tests__/bagrut.service.test.js[2m > [22mBagrut Service[2m > [22mremoveDocument[2m > [22mshould handle database errors[32m 1[2mms[22m[39m
 [32mÔ£ô[39m api/bagrut/__tests__/bagrut.service.test.js[2m > [22mBagrut Service[2m > [22maddProgramPiece[2m > [22mshould add a program piece to bagrut[32m 1[2mms[22m[39m
 [32mÔ£ô[39m api/bagrut/__tests__/bagrut.service.test.js[2m > [22mBagrut Service[2m > [22maddProgramPiece[2m > [22mshould throw error if bagrut is not found[32m 1[2mms[22m[39m
 [32mÔ£ô[39m api/bagrut/__tests__/bagrut.service.test.js[2m > [22mBagrut Service[2m > [22maddProgramPiece[2m > [22mshould handle database errors[32m 1[2mms[22m[39m
 [32mÔ£ô[39m api/bagrut/__tests__/bagrut.service.test.js[2m > [22mBagrut Service[2m > [22mremoveProgramPiece[2m > [22mshould remove a program piece from bagrut[32m 1[2mms[22m[39m
 [32mÔ£ô[39m api/bagrut/__tests__/bagrut.service.test.js[2m > [22mBagrut Service[2m > [22mremoveProgramPiece[2m > [22mshould throw error if bagrut is not found[32m 1[2mms[22m[39m
 [32mÔ£ô[39m api/bagrut/__tests__/bagrut.service.test.js[2m > [22mBagrut Service[2m > [22mremoveProgramPiece[2m > [22mshould handle database errors[32m 1[2mms[22m[39m
 [32mÔ£ô[39m api/bagrut/__tests__/bagrut.service.test.js[2m > [22mBagrut Service[2m > [22maddAccompanist[2m > [22mshould add an accompanist to bagrut[32m 1[2mms[22m[39m
 [32mÔ£ô[39m api/bagrut/__tests__/bagrut.service.test.js[2m > [22mBagrut Service[2m > [22maddAccompanist[2m > [22mshould throw error if bagrut is not found[32m 1[2mms[22m[39m
 [32mÔ£ô[39m api/bagrut/__tests__/bagrut.service.test.js[2m > [22mBagrut Service[2m > [22maddAccompanist[2m > [22mshould handle database errors[32m 1[2mms[22m[39m
 [32mÔ£ô[39m api/bagrut/__tests__/bagrut.service.test.js[2m > [22mBagrut Service[2m > [22mremoveAccompanist[2m > [22mshould remove an accompanist from bagrut[32m 2[2mms[22m[39m
 [32mÔ£ô[39m api/bagrut/__tests__/bagrut.service.test.js[2m > [22mBagrut Service[2m > [22mremoveAccompanist[2m > [22mshould throw error if bagrut is not found[32m 2[2mms[22m[39m
 [32mÔ£ô[39m api/bagrut/__tests__/bagrut.service.test.js[2m > [22mBagrut Service[2m > [22mremoveAccompanist[2m > [22mshould handle database errors[32m 2[2mms[22m[39m
[90mstdout[2m | api/auth/__tests__/auth.route.test.js
[22m[39mStarting global test setup...
Global test setup completed

[90mstdout[2m | api/auth/__tests__/auth.route.test.js
[22m[39mStarting global test teardown...
Global test teardown completed

 [32mÔ£ô[39m api/auth/__tests__/auth.route.test.js[2m > [22mAuth Routes[2m > [22mPOST /api/auth/login[2m > [22mshould route to login controller[32m 40[2mms[22m[39m
 [32mÔ£ô[39m api/auth/__tests__/auth.route.test.js[2m > [22mAuth Routes[2m > [22mPOST /api/auth/refresh[2m > [22mshould route to refresh controller[32m 11[2mms[22m[39m
 [32mÔ£ô[39m api/auth/__tests__/auth.route.test.js[2m > [22mAuth Routes[2m > [22mPOST /api/auth/logout[2m > [22mshould route to logout controller and use authentication middleware[32m 11[2mms[22m[39m
 [32mÔ£ô[39m api/auth/__tests__/auth.route.test.js[2m > [22mAuth Routes[2m > [22mPOST /api/auth/init-admin[2m > [22mshould route to initAdmin controller[32m 9[2mms[22m[39m
 [32mÔ£ô[39m api/auth/__tests__/auth.route.test.js[2m > [22mAuth Routes[2m > [22mError handling[2m > [22mshould handle login errors[32m 7[2mms[22m[39m
 [32mÔ£ô[39m api/auth/__tests__/auth.route.test.js[2m > [22mAuth Routes[2m > [22mError handling[2m > [22mshould handle refresh token errors[32m 7[2mms[22m[39m
 [32mÔ£ô[39m api/auth/__tests__/auth.route.test.js[2m > [22mAuth Routes[2m > [22mError handling[2m > [22mshould handle authentication errors in protected routes[32m 8[2mms[22m[39m
[90mstdout[2m | test/unit/dateHelpers.test.js
[22m[39mStarting global test setup...
Global test setup completed

[90mstdout[2m | test/unit/dateHelpers.test.js
[22m[39mStarting global test teardown...
Global test teardown completed

 [32mÔ£ô[39m test/unit/dateHelpers.test.js[2m > [22mDate Helpers[2m > [22mConfiguration[2m > [22mshould return correct app timezone[32m 2[2mms[22m[39m
 [32mÔ£ô[39m test/unit/dateHelpers.test.js[2m > [22mDate Helpers[2m > [22mDate Creation[2m > [22mshould create app date with timezone[32m 28[2mms[22m[39m
 [32mÔ£ô[39m test/unit/dateHelpers.test.js[2m > [22mDate Helpers[2m > [22mDate Creation[2m > [22mshould create current date when no input provided[32m 1[2mms[22m[39m
 [32mÔ£ô[39m test/unit/dateHelpers.test.js[2m > [22mDate Helpers[2m > [22mDate Creation[2m > [22mshould get current date in app timezone[32m 1[2mms[22m[39m
 [32mÔ£ô[39m test/unit/dateHelpers.test.js[2m > [22mDate Helpers[2m > [22mDate Creation[2m > [22mshould get today at start of day[32m 5[2mms[22m[39m
 [32mÔ£ô[39m test/unit/dateHelpers.test.js[2m > [22mDate Helpers[2m > [22mUTC Conversion[2m > [22mshould convert to UTC for database storage[32m 1[2mms[22m[39m
 [32mÔ£ô[39m test/unit/dateHelpers.test.js[2m > [22mDate Helpers[2m > [22mUTC Conversion[2m > [22mshould convert from UTC to app timezone[32m 1[2mms[22m[39m
 [32mÔ£ô[39m test/unit/dateHelpers.test.js[2m > [22mDate Helpers[2m > [22mDay Boundaries[2m > [22mshould get start of day in app timezone[32m 1[2mms[22m[39m
 [32mÔ£ô[39m test/unit/dateHelpers.test.js[2m > [22mDate Helpers[2m > [22mDay Boundaries[2m > [22mshould get end of day in app timezone[32m 1[2mms[22m[39m
 [32mÔ£ô[39m test/unit/dateHelpers.test.js[2m > [22mDate Helpers[2m > [22mDate Validation[2m > [22mshould validate valid dates[32m 0[2mms[22m[39m
 [32mÔ£ô[39m test/unit/dateHelpers.test.js[2m > [22mDate Helpers[2m > [22mDate Validation[2m > [22mshould reject invalid dates[32m 0[2mms[22m[39m
 [32mÔ£ô[39m test/unit/dateHelpers.test.js[2m > [22mDate Helpers[2m > [22mDate Validation[2m > [22mshould validate date ranges[32m 0[2mms[22m[39m
 [32mÔ£ô[39m test/unit/dateHelpers.test.js[2m > [22mDate Helpers[2m > [22mDate Formatting[2m > [22mshould format date correctly[32m 1[2mms[22m[39m
 [32mÔ£ô[39m test/unit/dateHelpers.test.js[2m > [22mDate Helpers[2m > [22mDate Formatting[2m > [22mshould format datetime correctly[32m 1[2mms[22m[39m
 [32mÔ£ô[39m test/unit/dateHelpers.test.js[2m > [22mDate Helpers[2m > [22mDate Formatting[2m > [22mshould use default formats[32m 1[2mms[22m[39m
 [32mÔ£ô[39m test/unit/dateHelpers.test.js[2m > [22mDate Helpers[2m > [22mDate Parsing[2m > [22mshould parse date strings[32m 1[2mms[22m[39m
 [32mÔ£ô[39m test/unit/dateHelpers.test.js[2m > [22mDate Helpers[2m > [22mDate Parsing[2m > [22mshould parse with custom format[32m 2[2mms[22m[39m
 [32mÔ£ô[39m test/unit/dateHelpers.test.js[2m > [22mDate Helpers[2m > [22mDate Comparison[2m > [22mshould check if same day[32m 2[2mms[22m[39m
 [32mÔ£ô[39m test/unit/dateHelpers.test.js[2m > [22mDate Helpers[2m > [22mDate Comparison[2m > [22mshould check before/after[32m 0[2mms[22m[39m
 [32mÔ£ô[39m test/unit/dateHelpers.test.js[2m > [22mDate Helpers[2m > [22mDate Comparison[2m > [22mshould calculate difference[32m 0[2mms[22m[39m
 [32mÔ£ô[39m test/unit/dateHelpers.test.js[2m > [22mDate Helpers[2m > [22mDate Arithmetic[2m > [22mshould add time correctly[32m 1[2mms[22m[39m
 [32mÔ£ô[39m test/unit/dateHelpers.test.js[2m > [22mDate Helpers[2m > [22mDate Arithmetic[2m > [22mshould subtract time correctly[32m 1[2mms[22m[39m
 [32mÔ£ô[39m test/unit/dateHelpers.test.js[2m > [22mDate Helpers[2m > [22mDay of Week[2m > [22mshould get correct day of week[32m 0[2mms[22m[39m
 [32mÔ£ô[39m test/unit/dateHelpers.test.js[2m > [22mDate Helpers[2m > [22mDate Generation[2m > [22mshould generate weekly recurring dates[32m 4[2mms[22m[39m
 [32mÔ£ô[39m test/unit/dateHelpers.test.js[2m > [22mDate Helpers[2m > [22mDate Generation[2m > [22mshould exclude specified dates[32m 3[2mms[22m[39m
 [32mÔ£ô[39m test/unit/dateHelpers.test.js[2m > [22mDate Helpers[2m > [22mDate Generation[2m > [22mshould handle edge cases[32m 6[2mms[22m[39m
 [32mÔ£ô[39m test/unit/dateHelpers.test.js[2m > [22mDate Helpers[2m > [22mUtility Functions[2m > [22mshould convert to ISO string[32m 1[2mms[22m[39m
 [32mÔ£ô[39m test/unit/dateHelpers.test.js[2m > [22mDate Helpers[2m > [22mUtility Functions[2m > [22mshould convert to native Date[32m 1[2mms[22m[39m
 [32mÔ£ô[39m test/unit/dateHelpers.test.js[2m > [22mDate Helpers[2m > [22mUtility Functions[2m > [22mshould create date with specific time[32m 1[2mms[22m[39m
 [32mÔ£ô[39m test/unit/dateHelpers.test.js[2m > [22mDate Helpers[2m > [22mEdge Cases[2m > [22mshould handle null and undefined inputs gracefully[32m 1[2mms[22m[39m
 [32mÔ£ô[39m test/unit/dateHelpers.test.js[2m > [22mDate Helpers[2m > [22mEdge Cases[2m > [22mshould handle timezone transitions[32m 1[2mms[22m[39m
[90mstdout[2m | api/teacher/__tests__/teacher.controller.test.js
[22m[39mStarting global test setup...
Global test setup completed

[90mstdout[2m | api/teacher/__tests__/teacher.controller.test.js[2m > [22m[2mTeacher Controller[2m > [22m[2mgetTeacherById[2m > [22m[2mshould get a teacher by ID
[22m[39mController: Getting teacher by ID: 6579e36c83c8b3a5c2df8a8b

[90mstdout[2m | api/teacher/__tests__/teacher.controller.test.js[2m > [22m[2mTeacher Controller[2m > [22m[2mgetTeacherById[2m > [22m[2mshould handle errors and pass them to next middleware
[22m[39mController: Getting teacher by ID: invalid-id

[90mstdout[2m | api/teacher/__tests__/teacher.controller.test.js[2m > [22m[2mTeacher Controller[2m > [22m[2maddTeacher[2m > [22m[2mshould add a new teacher
[22m[39m=== ADD TEACHER CONTROLLER ===
Request method: [90mundefined[39m
Request path: [90mundefined[39m
Request body keys: [ [32m'personalInfo'[39m, [32m'roles'[39m ]
Admin user: new ObjectId([32m'6579e36c83c8b3a5c2df8a8b'[39m)
Is admin flag: [33mtrue[39m
=================================

[90mstdout[2m | api/teacher/__tests__/teacher.controller.test.js[2m > [22m[2mTeacher Controller[2m > [22m[2maddTeacher[2m > [22m[2mshould handle errors and pass them to next middleware
[22m[39m=== ADD TEACHER CONTROLLER ===
Request method: [90mundefined[39m
Request path: [90mundefined[39m
Request body keys: [ [32m'invalidData'[39m ]
Admin user: new ObjectId([32m'6579e36c83c8b3a5c2df8a8b'[39m)
Is admin flag: [33mtrue[39m
=================================

[90mstdout[2m | api/teacher/__tests__/teacher.controller.test.js
[22m[39mStarting global test teardown...
Global test teardown completed

 [32mÔ£ô[39m api/teacher/__tests__/teacher.controller.test.js[2m > [22mTeacher Controller[2m > [22mgetTeachers[2m > [22mshould get all teachers with correct filters[32m 5[2mms[22m[39m
 [32mÔ£ô[39m api/teacher/__tests__/teacher.controller.test.js[2m > [22mTeacher Controller[2m > [22mgetTeachers[2m > [22mshould handle errors and pass them to next middleware[32m 1[2mms[22m[39m
 [32mÔ£ô[39m api/teacher/__tests__/teacher.controller.test.js[2m > [22mTeacher Controller[2m > [22mgetTeacherById[2m > [22mshould get a teacher by ID[32m 2[2mms[22m[39m
 [32mÔ£ô[39m api/teacher/__tests__/teacher.controller.test.js[2m > [22mTeacher Controller[2m > [22mgetTeacherById[2m > [22mshould handle errors and pass them to next middleware[32m 4[2mms[22m[39m
 [32mÔ£ô[39m api/teacher/__tests__/teacher.controller.test.js[2m > [22mTeacher Controller[2m > [22mgetTeacherByRole[2m > [22mshould get teachers by role[32m 2[2mms[22m[39m
 [32mÔ£ô[39m api/teacher/__tests__/teacher.controller.test.js[2m > [22mTeacher Controller[2m > [22mgetTeacherByRole[2m > [22mshould handle errors and pass them to next middleware[32m 1[2mms[22m[39m
 [32mÔ£ô[39m api/teacher/__tests__/teacher.controller.test.js[2m > [22mTeacher Controller[2m > [22maddTeacher[2m > [22mshould add a new teacher[32m 7[2mms[22m[39m
 [32mÔ£ô[39m api/teacher/__tests__/teacher.controller.test.js[2m > [22mTeacher Controller[2m > [22maddTeacher[2m > [22mshould handle errors and pass them to next middleware[32m 3[2mms[22m[39m
 [32mÔ£ô[39m api/teacher/__tests__/teacher.controller.test.js[2m > [22mTeacher Controller[2m > [22mupdateTeacher[2m > [22mshould update an existing teacher[32m 2[2mms[22m[39m
 [32mÔ£ô[39m api/teacher/__tests__/teacher.controller.test.js[2m > [22mTeacher Controller[2m > [22mupdateTeacher[2m > [22mshould handle errors and pass them to next middleware[32m 2[2mms[22m[39m
 [32mÔ£ô[39m api/teacher/__tests__/teacher.controller.test.js[2m > [22mTeacher Controller[2m > [22mremoveTeacher[2m > [22mshould remove (deactivate) a teacher[32m 2[2mms[22m[39m
 [32mÔ£ô[39m api/teacher/__tests__/teacher.controller.test.js[2m > [22mTeacher Controller[2m > [22mremoveTeacher[2m > [22mshould handle errors and pass them to next middleware[32m 1[2mms[22m[39m
[90mstdout[2m | api/orchestra/__tests__/orchestra.service.test.js
[22m[39mStarting global test setup...
Global test setup completed

[90mstdout[2m | api/orchestra/__tests__/orchestra.service.test.js
[22m[39mStarting global test teardown...
Global test teardown completed

 [32mÔ£ô[39m api/orchestra/__tests__/orchestra.service.test.js[2m > [22mOrchestra Service[2m > [22mgetOrchestras[2m > [22mshould get all orchestras with default filter[32m 3[2mms[22m[39m
 [32mÔ£ô[39m api/orchestra/__tests__/orchestra.service.test.js[2m > [22mOrchestra Service[2m > [22mgetOrchestras[2m > [22mshould handle database errors[32m 2[2mms[22m[39m
 [32mÔ£ô[39m api/orchestra/__tests__/orchestra.service.test.js[2m > [22mOrchestra Service[2m > [22mgetOrchestras[2m > [22mshould throw TENANT_GUARD when no tenantId provided[32m 1[2mms[22m[39m
 [32mÔ£ô[39m api/orchestra/__tests__/orchestra.service.test.js[2m > [22mOrchestra Service[2m > [22mgetOrchestraById[2m > [22mshould get an orchestra by ID[32m 1[2mms[22m[39m
 [32mÔ£ô[39m api/orchestra/__tests__/orchestra.service.test.js[2m > [22mOrchestra Service[2m > [22mgetOrchestraById[2m > [22mshould throw error if orchestra is not found[32m 1[2mms[22m[39m
 [32mÔ£ô[39m api/orchestra/__tests__/orchestra.service.test.js[2m > [22mOrchestra Service[2m > [22mgetOrchestraById[2m > [22mshould handle database errors[32m 2[2mms[22m[39m
 [32mÔ£ô[39m api/orchestra/__tests__/orchestra.service.test.js[2m > [22mOrchestra Service[2m > [22maddOrchestra[2m > [22mshould add a new orchestra[32m 2[2mms[22m[39m
 [32mÔ£ô[39m api/orchestra/__tests__/orchestra.service.test.js[2m > [22mOrchestra Service[2m > [22maddOrchestra[2m > [22mshould use current school year if not provided[32m 1[2mms[22m[39m
 [32mÔ£ô[39m api/orchestra/__tests__/orchestra.service.test.js[2m > [22mOrchestra Service[2m > [22maddOrchestra[2m > [22mshould throw error for invalid orchestra data[32m 1[2mms[22m[39m
 [32mÔ£ô[39m api/orchestra/__tests__/orchestra.service.test.js[2m > [22mOrchestra Service[2m > [22mupdateOrchestra[2m > [22mshould update an orchestra when user is admin[32m 1[2mms[22m[39m
 [32mÔ£ô[39m api/orchestra/__tests__/orchestra.service.test.js[2m > [22mOrchestra Service[2m > [22mupdateOrchestra[2m > [22mshould throw error when non-admin non-conductor tries to update[32m 1[2mms[22m[39m
 [32mÔ£ô[39m api/orchestra/__tests__/orchestra.service.test.js[2m > [22mOrchestra Service[2m > [22mremoveOrchestra[2m > [22mshould deactivate an orchestra when user is admin[32m 4[2mms[22m[39m
 [32mÔ£ô[39m api/orchestra/__tests__/orchestra.service.test.js[2m > [22mOrchestra Service[2m > [22mremoveOrchestra[2m > [22mshould throw error when non-admin tries to remove orchestra[32m 1[2mms[22m[39m
 [32mÔ£ô[39m api/orchestra/__tests__/orchestra.service.test.js[2m > [22mOrchestra Service[2m > [22maddMember[2m > [22mshould add member to orchestra when user is admin[32m 1[2mms[22m[39m
 [32mÔ£ô[39m api/orchestra/__tests__/orchestra.service.test.js[2m > [22mOrchestra Service[2m > [22maddMember[2m > [22mshould throw error when orchestra is not found[32m 3[2mms[22m[39m
 [32mÔ£ô[39m api/orchestra/__tests__/orchestra.service.test.js[2m > [22mOrchestra Service[2m > [22mremoveMember[2m > [22mshould remove member from orchestra when user is conductor[32m 1[2mms[22m[39m
 [32mÔ£ô[39m api/orchestra/__tests__/orchestra.service.test.js[2m > [22mOrchestra Service[2m > [22mupdateRehearsalAttendance[2m > [22mshould update rehearsal attendance[32m 1[2mms[22m[39m
 [32mÔ£ô[39m api/orchestra/__tests__/orchestra.service.test.js[2m > [22mOrchestra Service[2m > [22mupdateRehearsalAttendance[2m > [22mshould throw error when rehearsal is not found[32m 1[2mms[22m[39m
 [32mÔ£ô[39m api/orchestra/__tests__/orchestra.service.test.js[2m > [22mOrchestra Service[2m > [22mgetStudentAttendanceStats[2m > [22mshould get attendance statistics for a student[32m 3[2mms[22m[39m
 [32mÔ£ô[39m api/orchestra/__tests__/orchestra.service.test.js[2m > [22mOrchestra Service[2m > [22mgetStudentAttendanceStats[2m > [22mshould return message when no attendance records found[32m 2[2mms[22m[39m
[90mstdout[2m | api/bagrut/__tests__/bagrut.controller.test.js
[22m[39mStarting global test setup...
Global test setup completed

[90mstdout[2m | api/bagrut/__tests__/bagrut.controller.test.js
[22m[39mStarting global test teardown...
Global test teardown completed

 [32mÔ£ô[39m api/bagrut/__tests__/bagrut.controller.test.js[2m > [22mBagrut Controller[2m > [22mgetBagruts[2m > [22mshould get all bagruts with correct filters[32m 4[2mms[22m[39m
 [32mÔ£ô[39m api/bagrut/__tests__/bagrut.controller.test.js[2m > [22mBagrut Controller[2m > [22mgetBagruts[2m > [22mshould handle errors and pass them to next middleware[32m 1[2mms[22m[39m
 [32mÔ£ô[39m api/bagrut/__tests__/bagrut.controller.test.js[2m > [22mBagrut Controller[2m > [22mgetBagrutById[2m > [22mshould get bagrut from req object (set by middleware)[32m 1[2mms[22m[39m
 [32mÔ£ô[39m api/bagrut/__tests__/bagrut.controller.test.js[2m > [22mBagrut Controller[2m > [22mgetBagrutById[2m > [22mshould handle errors and pass them to next middleware[32m 1[2mms[22m[39m
 [32mÔ£ô[39m api/bagrut/__tests__/bagrut.controller.test.js[2m > [22mBagrut Controller[2m > [22mgetBagrutByStudentId[2m > [22mshould get bagrut by student ID[32m 1[2mms[22m[39m
 [32mÔ£ô[39m api/bagrut/__tests__/bagrut.controller.test.js[2m > [22mBagrut Controller[2m > [22mgetBagrutByStudentId[2m > [22mshould return 404 if no bagrut found for student[32m 1[2mms[22m[39m
 [32mÔ£ô[39m api/bagrut/__tests__/bagrut.controller.test.js[2m > [22mBagrut Controller[2m > [22mgetBagrutByStudentId[2m > [22mshould handle errors and pass them to next middleware[32m 1[2mms[22m[39m
 [32mÔ£ô[39m api/bagrut/__tests__/bagrut.controller.test.js[2m > [22mBagrut Controller[2m > [22maddBagrut[2m > [22mshould add a new bagrut[32m 1[2mms[22m[39m
 [32mÔ£ô[39m api/bagrut/__tests__/bagrut.controller.test.js[2m > [22mBagrut Controller[2m > [22maddBagrut[2m > [22mshould handle errors and pass them to next middleware[32m 1[2mms[22m[39m
 [32mÔ£ô[39m api/bagrut/__tests__/bagrut.controller.test.js[2m > [22mBagrut Controller[2m > [22mupdateBagrut[2m > [22mshould update an existing bagrut[32m 1[2mms[22m[39m
 [32mÔ£ô[39m api/bagrut/__tests__/bagrut.controller.test.js[2m > [22mBagrut Controller[2m > [22mupdateBagrut[2m > [22mshould handle errors and pass them to next middleware[32m 0[2mms[22m[39m
 [32mÔ£ô[39m api/bagrut/__tests__/bagrut.controller.test.js[2m > [22mBagrut Controller[2m > [22mupdatePresentation[2m > [22mshould update a specific presentation[32m 1[2mms[22m[39m
 [32mÔ£ô[39m api/bagrut/__tests__/bagrut.controller.test.js[2m > [22mBagrut Controller[2m > [22mupdatePresentation[2m > [22mshould handle errors and pass them to next middleware[32m 0[2mms[22m[39m
 [32mÔ£ô[39m api/bagrut/__tests__/bagrut.controller.test.js[2m > [22mBagrut Controller[2m > [22mupdateMagenBagrut[2m > [22mshould update magen bagrut data[32m 1[2mms[22m[39m
 [32mÔ£ô[39m api/bagrut/__tests__/bagrut.controller.test.js[2m > [22mBagrut Controller[2m > [22mupdateMagenBagrut[2m > [22mshould handle errors and pass them to next middleware[32m 0[2mms[22m[39m
 [32mÔ£ô[39m api/bagrut/__tests__/bagrut.controller.test.js[2m > [22mBagrut Controller[2m > [22maddDocument[2m > [22mshould return 400 if no file information available[32m 1[2mms[22m[39m
 [32mÔ£ô[39m api/bagrut/__tests__/bagrut.controller.test.js[2m > [22mBagrut Controller[2m > [22maddDocument[2m > [22mshould add a document to bagrut[32m 1[2mms[22m[39m
 [32mÔ£ô[39m api/bagrut/__tests__/bagrut.controller.test.js[2m > [22mBagrut Controller[2m > [22maddDocument[2m > [22mshould use originalname as title if title not provided[32m 2[2mms[22m[39m
 [32mÔ£ô[39m api/bagrut/__tests__/bagrut.controller.test.js[2m > [22mBagrut Controller[2m > [22maddDocument[2m > [22mshould handle errors and pass them to next middleware[32m 1[2mms[22m[39m
 [32mÔ£ô[39m api/bagrut/__tests__/bagrut.controller.test.js[2m > [22mBagrut Controller[2m > [22mremoveDocument[2m > [22mshould remove a document and delete the file[32m 1[2mms[22m[39m
 [32mÔ£ô[39m api/bagrut/__tests__/bagrut.controller.test.js[2m > [22mBagrut Controller[2m > [22mremoveDocument[2m > [22mshould continue even if file deletion fails[32m 2[2mms[22m[39m
 [32mÔ£ô[39m api/bagrut/__tests__/bagrut.controller.test.js[2m > [22mBagrut Controller[2m > [22mremoveDocument[2m > [22mshould handle errors and pass them to next middleware[32m 1[2mms[22m[39m
 [32mÔ£ô[39m api/bagrut/__tests__/bagrut.controller.test.js[2m > [22mBagrut Controller[2m > [22maddProgramPiece[2m > [22mshould add a program piece to bagrut[32m 1[2mms[22m[39m
 [32mÔ£ô[39m api/bagrut/__tests__/bagrut.controller.test.js[2m > [22mBagrut Controller[2m > [22maddProgramPiece[2m > [22mshould handle errors and pass them to next middleware[32m 0[2mms[22m[39m
 [32mÔ£ô[39m api/bagrut/__tests__/bagrut.controller.test.js[2m > [22mBagrut Controller[2m > [22mremoveProgramPiece[2m > [22mshould remove a program piece from bagrut[32m 0[2mms[22m[39m
 [32mÔ£ô[39m api/bagrut/__tests__/bagrut.controller.test.js[2m > [22mBagrut Controller[2m > [22mremoveProgramPiece[2m > [22mshould handle errors and pass them to next middleware[32m 0[2mms[22m[39m
 [32mÔ£ô[39m api/bagrut/__tests__/bagrut.controller.test.js[2m > [22mBagrut Controller[2m > [22maddAccompanist[2m > [22mshould add an accompanist to bagrut[32m 1[2mms[22m[39m
 [32mÔ£ô[39m api/bagrut/__tests__/bagrut.controller.test.js[2m > [22mBagrut Controller[2m > [22maddAccompanist[2m > [22mshould handle errors and pass them to next middleware[32m 0[2mms[22m[39m
 [32mÔ£ô[39m api/bagrut/__tests__/bagrut.controller.test.js[2m > [22mBagrut Controller[2m > [22mremoveAccompanist[2m > [22mshould remove an accompanist from bagrut[32m 1[2mms[22m[39m
 [32mÔ£ô[39m api/bagrut/__tests__/bagrut.controller.test.js[2m > [22mBagrut Controller[2m > [22mremoveAccompanist[2m > [22mshould handle errors and pass them to next middleware[32m 0[2mms[22m[39m
[90mstdout[2m | api/teacher/__tests__/teacher.service.test.js
[22m[39mStarting global test setup...
Global test setup completed

[90mstdout[2m | api/teacher/__tests__/teacher.service.test.js[2m > [22m[2mTeacher Service[2m > [22m[2mgetTeacherById[2m > [22m[2mshould get a teacher by ID
[22m[39mGetting teacher by ID: 6579e36c83c8b3a5c2df8a8b

[90mstdout[2m | api/teacher/__tests__/teacher.service.test.js[2m > [22m[2mTeacher Service[2m > [22m[2mgetTeacherById[2m > [22m[2mshould get a teacher by ID
[22m[39mTeacher found: Yes

[90mstdout[2m | api/teacher/__tests__/teacher.service.test.js[2m > [22m[2mTeacher Service[2m > [22m[2mgetTeacherById[2m > [22m[2mshould throw error if teacher is not found
[22m[39mGetting teacher by ID: 6579e36c83c8b3a5c2df8a8b

[90mstdout[2m | api/teacher/__tests__/teacher.service.test.js[2m > [22m[2mTeacher Service[2m > [22m[2mgetTeacherById[2m > [22m[2mshould throw error if teacher is not found
[22m[39mTeacher found: No

[90mstdout[2m | api/teacher/__tests__/teacher.service.test.js[2m > [22m[2mTeacher Service[2m > [22m[2mgetTeacherById[2m > [22m[2mshould handle database errors
[22m[39mGetting teacher by ID: 6579e36c83c8b3a5c2df8a8b

[90mstdout[2m | api/teacher/__tests__/teacher.service.test.js[2m > [22m[2mTeacher Service[2m > [22m[2mupdateTeacher[2m > [22m[2mshould update an existing teacher
[22m[39mUpdating teacher with data: {"personalInfo":{"firstName":"Updated","lastName":"Teacher","phone":"0501234567","email":"updated@example.com","address":"Updated Address"},"roles":["Î×ÎòÎ¿Îö","Î×ÎáÎªÎù"]}

[90mstdout[2m | api/orchestra/__tests__/orchestra.controller.test.js
[22m[39mStarting global test setup...
Global test setup completed

[90mstdout[2m | api/teacher/__tests__/teacher.service.test.js[2m > [22m[2mTeacher Service[2m > [22m[2mupdateTeacher[2m > [22m[2mshould throw error for invalid teacher data
[22m[39mUpdating teacher with data: {"invalidData":true}

[90mstdout[2m | api/teacher/__tests__/teacher.service.test.js[2m > [22m[2mTeacher Service[2m > [22m[2mupdateTeacher[2m > [22m[2mshould throw error if teacher is not found
[22m[39mUpdating teacher with data: {"personalInfo":{"firstName":"Updated","lastName":"Teacher"}}

[90mstdout[2m | api/teacher/__tests__/teacher.service.test.js[2m > [22m[2mTeacher Service[2m > [22m[2mupdateTeacher[2m > [22m[2mshould handle database errors
[22m[39mUpdating teacher with data: {"personalInfo":{"firstName":"Updated","lastName":"Teacher"}}

[90mstdout[2m | api/teacher/__tests__/teacher.service.test.js
[22m[39mStarting global test teardown...
Global test teardown completed

 [32mÔ£ô[39m api/teacher/__tests__/teacher.service.test.js[2m > [22mTeacher Service[2m > [22mgetTeachers[2m > [22mshould get all teachers with default filter[32m 5[2mms[22m[39m
 [32mÔ£ô[39m api/teacher/__tests__/teacher.service.test.js[2m > [22mTeacher Service[2m > [22mgetTeachers[2m > [22mshould apply name filter correctly[32m 1[2mms[22m[39m
 [32mÔ£ô[39m api/teacher/__tests__/teacher.service.test.js[2m > [22mTeacher Service[2m > [22mgetTeachers[2m > [22mshould apply instrument filter correctly[32m 1[2mms[22m[39m
 [32mÔ£ô[39m api/teacher/__tests__/teacher.service.test.js[2m > [22mTeacher Service[2m > [22mgetTeachers[2m > [22mshould apply orchestra filter correctly[32m 1[2mms[22m[39m
 [32mÔ£ô[39m api/teacher/__tests__/teacher.service.test.js[2m > [22mTeacher Service[2m > [22mgetTeachers[2m > [22mshould apply ensemble filter correctly[32m 1[2mms[22m[39m
 [32mÔ£ô[39m api/teacher/__tests__/teacher.service.test.js[2m > [22mTeacher Service[2m > [22mgetTeachers[2m > [22mshould include inactive teachers when showInactive is true[32m 1[2mms[22m[39m
 [32mÔ£ô[39m api/teacher/__tests__/teacher.service.test.js[2m > [22mTeacher Service[2m > [22mgetTeachers[2m > [22mshould handle database errors[32m 2[2mms[22m[39m
 [32mÔ£ô[39m api/teacher/__tests__/teacher.service.test.js[2m > [22mTeacher Service[2m > [22mgetTeachers[2m > [22mshould throw TENANT_GUARD when no tenantId provided[32m 1[2mms[22m[39m
 [32mÔ£ô[39m api/teacher/__tests__/teacher.service.test.js[2m > [22mTeacher Service[2m > [22mgetTeacherById[2m > [22mshould get a teacher by ID[32m 2[2mms[22m[39m
 [32mÔ£ô[39m api/teacher/__tests__/teacher.service.test.js[2m > [22mTeacher Service[2m > [22mgetTeacherById[2m > [22mshould throw error if teacher is not found[32m 1[2mms[22m[39m
 [32mÔ£ô[39m api/teacher/__tests__/teacher.service.test.js[2m > [22mTeacher Service[2m > [22mgetTeacherById[2m > [22mshould handle database errors[32m 1[2mms[22m[39m
 [32mÔ£ô[39m api/teacher/__tests__/teacher.service.test.js[2m > [22mTeacher Service[2m > [22mupdateTeacher[2m > [22mshould update an existing teacher[32m 2[2mms[22m[39m
 [32mÔ£ô[39m api/teacher/__tests__/teacher.service.test.js[2m > [22mTeacher Service[2m > [22mupdateTeacher[2m > [22mshould throw error for invalid teacher data[32m 1[2mms[22m[39m
 [32mÔ£ô[39m api/teacher/__tests__/teacher.service.test.js[2m > [22mTeacher Service[2m > [22mupdateTeacher[2m > [22mshould throw error if teacher is not found[32m 2[2mms[22m[39m
 [32mÔ£ô[39m api/teacher/__tests__/teacher.service.test.js[2m > [22mTeacher Service[2m > [22mupdateTeacher[2m > [22mshould handle database errors[32m 1[2mms[22m[39m
 [32mÔ£ô[39m api/teacher/__tests__/teacher.service.test.js[2m > [22mTeacher Service[2m > [22mremoveTeacher[2m > [22mshould deactivate a teacher (soft delete)[32m 2[2mms[22m[39m
 [32mÔ£ô[39m api/teacher/__tests__/teacher.service.test.js[2m > [22mTeacher Service[2m > [22mremoveTeacher[2m > [22mshould throw error if teacher is not found[32m 1[2mms[22m[39m
 [32mÔ£ô[39m api/teacher/__tests__/teacher.service.test.js[2m > [22mTeacher Service[2m > [22mremoveTeacher[2m > [22mshould handle database errors[32m 1[2mms[22m[39m
 [32mÔ£ô[39m api/teacher/__tests__/teacher.service.test.js[2m > [22mTeacher Service[2m > [22mgetTeacherByRole[2m > [22mshould get teachers by role[32m 1[2mms[22m[39m
 [32mÔ£ô[39m api/teacher/__tests__/teacher.service.test.js[2m > [22mTeacher Service[2m > [22mgetTeacherByRole[2m > [22mshould handle database errors[32m 4[2mms[22m[39m
[90mstdout[2m | api/orchestra/__tests__/orchestra.controller.test.js
[22m[39mStarting global test teardown...
Global test teardown completed

 [32mÔ£ô[39m api/orchestra/__tests__/orchestra.controller.test.js[2m > [22mOrchestra Controller[2m > [22mgetOrchestras[2m > [22mshould get all orchestras with correct filters[32m 8[2mms[22m[39m
 [32mÔ£ô[39m api/orchestra/__tests__/orchestra.controller.test.js[2m > [22mOrchestra Controller[2m > [22mgetOrchestras[2m > [22mshould handle errors and pass them to next middleware[32m 2[2mms[22m[39m
 [32mÔ£ô[39m api/orchestra/__tests__/orchestra.controller.test.js[2m > [22mOrchestra Controller[2m > [22mgetOrchestraById[2m > [22mshould get an orchestra by ID[32m 3[2mms[22m[39m
 [32mÔ£ô[39m api/orchestra/__tests__/orchestra.controller.test.js[2m > [22mOrchestra Controller[2m > [22mgetOrchestraById[2m > [22mshould handle errors and pass them to next middleware[32m 1[2mms[22m[39m
 [32mÔ£ô[39m api/orchestra/__tests__/orchestra.controller.test.js[2m > [22mOrchestra Controller[2m > [22maddOrchestra[2m > [22mshould add a new orchestra[32m 1[2mms[22m[39m
 [32mÔ£ô[39m api/orchestra/__tests__/orchestra.controller.test.js[2m > [22mOrchestra Controller[2m > [22maddOrchestra[2m > [22mshould handle errors and pass them to next middleware[32m 1[2mms[22m[39m
 [32mÔ£ô[39m api/orchestra/__tests__/orchestra.controller.test.js[2m > [22mOrchestra Controller[2m > [22mupdateOrchestra[2m > [22mshould update an existing orchestra[32m 1[2mms[22m[39m
 [32mÔ£ô[39m api/orchestra/__tests__/orchestra.controller.test.js[2m > [22mOrchestra Controller[2m > [22mupdateOrchestra[2m > [22mshould return 403 if not authorized to modify orchestra[32m 3[2mms[22m[39m
 [32mÔ£ô[39m api/orchestra/__tests__/orchestra.controller.test.js[2m > [22mOrchestra Controller[2m > [22mupdateOrchestra[2m > [22mshould handle other errors and pass them to next middleware[32m 1[2mms[22m[39m
 [32mÔ£ô[39m api/orchestra/__tests__/orchestra.controller.test.js[2m > [22mOrchestra Controller[2m > [22mremoveOrchestra[2m > [22mshould remove (deactivate) an orchestra[32m 1[2mms[22m[39m
 [32mÔ£ô[39m api/orchestra/__tests__/orchestra.controller.test.js[2m > [22mOrchestra Controller[2m > [22mremoveOrchestra[2m > [22mshould return 403 if not authorized to remove orchestra[32m 1[2mms[22m[39m
 [32mÔ£ô[39m api/orchestra/__tests__/orchestra.controller.test.js[2m > [22mOrchestra Controller[2m > [22mremoveOrchestra[2m > [22mshould handle other errors and pass them to next middleware[32m 0[2mms[22m[39m
 [32mÔ£ô[39m api/orchestra/__tests__/orchestra.controller.test.js[2m > [22mOrchestra Controller[2m > [22maddMember[2m > [22mshould add a member to an orchestra[32m 1[2mms[22m[39m
 [32mÔ£ô[39m api/orchestra/__tests__/orchestra.controller.test.js[2m > [22mOrchestra Controller[2m > [22maddMember[2m > [22mshould return 403 if not authorized to add member[32m 1[2mms[22m[39m
 [32mÔ£ô[39m api/orchestra/__tests__/orchestra.controller.test.js[2m > [22mOrchestra Controller[2m > [22maddMember[2m > [22mshould handle other errors and pass them to next middleware[32m 1[2mms[22m[39m
 [32mÔ£ô[39m api/orchestra/__tests__/orchestra.controller.test.js[2m > [22mOrchestra Controller[2m > [22mremoveMember[2m > [22mshould remove a member from an orchestra[32m 1[2mms[22m[39m
 [32mÔ£ô[39m api/orchestra/__tests__/orchestra.controller.test.js[2m > [22mOrchestra Controller[2m > [22mremoveMember[2m > [22mshould return 403 if not authorized to remove member[32m 1[2mms[22m[39m
 [32mÔ£ô[39m api/orchestra/__tests__/orchestra.controller.test.js[2m > [22mOrchestra Controller[2m > [22mremoveMember[2m > [22mshould handle other errors and pass them to next middleware[32m 0[2mms[22m[39m
 [32mÔ£ô[39m api/orchestra/__tests__/orchestra.controller.test.js[2m > [22mOrchestra Controller[2m > [22mupdateRehearsalAttendance[2m > [22mshould update rehearsal attendance[32m 1[2mms[22m[39m
 [32mÔ£ô[39m api/orchestra/__tests__/orchestra.controller.test.js[2m > [22mOrchestra Controller[2m > [22mupdateRehearsalAttendance[2m > [22mshould return 403 if not authorized to update attendance[32m 1[2mms[22m[39m
 [32mÔ£ô[39m api/orchestra/__tests__/orchestra.controller.test.js[2m > [22mOrchestra Controller[2m > [22mupdateRehearsalAttendance[2m > [22mshould handle other errors and pass them to next middleware[32m 0[2mms[22m[39m
 [32mÔ£ô[39m api/orchestra/__tests__/orchestra.controller.test.js[2m > [22mOrchestra Controller[2m > [22mgetRehearsalAttendance[2m > [22mshould get rehearsal attendance[32m 1[2mms[22m[39m
 [32mÔ£ô[39m api/orchestra/__tests__/orchestra.controller.test.js[2m > [22mOrchestra Controller[2m > [22mgetRehearsalAttendance[2m > [22mshould handle errors and pass them to next middleware[32m 0[2mms[22m[39m
 [32mÔ£ô[39m api/orchestra/__tests__/orchestra.controller.test.js[2m > [22mOrchestra Controller[2m > [22mgetStudentAttendanceStats[2m > [22mshould get student attendance statistics[32m 1[2mms[22m[39m
 [32mÔ£ô[39m api/orchestra/__tests__/orchestra.controller.test.js[2m > [22mOrchestra Controller[2m > [22mgetStudentAttendanceStats[2m > [22mshould handle errors and pass them to next middleware[32m 0[2mms[22m[39m
[90mstdout[2m | api/auth/__tests__/auth.controller.test.js
[22m[39m­ƒöº Invitation System Mode: EMAIL

[90mstdout[2m | api/auth/__tests__/auth.controller.test.js
[22m[39mStarting global test setup...
Global test setup completed

[90mstdout[2m | api/auth/__tests__/auth.controller.test.js
[22m[39mStarting global test teardown...
Global test teardown completed

 [32mÔ£ô[39m api/auth/__tests__/auth.controller.test.js[2m > [22mAuth Controller[2m > [22mlogin[2m > [22mshould return 400 if email is missing[32m 7[2mms[22m[39m
 [32mÔ£ô[39m api/auth/__tests__/auth.controller.test.js[2m > [22mAuth Controller[2m > [22mlogin[2m > [22mshould return 400 if password is missing[32m 2[2mms[22m[39m
 [32mÔ£ô[39m api/auth/__tests__/auth.controller.test.js[2m > [22mAuth Controller[2m > [22mlogin[2m > [22mshould login and return tokens when credentials are valid[32m 4[2mms[22m[39m
 [32mÔ£ô[39m api/auth/__tests__/auth.controller.test.js[2m > [22mAuth Controller[2m > [22mlogin[2m > [22mshould return 401 when credentials are invalid[32m 2[2mms[22m[39m
 [32mÔ£ô[39m api/auth/__tests__/auth.controller.test.js[2m > [22mAuth Controller[2m > [22mlogin[2m > [22mshould return 500 for unexpected server errors[32m 2[2mms[22m[39m
 [32mÔ£ô[39m api/auth/__tests__/auth.controller.test.js[2m > [22mAuth Controller[2m > [22mlogin[2m > [22mshould handle tenant selection required response[32m 1[2mms[22m[39m
 [32mÔ£ô[39m api/auth/__tests__/auth.controller.test.js[2m > [22mAuth Controller[2m > [22mrefresh[2m > [22mshould return 401 if refresh token is missing[32m 1[2mms[22m[39m
 [32mÔ£ô[39m api/auth/__tests__/auth.controller.test.js[2m > [22mAuth Controller[2m > [22mrefresh[2m > [22mshould return a new access token when refresh token is valid[32m 1[2mms[22m[39m
 [32mÔ£ô[39m api/auth/__tests__/auth.controller.test.js[2m > [22mAuth Controller[2m > [22mrefresh[2m > [22mshould return 401 when refresh token is invalid[32m 1[2mms[22m[39m
 [32mÔ£ô[39m api/auth/__tests__/auth.controller.test.js[2m > [22mAuth Controller[2m > [22mlogout[2m > [22mshould throw error if no teacher in request[32m 1[2mms[22m[39m
 [32mÔ£ô[39m api/auth/__tests__/auth.controller.test.js[2m > [22mAuth Controller[2m > [22mlogout[2m > [22mshould throw error if teacher ID is missing[32m 1[2mms[22m[39m
 [32mÔ£ô[39m api/auth/__tests__/auth.controller.test.js[2m > [22mAuth Controller[2m > [22mlogout[2m > [22mshould successfully logout teacher and clear cookie[32m 1[2mms[22m[39m
 [32mÔ£ô[39m api/auth/__tests__/auth.controller.test.js[2m > [22mAuth Controller[2m > [22mlogout[2m > [22mshould handle logout service errors[32m 1[2mms[22m[39m
 [32mÔ£ô[39m api/auth/__tests__/auth.controller.test.js[2m > [22mAuth Controller[2m > [22minitAdmin[2m > [22mshould return 400 if admin already exists[32m 1[2mms[22m[39m
 [32mÔ£ô[39m api/auth/__tests__/auth.controller.test.js[2m > [22mAuth Controller[2m > [22minitAdmin[2m > [22mshould create a new admin if none exists[32m 4[2mms[22m[39m
 [32mÔ£ô[39m api/auth/__tests__/auth.controller.test.js[2m > [22mAuth Controller[2m > [22minitAdmin[2m > [22mshould handle errors during admin creation[32m 1[2mms[22m[39m
[90mstdout[2m | api/student/__tests__/student.validation.test.js
[22m[39mStarting global test setup...
Global test setup completed

[90mstdout[2m | api/student/__tests__/student.validation.test.js
[22m[39mStarting global test teardown...
Global test teardown completed

 [32mÔ£ô[39m api/student/__tests__/student.validation.test.js[2m > [22mStudent Validation[2m > [22mvalidateStudent[2m > [22mshould validate a valid student object[32m 5[2mms[22m[39m
 [32mÔ£ô[39m api/student/__tests__/student.validation.test.js[2m > [22mStudent Validation[2m > [22mvalidateStudent[2m > [22mshould validate with default values for optional fields[32m 1[2mms[22m[39m
 [32mÔ£ô[39m api/student/__tests__/student.validation.test.js[2m > [22mStudent Validation[2m > [22mvalidateStudent[2m > [22mshould require personalInfo[32m 2[2mms[22m[39m
 [32mÔ£ô[39m api/student/__tests__/student.validation.test.js[2m > [22mStudent Validation[2m > [22mvalidateStudent[2m > [22mshould require academicInfo[32m 0[2mms[22m[39m
 [32mÔ£ô[39m api/student/__tests__/student.validation.test.js[2m > [22mStudent Validation[2m > [22mvalidateStudent[2m > [22mshould require firstName in personalInfo[32m 1[2mms[22m[39m
 [32mÔ£ô[39m api/student/__tests__/student.validation.test.js[2m > [22mStudent Validation[2m > [22mvalidateStudent[2m > [22mshould validate phone number format[32m 1[2mms[22m[39m
 [32mÔ£ô[39m api/student/__tests__/student.validation.test.js[2m > [22mStudent Validation[2m > [22mvalidateStudent[2m > [22mshould validate email formats[32m 1[2mms[22m[39m
 [32mÔ£ô[39m api/student/__tests__/student.validation.test.js[2m > [22mStudent Validation[2m > [22mvalidateStudent[2m > [22mshould require instrumentProgress in academicInfo[32m 0[2mms[22m[39m
 [32mÔ£ô[39m api/student/__tests__/student.validation.test.js[2m > [22mStudent Validation[2m > [22mvalidateStudent[2m > [22mshould validate instrument is in allowed list[32m 2[2mms[22m[39m
 [32mÔ£ô[39m api/student/__tests__/student.validation.test.js[2m > [22mStudent Validation[2m > [22mvalidateStudent[2m > [22mshould require currentStage in instrumentProgress[32m 1[2mms[22m[39m
 [32mÔ£ô[39m api/student/__tests__/student.validation.test.js[2m > [22mStudent Validation[2m > [22mvalidateStudent[2m > [22mshould validate currentStage is in allowed range[32m 1[2mms[22m[39m
 [32mÔ£ô[39m api/student/__tests__/student.validation.test.js[2m > [22mStudent Validation[2m > [22mvalidateStudent[2m > [22mshould require class in academicInfo for regular users[32m 1[2mms[22m[39m
 [32mÔ£ô[39m api/student/__tests__/student.validation.test.js[2m > [22mStudent Validation[2m > [22mvalidateStudent[2m > [22mshould NOT require class in academicInfo for admin users[32m 1[2mms[22m[39m
 [32mÔ£ô[39m api/student/__tests__/student.validation.test.js[2m > [22mStudent Validation[2m > [22mvalidateStudent[2m > [22mshould NOT require class in academicInfo for update operations[32m 1[2mms[22m[39m
 [32mÔ£ô[39m api/student/__tests__/student.validation.test.js[2m > [22mStudent Validation[2m > [22mvalidateStudent[2m > [22mshould validate class is in allowed list[32m 1[2mms[22m[39m
 [32mÔ£ô[39m api/student/__tests__/student.validation.test.js[2m > [22mStudent Validation[2m > [22mvalidateStudent[2m > [22mshould validate test status values[32m 1[2mms[22m[39m
 [32mÔ£ô[39m api/student/__tests__/student.validation.test.js[2m > [22mStudent Validation[2m > [22mvalidateStudent[2m > [22mshould validate school year entries[32m 1[2mms[22m[39m
 [32mÔ£ô[39m api/student/__tests__/student.validation.test.js[2m > [22mStudent Validation[2m > [22mSTUDENT_CONSTANTS[2m > [22mshould define valid classes[32m 0[2mms[22m[39m
 [32mÔ£ô[39m api/student/__tests__/student.validation.test.js[2m > [22mStudent Validation[2m > [22mSTUDENT_CONSTANTS[2m > [22mshould define valid stages[32m 0[2mms[22m[39m
 [32mÔ£ô[39m api/student/__tests__/student.validation.test.js[2m > [22mStudent Validation[2m > [22mSTUDENT_CONSTANTS[2m > [22mshould define valid test statuses[32m 0[2mms[22m[39m
 [32mÔ£ô[39m api/student/__tests__/student.validation.test.js[2m > [22mStudent Validation[2m > [22mstudentSchema[2m > [22mshould be a valid Joi schema object[32m 0[2mms[22m[39m
 [32mÔ£ô[39m api/student/__tests__/student.validation.test.js[2m > [22mStudent Validation[2m > [22mstudentSchema[2m > [22mshould set default values correctly[32m 1[2mms[22m[39m
 [32mÔ£ô[39m api/student/__tests__/student.validation.test.js[2m > [22mStudent Validation[2m > [22mstudentSchema[2m > [22mshould allow null for optional personalInfo fields[32m 0[2mms[22m[39m
 [32mÔ£ô[39m api/student/__tests__/student.validation.test.js[2m > [22mStudent Validation[2m > [22mstudentSchema[2m > [22mshould allow empty strings for notes fields[32m 1[2mms[22m[39m
 [32mÔ£ô[39m api/student/__tests__/student.validation.test.js[2m > [22mStudent Validation[2m > [22mstudentSchema[2m > [22mshould allow full student object with all properties[32m 1[2mms[22m[39m
[90mstdout[2m | api/rehearsal/__tests__/rehearsal.controller.test.js
[22m[39mStarting global test setup...
Global test setup completed

[90mstdout[2m | api/rehearsal/__tests__/rehearsal.controller.test.js[2m > [22m[2mRehearsal Controller[2m > [22m[2mbulkCreateRehearsals[2m > [22m[2mshould bulk create rehearsals as admin
[22m[39mBulk create data received: {
  "orchestraId": "orchestra1",
  "startDate": "2023-01-01",
  "endDate": "2023-06-30",
  "dayOfWeek": 3,
  "startTime": "18:00",
  "endTime": "20:00",
  "location": "Main Hall",
  "schoolYearId": "6579e36c83c8b3a5c2df8a8c"
}

[90mstdout[2m | api/rehearsal/__tests__/rehearsal.controller.test.js[2m > [22m[2mRehearsal Controller[2m > [22m[2mbulkCreateRehearsals[2m > [22m[2mshould bulk create rehearsals as conductor (not admin)
[22m[39mBulk create data received: {
  "orchestraId": "orchestra1",
  "startDate": "2023-01-01",
  "endDate": "2023-06-30",
  "dayOfWeek": 3,
  "startTime": "18:00",
  "endTime": "20:00",
  "location": "Main Hall",
  "schoolYearId": "6579e36c83c8b3a5c2df8a8c"
}

[90mstdout[2m | api/rehearsal/__tests__/rehearsal.controller.test.js[2m > [22m[2mRehearsal Controller[2m > [22m[2mbulkCreateRehearsals[2m > [22m[2mshould return 403 for authorization errors
[22m[39mBulk create data received: {
  "orchestraId": "orchestra1",
  "startDate": "2023-01-01",
  "endDate": "2023-06-30",
  "dayOfWeek": 3,
  "startTime": "18:00",
  "endTime": "20:00",
  "location": "Main Hall",
  "schoolYearId": "6579e36c83c8b3a5c2df8a8c"
}

[90mstdout[2m | api/rehearsal/__tests__/rehearsal.controller.test.js[2m > [22m[2mRehearsal Controller[2m > [22m[2mbulkCreateRehearsals[2m > [22m[2mshould handle other errors and pass them to next middleware
[22m[39mBulk create data received: {
  "invalidData": true,
  "orchestraId": "orchestra1",
  "startDate": "2023-01-01",
  "endDate": "2023-06-30",
  "dayOfWeek": 3,
  "startTime": "18:00",
  "endTime": "20:00",
  "location": "Main Hall",
  "schoolYearId": "6579e36c83c8b3a5c2df8a8c"
}

[90mstdout[2m | api/rehearsal/__tests__/rehearsal.controller.test.js
[22m[39mStarting global test teardown...
Global test teardown completed

 [32mÔ£ô[39m api/rehearsal/__tests__/rehearsal.controller.test.js[2m > [22mRehearsal Controller[2m > [22mgetRehearsals[2m > [22mshould get all rehearsals with correct filters[32m 8[2mms[22m[39m
 [32mÔ£ô[39m api/rehearsal/__tests__/rehearsal.controller.test.js[2m > [22mRehearsal Controller[2m > [22mgetRehearsals[2m > [22mshould handle errors and pass them to next middleware[32m 1[2mms[22m[39m
 [32mÔ£ô[39m api/rehearsal/__tests__/rehearsal.controller.test.js[2m > [22mRehearsal Controller[2m > [22mgetRehearsalById[2m > [22mshould get a rehearsal by ID[32m 2[2mms[22m[39m
 [32mÔ£ô[39m api/rehearsal/__tests__/rehearsal.controller.test.js[2m > [22mRehearsal Controller[2m > [22mgetRehearsalById[2m > [22mshould handle errors and pass them to next middleware[32m 1[2mms[22m[39m
 [32mÔ£ô[39m api/rehearsal/__tests__/rehearsal.controller.test.js[2m > [22mRehearsal Controller[2m > [22mgetOrchestraRehearsals[2m > [22mshould get rehearsals for an orchestra with filters[32m 2[2mms[22m[39m
 [32mÔ£ô[39m api/rehearsal/__tests__/rehearsal.controller.test.js[2m > [22mRehearsal Controller[2m > [22mgetOrchestraRehearsals[2m > [22mshould handle errors and pass them to next middleware[32m 1[2mms[22m[39m
 [32mÔ£ô[39m api/rehearsal/__tests__/rehearsal.controller.test.js[2m > [22mRehearsal Controller[2m > [22maddRehearsal[2m > [22mshould add a new rehearsal as admin[32m 2[2mms[22m[39m
 [32mÔ£ô[39m api/rehearsal/__tests__/rehearsal.controller.test.js[2m > [22mRehearsal Controller[2m > [22maddRehearsal[2m > [22mshould add rehearsal as conductor (not admin)[32m 2[2mms[22m[39m
 [32mÔ£ô[39m api/rehearsal/__tests__/rehearsal.controller.test.js[2m > [22mRehearsal Controller[2m > [22maddRehearsal[2m > [22mshould return 403 for authorization errors[32m 2[2mms[22m[39m
 [32mÔ£ô[39m api/rehearsal/__tests__/rehearsal.controller.test.js[2m > [22mRehearsal Controller[2m > [22maddRehearsal[2m > [22mshould handle other errors and pass them to next middleware[32m 1[2mms[22m[39m
 [32mÔ£ô[39m api/rehearsal/__tests__/rehearsal.controller.test.js[2m > [22mRehearsal Controller[2m > [22mupdateRehearsal[2m > [22mshould update an existing rehearsal as admin[32m 4[2mms[22m[39m
 [32mÔ£ô[39m api/rehearsal/__tests__/rehearsal.controller.test.js[2m > [22mRehearsal Controller[2m > [22mupdateRehearsal[2m > [22mshould return 403 for authorization errors[32m 1[2mms[22m[39m
 [32mÔ£ô[39m api/rehearsal/__tests__/rehearsal.controller.test.js[2m > [22mRehearsal Controller[2m > [22mupdateRehearsal[2m > [22mshould handle other errors and pass them to next middleware[32m 1[2mms[22m[39m
 [32mÔ£ô[39m api/rehearsal/__tests__/rehearsal.controller.test.js[2m > [22mRehearsal Controller[2m > [22mremoveRehearsal[2m > [22mshould remove (deactivate) a rehearsal as admin[32m 1[2mms[22m[39m
 [32mÔ£ô[39m api/rehearsal/__tests__/rehearsal.controller.test.js[2m > [22mRehearsal Controller[2m > [22mremoveRehearsal[2m > [22mshould return 403 for authorization errors[32m 1[2mms[22m[39m
 [32mÔ£ô[39m api/rehearsal/__tests__/rehearsal.controller.test.js[2m > [22mRehearsal Controller[2m > [22mremoveRehearsal[2m > [22mshould handle other errors and pass them to next middleware[32m 1[2mms[22m[39m
 [32mÔ£ô[39m api/rehearsal/__tests__/rehearsal.controller.test.js[2m > [22mRehearsal Controller[2m > [22mbulkCreateRehearsals[2m > [22mshould bulk create rehearsals as admin[32m 2[2mms[22m[39m
 [32mÔ£ô[39m api/rehearsal/__tests__/rehearsal.controller.test.js[2m > [22mRehearsal Controller[2m > [22mbulkCreateRehearsals[2m > [22mshould bulk create rehearsals as conductor (not admin)[32m 2[2mms[22m[39m
 [32mÔ£ô[39m api/rehearsal/__tests__/rehearsal.controller.test.js[2m > [22mRehearsal Controller[2m > [22mbulkCreateRehearsals[2m > [22mshould return 403 for authorization errors[32m 3[2mms[22m[39m
 [32mÔ£ô[39m api/rehearsal/__tests__/rehearsal.controller.test.js[2m > [22mRehearsal Controller[2m > [22mbulkCreateRehearsals[2m > [22mshould handle other errors and pass them to next middleware[32m 1[2mms[22m[39m
 [32mÔ£ô[39m api/rehearsal/__tests__/rehearsal.controller.test.js[2m > [22mRehearsal Controller[2m > [22mupdateAttendance[2m > [22mshould update rehearsal attendance as admin[32m 1[2mms[22m[39m
 [32mÔ£ô[39m api/rehearsal/__tests__/rehearsal.controller.test.js[2m > [22mRehearsal Controller[2m > [22mupdateAttendance[2m > [22mshould return 403 for authorization errors[32m 1[2mms[22m[39m
 [32mÔ£ô[39m api/rehearsal/__tests__/rehearsal.controller.test.js[2m > [22mRehearsal Controller[2m > [22mupdateAttendance[2m > [22mshould handle other errors and pass them to next middleware[32m 0[2mms[22m[39m
[90mstdout[2m | api/auth/__tests__/auth.service.test.js
[22m[39mStarting global test setup...
Global test setup completed

[90mstdout[2m | api/auth/__tests__/auth.service.test.js
[22m[39mStarting global test teardown...
Global test teardown completed

 [32mÔ£ô[39m api/auth/__tests__/auth.service.test.js[2m > [22mAuth Service[2m > [22mlogin[2m > [22mshould throw an error if teacher is not found[32m 5[2mms[22m[39m
 [32mÔ£ô[39m api/auth/__tests__/auth.service.test.js[2m > [22mAuth Service[2m > [22mlogin[2m > [22mshould throw an error if password does not match[32m 1[2mms[22m[39m
 [32mÔ£ô[39m api/auth/__tests__/auth.service.test.js[2m > [22mAuth Service[2m > [22mlogin[2m > [22mshould return tokens and user info when login is successful[32m 2[2mms[22m[39m
 [32mÔ£ô[39m api/auth/__tests__/auth.service.test.js[2m > [22mAuth Service[2m > [22mlogin[2m > [22mshould handle and log errors[32m 1[2mms[22m[39m
 [32mÔ£ô[39m api/auth/__tests__/auth.service.test.js[2m > [22mAuth Service[2m > [22mrefreshAccessToken[2m > [22mshould throw an error if refresh token is invalid[32m 1[2mms[22m[39m
 [32mÔ£ô[39m api/auth/__tests__/auth.service.test.js[2m > [22mAuth Service[2m > [22mrefreshAccessToken[2m > [22mshould throw an error if teacher is not found[32m 1[2mms[22m[39m
 [32mÔ£ô[39m api/auth/__tests__/auth.service.test.js[2m > [22mAuth Service[2m > [22mrefreshAccessToken[2m > [22mshould return a new access token when refresh token is valid[32m 3[2mms[22m[39m
 [32mÔ£ô[39m api/auth/__tests__/auth.service.test.js[2m > [22mAuth Service[2m > [22mrefreshAccessToken[2m > [22mshould handle and log errors[32m 1[2mms[22m[39m
 [32mÔ£ô[39m api/auth/__tests__/auth.service.test.js[2m > [22mAuth Service[2m > [22mlogout[2m > [22mshould clear the refresh token for the teacher[32m 1[2mms[22m[39m
 [32mÔ£ô[39m api/auth/__tests__/auth.service.test.js[2m > [22mAuth Service[2m > [22mlogout[2m > [22mshould throw an error if teacherId is not provided[32m 0[2mms[22m[39m
 [32mÔ£ô[39m api/auth/__tests__/auth.service.test.js[2m > [22mAuth Service[2m > [22mlogout[2m > [22mshould handle and log errors[32m 1[2mms[22m[39m
 [32mÔ£ô[39m api/auth/__tests__/auth.service.test.js[2m > [22mAuth Service[2m > [22mvalidateToken[2m > [22mshould return decoded token if valid[32m 1[2mms[22m[39m
 [32mÔ£ô[39m api/auth/__tests__/auth.service.test.js[2m > [22mAuth Service[2m > [22mvalidateToken[2m > [22mshould throw an error if token is invalid[32m 1[2mms[22m[39m
 [32mÔ£ô[39m api/auth/__tests__/auth.service.test.js[2m > [22mAuth Service[2m > [22mvalidateToken[2m > [22mshould handle and log errors[32m 2[2mms[22m[39m
 [32mÔ£ô[39m api/auth/__tests__/auth.service.test.js[2m > [22mAuth Service[2m > [22mencryptPassword[2m > [22mshould hash a password using bcrypt[32m 2[2mms[22m[39m
[90mstdout[2m | middleware/__tests__/error.handler.test.js
[22m[39mStarting global test setup...
Global test setup completed

[90mstdout[2m | middleware/__tests__/error.handler.test.js
[22m[39mStarting global test teardown...
Global test teardown completed

 [32mÔ£ô[39m middleware/__tests__/error.handler.test.js[2m > [22mError Handler Middleware[2m > [22mshould handle ValidationError with status 400[32m 11[2mms[22m[39m
 [32mÔ£ô[39m middleware/__tests__/error.handler.test.js[2m > [22mError Handler Middleware[2m > [22mshould handle MongoError with status 500[32m 1[2mms[22m[39m
 [32mÔ£ô[39m middleware/__tests__/error.handler.test.js[2m > [22mError Handler Middleware[2m > [22mshould handle MongoServerError with status 500[32m 2[2mms[22m[39m
 [32mÔ£ô[39m middleware/__tests__/error.handler.test.js[2m > [22mError Handler Middleware[2m > [22mshould handle generic errors with status 500[32m 1[2mms[22m[39m
 [32mÔ£ô[39m middleware/__tests__/error.handler.test.js[2m > [22mError Handler Middleware[2m > [22mshould log the error to console[32m 1[2mms[22m[39m
 [32mÔ£ô[39m middleware/__tests__/error.handler.test.js[2m > [22mError Handler Middleware[2m > [22mshould handle errors with custom status codes if provided[32m 2[2mms[22m[39m
 [32mÔ£ô[39m middleware/__tests__/error.handler.test.js[2m > [22mError Handler Middleware[2m > [22mshould sanitize error messages containing sensitive information[32m 1[2mms[22m[39m
 [32mÔ£ô[39m middleware/__tests__/error.handler.test.js[2m > [22mError Handler Middleware[2m > [22mshould handle service validation errors with pattern matching[32m 3[2mms[22m[39m
[90mstdout[2m | api/student/__tests__/student.controller.test.js
[22m[39mStarting global test setup...
Global test setup completed

[90mstdout[2m | api/student/__tests__/student.controller.test.js
[22m[39mStarting global test teardown...
Global test teardown completed

 [32mÔ£ô[39m api/student/__tests__/student.controller.test.js[2m > [22mStudent Controller[2m > [22mgetStudents[2m > [22mshould get all students with correct filters[32m 5[2mms[22m[39m
 [32mÔ£ô[39m api/student/__tests__/student.controller.test.js[2m > [22mStudent Controller[2m > [22mgetStudents[2m > [22mshould handle errors and pass them to next middleware[32m 1[2mms[22m[39m
 [32mÔ£ô[39m api/student/__tests__/student.controller.test.js[2m > [22mStudent Controller[2m > [22mgetStudentById[2m > [22mshould get a student by ID[32m 1[2mms[22m[39m
 [32mÔ£ô[39m api/student/__tests__/student.controller.test.js[2m > [22mStudent Controller[2m > [22mgetStudentById[2m > [22mshould handle errors and pass them to next middleware[32m 0[2mms[22m[39m
 [32mÔ£ô[39m api/student/__tests__/student.controller.test.js[2m > [22mStudent Controller[2m > [22maddStudent[2m > [22mshould add a new student[32m 1[2mms[22m[39m
 [32mÔ£ô[39m api/student/__tests__/student.controller.test.js[2m > [22mStudent Controller[2m > [22maddStudent[2m > [22mshould add student with teacher role (not admin)[32m 1[2mms[22m[39m
 [32mÔ£ô[39m api/student/__tests__/student.controller.test.js[2m > [22mStudent Controller[2m > [22maddStudent[2m > [22mshould handle errors and pass them to next middleware[32m 0[2mms[22m[39m
 [32mÔ£ô[39m api/student/__tests__/student.controller.test.js[2m > [22mStudent Controller[2m > [22mupdateStudent[2m > [22mshould update an existing student as admin[32m 1[2mms[22m[39m
 [32mÔ£ô[39m api/student/__tests__/student.controller.test.js[2m > [22mStudent Controller[2m > [22mupdateStudent[2m > [22mshould update student as teacher (not admin)[32m 1[2mms[22m[39m
 [32mÔ£ô[39m api/student/__tests__/student.controller.test.js[2m > [22mStudent Controller[2m > [22mupdateStudent[2m > [22mshould handle errors and pass them to next middleware[32m 0[2mms[22m[39m
 [32mÔ£ô[39m api/student/__tests__/student.controller.test.js[2m > [22mStudent Controller[2m > [22mremoveStudent[2m > [22mshould remove (deactivate) a student as admin[32m 1[2mms[22m[39m
 [32mÔ£ô[39m api/student/__tests__/student.controller.test.js[2m > [22mStudent Controller[2m > [22mremoveStudent[2m > [22mshould remove student as teacher (not admin)[32m 1[2mms[22m[39m
 [32mÔ£ô[39m api/student/__tests__/student.controller.test.js[2m > [22mStudent Controller[2m > [22mremoveStudent[2m > [22mshould handle errors and pass them to next middleware[32m 0[2mms[22m[39m
[90mstdout[2m | middleware/__tests__/school-year.middleware.test.js
[22m[39mStarting global test setup...
Global test setup completed

[90mstdout[2m | middleware/__tests__/school-year.middleware.test.js
[22m[39mStarting global test teardown...
Global test teardown completed

 [32mÔ£ô[39m middleware/__tests__/school-year.middleware.test.js[2m > [22mSchool Year Middleware[2m > [22maddSchoolYearToRequest[2m > [22mshould skip middleware for /current and /list paths[32m 5[2mms[22m[39m
 [32mÔ£ô[39m middleware/__tests__/school-year.middleware.test.js[2m > [22mSchool Year Middleware[2m > [22maddSchoolYearToRequest[2m > [22mshould use schoolYearId from query if provided[32m 5[2mms[22m[39m
 [32mÔ£ô[39m middleware/__tests__/school-year.middleware.test.js[2m > [22mSchool Year Middleware[2m > [22maddSchoolYearToRequest[2m > [22mshould return 500 if schoolYearId from query is invalid[32m 2[2mms[22m[39m
 [32mÔ£ô[39m middleware/__tests__/school-year.middleware.test.js[2m > [22mSchool Year Middleware[2m > [22maddSchoolYearToRequest[2m > [22mshould find current school year if no schoolYearId provided[32m 1[2mms[22m[39m
 [32mÔ£ô[39m middleware/__tests__/school-year.middleware.test.js[2m > [22mSchool Year Middleware[2m > [22maddSchoolYearToRequest[2m > [22mshould create default school year if none exists[32m 3[2mms[22m[39m
 [32mÔ£ô[39m middleware/__tests__/school-year.middleware.test.js[2m > [22mSchool Year Middleware[2m > [22maddSchoolYearToRequest[2m > [22mshould handle database errors[32m 1[2mms[22m[39m
 [32mÔ£ô[39m middleware/__tests__/school-year.middleware.test.js[2m > [22mSchool Year Middleware[2m > [22maddSchoolYearToRequest[2m > [22mshould log errors to console[32m 1[2mms[22m[39m
[90mstdout[2m | test/theory-lesson-error-handling.test.js
[22m[39mStarting global test setup...
Global test setup completed

[90mstdout[2m | test/theory-lesson-error-handling.test.js
[22m[39mStarting global test teardown...
Global test teardown completed

 [32mÔ£ô[39m test/theory-lesson-error-handling.test.js[2m > [22mTheory Lesson Error Handling[2m > [22mTheoryLessonValidationService[2m > [22mshould reject null/undefined lesson data[32m 2[2mms[22m[39m
 [32mÔ£ô[39m test/theory-lesson-error-handling.test.js[2m > [22mTheory Lesson Error Handling[2m > [22mTheoryLessonValidationService[2m > [22mshould reject invalid lesson objects[32m 0[2mms[22m[39m
 [32mÔ£ô[39m test/theory-lesson-error-handling.test.js[2m > [22mTheory Lesson Error Handling[2m > [22mTheoryLessonValidationService[2m > [22mshould reject lessons with missing required fields[32m 1[2mms[22m[39m
 [32mÔ£ô[39m test/theory-lesson-error-handling.test.js[2m > [22mTheory Lesson Error Handling[2m > [22mTheoryLessonValidationService[2m > [22mshould handle "None" values in category fields[32m 0[2mms[22m[39m
 [32mÔ£ô[39m test/theory-lesson-error-handling.test.js[2m > [22mTheory Lesson Error Handling[2m > [22mTheoryLessonValidationService[2m > [22mshould handle "None" values in ID fields[32m 1[2mms[22m[39m
 [32mÔ£ô[39m test/theory-lesson-error-handling.test.js[2m > [22mTheory Lesson Error Handling[2m > [22mTheoryLessonValidationService[2m > [22mshould sanitize lesson data for response[32m 1[2mms[22m[39m
 [32mÔ£ô[39m test/theory-lesson-error-handling.test.js[2m > [22mTheory Lesson Error Handling[2m > [22mTheoryLessonValidationService[2m > [22mshould replace null/None category with default[32m 0[2mms[22m[39m
 [32mÔ£ô[39m test/theory-lesson-error-handling.test.js[2m > [22mTheory Lesson Error Handling[2m > [22mTheoryLessonValidationService[2m > [22mshould validate lesson completeness[32m 1[2mms[22m[39m
 [32mÔ£ô[39m test/theory-lesson-error-handling.test.js[2m > [22mTheory Lesson Error Handling[2m > [22mTheoryLessonValidationService[2m > [22mshould detect incomplete lessons[32m 1[2mms[22m[39m
 [32mÔ£ô[39m test/theory-lesson-error-handling.test.js[2m > [22mTheory Lesson Error Handling[2m > [22mToast Notification System[2m > [22mshould create error toast with correct structure[32m 2[2mms[22m[39m
 [32mÔ£ô[39m test/theory-lesson-error-handling.test.js[2m > [22mTheory Lesson Error Handling[2m > [22mToast Notification System[2m > [22mshould create success toast with default duration[32m 0[2mms[22m[39m
 [32mÔ£ô[39m test/theory-lesson-error-handling.test.js[2m > [22mTheory Lesson Error Handling[2m > [22mToast Notification System[2m > [22mshould create error toast with longer default duration[32m 0[2mms[22m[39m
 [32mÔ£ô[39m test/theory-lesson-error-handling.test.js[2m > [22mTheory Lesson Error Handling[2m > [22mEdge Case Handling[2m > [22mshould handle array of lessons with mixed validity[32m 2[2mms[22m[39m
 [32mÔ£ô[39m test/theory-lesson-error-handling.test.js[2m > [22mTheory Lesson Error Handling[2m > [22mEdge Case Handling[2m > [22mshould handle empty or null arrays gracefully[32m 1[2mms[22m[39m
 [32mÔ£ô[39m test/theory-lesson-error-handling.test.js[2m > [22mTheory Lesson Error Handling[2m > [22mEdge Case Handling[2m > [22mshould validate time formats correctly[32m 1[2mms[22m[39m
[90mstdout[2m | api/teacher/__tests__/teacher.validation.test.js
[22m[39mStarting global test setup...
Global test setup completed

[90mstdout[2m | api/teacher/__tests__/teacher.validation.test.js
[22m[39mStarting global test teardown...
Global test teardown completed

 [32mÔ£ô[39m api/teacher/__tests__/teacher.validation.test.js[2m > [22mTeacher Validation[2m > [22mvalidateTeacher[2m > [22mshould validate a valid teacher object[32m 7[2mms[22m[39m
 [32mÔ£ô[39m api/teacher/__tests__/teacher.validation.test.js[2m > [22mTeacher Validation[2m > [22mvalidateTeacher[2m > [22mshould validate with default values for optional fields[32m 1[2mms[22m[39m
 [32mÔ£ô[39m api/teacher/__tests__/teacher.validation.test.js[2m > [22mTeacher Validation[2m > [22mvalidateTeacher[2m > [22mshould require personalInfo[32m 2[2mms[22m[39m
 [32mÔ£ô[39m api/teacher/__tests__/teacher.validation.test.js[2m > [22mTeacher Validation[2m > [22mvalidateTeacher[2m > [22mshould require roles array[32m 1[2mms[22m[39m
 [32mÔ£ô[39m api/teacher/__tests__/teacher.validation.test.js[2m > [22mTeacher Validation[2m > [22mvalidateTeacher[2m > [22mshould validate valid roles[32m 1[2mms[22m[39m
 [32mÔ£ô[39m api/teacher/__tests__/teacher.validation.test.js[2m > [22mTeacher Validation[2m > [22mvalidateTeacher[2m > [22mshould require professionalInfo[32m 1[2mms[22m[39m
 [32mÔ£ô[39m api/teacher/__tests__/teacher.validation.test.js[2m > [22mTeacher Validation[2m > [22mvalidateTeacher[2m > [22mshould require teaching object[32m 1[2mms[22m[39m
 [32mÔ£ô[39m api/teacher/__tests__/teacher.validation.test.js[2m > [22mTeacher Validation[2m > [22mvalidateTeacher[2m > [22mshould require credentials[32m 1[2mms[22m[39m
 [32mÔ£ô[39m api/teacher/__tests__/teacher.validation.test.js[2m > [22mTeacher Validation[2m > [22mvalidateTeacher[2m > [22mshould validate phone number format[32m 1[2mms[22m[39m
 [32mÔ£ô[39m api/teacher/__tests__/teacher.validation.test.js[2m > [22mTeacher Validation[2m > [22mvalidateTeacher[2m > [22mshould validate email format[32m 1[2mms[22m[39m
 [32mÔ£ô[39m api/teacher/__tests__/teacher.validation.test.js[2m > [22mTeacher Validation[2m > [22mvalidateTeacher[2m > [22mshould require emails in credentials and personalInfo to match[32m 1[2mms[22m[39m
 [32mÔ£ô[39m api/teacher/__tests__/teacher.validation.test.js[2m > [22mTeacher Validation[2m > [22mTEACHER_CONSTANTS[2m > [22mshould define valid teacher roles[32m 0[2mms[22m[39m
 [32mÔ£ô[39m api/teacher/__tests__/teacher.validation.test.js[2m > [22mTeacher Validation[2m > [22mteacherSchema[2m > [22mshould be a valid Joi schema object[32m 0[2mms[22m[39m
 [32mÔ£ô[39m api/teacher/__tests__/teacher.validation.test.js[2m > [22mTeacher Validation[2m > [22mteacherSchema[2m > [22mshould set default values correctly[32m 1[2mms[22m[39m
 [32mÔ£ô[39m api/teacher/__tests__/teacher.validation.test.js[2m > [22mTeacher Validation[2m > [22mteacherSchema[2m > [22mshould allow full teacher object with all properties[32m 1[2mms[22m[39m
[90mstdout[2m | middleware/__tests__/auth.middleware.test.js
[22m[39mStarting global test setup...
Global test setup completed

[90mstdout[2m | middleware/__tests__/auth.middleware.test.js
[22m[39mStarting global test teardown...
Global test teardown completed

 [32mÔ£ô[39m middleware/__tests__/auth.middleware.test.js[2m > [22mAuth Middleware[2m > [22mauthenticateToken[2m > [22mshould return 401 if no token is provided[32m 4[2mms[22m[39m
 [32mÔ£ô[39m middleware/__tests__/auth.middleware.test.js[2m > [22mAuth Middleware[2m > [22mauthenticateToken[2m > [22mshould return 401 if authentication header has incorrect format[32m 1[2mms[22m[39m
 [32mÔ£ô[39m middleware/__tests__/auth.middleware.test.js[2m > [22mAuth Middleware[2m > [22mauthenticateToken[2m > [22mshould authenticate user when valid token is provided[32m 3[2mms[22m[39m
 [32mÔ£ô[39m middleware/__tests__/auth.middleware.test.js[2m > [22mAuth Middleware[2m > [22mauthenticateToken[2m > [22mshould return 401 if token is invalid[32m 1[2mms[22m[39m
 [32mÔ£ô[39m middleware/__tests__/auth.middleware.test.js[2m > [22mAuth Middleware[2m > [22mauthenticateToken[2m > [22mshould return 401 if token is expired[32m 1[2mms[22m[39m
 [32mÔ£ô[39m middleware/__tests__/auth.middleware.test.js[2m > [22mAuth Middleware[2m > [22mauthenticateToken[2m > [22mshould return 401 if teacher is not found[32m 1[2mms[22m[39m
 [32mÔ£ô[39m middleware/__tests__/auth.middleware.test.js[2m > [22mAuth Middleware[2m > [22mauthenticateToken[2m > [22mshould handle server errors[32m 1[2mms[22m[39m
 [32mÔ£ô[39m middleware/__tests__/auth.middleware.test.js[2m > [22mAuth Middleware[2m > [22mauthenticateToken[2m > [22mshould return 401 for malformed JWT tokens[32m 0[2mms[22m[39m
 [32mÔ£ô[39m middleware/__tests__/auth.middleware.test.js[2m > [22mAuth Middleware[2m > [22mrequireAuth[2m > [22mshould allow admin users regardless of required roles[32m 1[2mms[22m[39m
 [32mÔ£ô[39m middleware/__tests__/auth.middleware.test.js[2m > [22mAuth Middleware[2m > [22mrequireAuth[2m > [22mshould proceed if user has one of the required roles[32m 0[2mms[22m[39m
 [32mÔ£ô[39m middleware/__tests__/auth.middleware.test.js[2m > [22mAuth Middleware[2m > [22mrequireAuth[2m > [22mshould return 403 if user does not have any required role[32m 0[2mms[22m[39m
 [32mÔ£ô[39m middleware/__tests__/auth.middleware.test.js[2m > [22mAuth Middleware[2m > [22mrequireAuth[2m > [22mshould return 401 if no teacher is found in request[32m 0[2mms[22m[39m
 [32mÔ£ô[39m middleware/__tests__/auth.middleware.test.js[2m > [22mAuth Middleware[2m > [22mrequireAuth[2m > [22mshould return 500 on unexpected errors[32m 1[2mms[22m[39m
[90mstdout[2m | api/orchestra/__tests__/orchestra.validation.test.js
[22m[39mStarting global test setup...
Global test setup completed

[90mstdout[2m | api/orchestra/__tests__/orchestra.validation.test.js
[22m[39mStarting global test teardown...
Global test teardown completed

 [32mÔ£ô[39m api/orchestra/__tests__/orchestra.validation.test.js[2m > [22mOrchestra Validation[2m > [22mvalidateOrchestra[2m > [22mshould validate a valid orchestra object[32m 6[2mms[22m[39m
 [32mÔ£ô[39m api/orchestra/__tests__/orchestra.validation.test.js[2m > [22mOrchestra Validation[2m > [22mvalidateOrchestra[2m > [22mshould validate with default values for optional fields[32m 1[2mms[22m[39m
 [32mÔ£ô[39m api/orchestra/__tests__/orchestra.validation.test.js[2m > [22mOrchestra Validation[2m > [22mvalidateOrchestra[2m > [22mshould reject invalid orchestra type[32m 2[2mms[22m[39m
 [32mÔ£ô[39m api/orchestra/__tests__/orchestra.validation.test.js[2m > [22mOrchestra Validation[2m > [22mvalidateOrchestra[2m > [22mshould require conductorId[32m 1[2mms[22m[39m
 [32mÔ£ô[39m api/orchestra/__tests__/orchestra.validation.test.js[2m > [22mOrchestra Validation[2m > [22mvalidateOrchestra[2m > [22mshould require schoolYearId[32m 1[2mms[22m[39m
 [32mÔ£ô[39m api/orchestra/__tests__/orchestra.validation.test.js[2m > [22mOrchestra Validation[2m > [22mvalidateOrchestra[2m > [22mshould require memberIds to be an array[32m 0[2mms[22m[39m
 [32mÔ£ô[39m api/orchestra/__tests__/orchestra.validation.test.js[2m > [22mOrchestra Validation[2m > [22mvalidateOrchestra[2m > [22mshould require rehearsalIds to be an array[32m 0[2mms[22m[39m
 [32mÔ£ô[39m api/orchestra/__tests__/orchestra.validation.test.js[2m > [22mOrchestra Validation[2m > [22mvalidateOrchestra[2m > [22mshould require isActive to be a boolean[32m 0[2mms[22m[39m
 [32mÔ£ô[39m api/orchestra/__tests__/orchestra.validation.test.js[2m > [22mOrchestra Validation[2m > [22mORCHESTRA_CONSTANTS[2m > [22mshould define valid orchestra types[32m 1[2mms[22m[39m
[90mstdout[2m | test/integration/attendance.integration.test.js
[22m[39mStarting global test setup...
Global test setup completed

[90mstdout[2m | test/integration/attendance.integration.test.js
[22m[39mStarting global test teardown...
Global test teardown completed

 [32mÔ£ô[39m test/integration/attendance.integration.test.js[2m > [22mAttendance Tests[2m > [22mshould return correct student private lesson stats[32m 7[2mms[22m[39m
 [32mÔ£ô[39m test/integration/attendance.integration.test.js[2m > [22mAttendance Tests[2m > [22mshould retrieve attendance history sorted by date[32m 3[2mms[22m[39m
[90mstdout[2m | api/bagrut/__tests__/bagrut.point-allocation.test.js
[22m[39mStarting global test setup...
Global test setup completed

[90mstdout[2m | api/bagrut/__tests__/bagrut.point-allocation.test.js
[22m[39mStarting global test teardown...
Global test teardown completed

 [32mÔ£ô[39m api/bagrut/__tests__/bagrut.point-allocation.test.js[2m > [22mPoint Allocation Validation Tests[2m > [22mPlaying Skills Category (0-40 points)[2m > [22mshould accept valid points within range[32m 2[2mms[22m[39m
 [32mÔ£ô[39m api/bagrut/__tests__/bagrut.point-allocation.test.js[2m > [22mPoint Allocation Validation Tests[2m > [22mPlaying Skills Category (0-40 points)[2m > [22mshould accept minimum value (0 points)[32m 0[2mms[22m[39m
 [32mÔ£ô[39m api/bagrut/__tests__/bagrut.point-allocation.test.js[2m > [22mPoint Allocation Validation Tests[2m > [22mPlaying Skills Category (0-40 points)[2m > [22mshould accept maximum value (40 points)[32m 0[2mms[22m[39m
 [32mÔ£ô[39m api/bagrut/__tests__/bagrut.point-allocation.test.js[2m > [22mPoint Allocation Validation Tests[2m > [22mPlaying Skills Category (0-40 points)[2m > [22mshould handle null points gracefully[32m 0[2mms[22m[39m
 [32mÔ£ô[39m api/bagrut/__tests__/bagrut.point-allocation.test.js[2m > [22mPoint Allocation Validation Tests[2m > [22mPlaying Skills Category (0-40 points)[2m > [22mshould test boundary values[32m 0[2mms[22m[39m
 [32mÔ£ô[39m api/bagrut/__tests__/bagrut.point-allocation.test.js[2m > [22mPoint Allocation Validation Tests[2m > [22mMusical Understanding Category (0-30 points)[2m > [22mshould accept valid points within range[32m 0[2mms[22m[39m
 [32mÔ£ô[39m api/bagrut/__tests__/bagrut.point-allocation.test.js[2m > [22mPoint Allocation Validation Tests[2m > [22mMusical Understanding Category (0-30 points)[2m > [22mshould accept minimum value (0 points)[32m 0[2mms[22m[39m
 [32mÔ£ô[39m api/bagrut/__tests__/bagrut.point-allocation.test.js[2m > [22mPoint Allocation Validation Tests[2m > [22mMusical Understanding Category (0-30 points)[2m > [22mshould accept maximum value (30 points)[32m 0[2mms[22m[39m
 [32mÔ£ô[39m api/bagrut/__tests__/bagrut.point-allocation.test.js[2m > [22mPoint Allocation Validation Tests[2m > [22mMusical Understanding Category (0-30 points)[2m > [22mshould handle null points gracefully[32m 0[2mms[22m[39m
 [32mÔ£ô[39m api/bagrut/__tests__/bagrut.point-allocation.test.js[2m > [22mPoint Allocation Validation Tests[2m > [22mMusical Understanding Category (0-30 points)[2m > [22mshould test boundary values[32m 0[2mms[22m[39m
 [32mÔ£ô[39m api/bagrut/__tests__/bagrut.point-allocation.test.js[2m > [22mPoint Allocation Validation Tests[2m > [22mText Knowledge Category (0-20 points)[2m > [22mshould accept valid points within range[32m 0[2mms[22m[39m
 [32mÔ£ô[39m api/bagrut/__tests__/bagrut.point-allocation.test.js[2m > [22mPoint Allocation Validation Tests[2m > [22mText Knowledge Category (0-20 points)[2m > [22mshould accept minimum value (0 points)[32m 0[2mms[22m[39m
 [32mÔ£ô[39m api/bagrut/__tests__/bagrut.point-allocation.test.js[2m > [22mPoint Allocation Validation Tests[2m > [22mText Knowledge Category (0-20 points)[2m > [22mshould accept maximum value (20 points)[32m 0[2mms[22m[39m
 [32mÔ£ô[39m api/bagrut/__tests__/bagrut.point-allocation.test.js[2m > [22mPoint Allocation Validation Tests[2m > [22mText Knowledge Category (0-20 points)[2m > [22mshould handle null points gracefully[32m 0[2mms[22m[39m
 [32mÔ£ô[39m api/bagrut/__tests__/bagrut.point-allocation.test.js[2m > [22mPoint Allocation Validation Tests[2m > [22mText Knowledge Category (0-20 points)[2m > [22mshould test boundary values[32m 0[2mms[22m[39m
 [32mÔ£ô[39m api/bagrut/__tests__/bagrut.point-allocation.test.js[2m > [22mPoint Allocation Validation Tests[2m > [22mPlaying By Heart Category (0-10 points)[2m > [22mshould accept valid points within range[32m 0[2mms[22m[39m
 [32mÔ£ô[39m api/bagrut/__tests__/bagrut.point-allocation.test.js[2m > [22mPoint Allocation Validation Tests[2m > [22mPlaying By Heart Category (0-10 points)[2m > [22mshould accept minimum value (0 points)[32m 0[2mms[22m[39m
 [32mÔ£ô[39m api/bagrut/__tests__/bagrut.point-allocation.test.js[2m > [22mPoint Allocation Validation Tests[2m > [22mPlaying By Heart Category (0-10 points)[2m > [22mshould accept maximum value (10 points)[32m 0[2mms[22m[39m
 [32mÔ£ô[39m api/bagrut/__tests__/bagrut.point-allocation.test.js[2m > [22mPoint Allocation Validation Tests[2m > [22mPlaying By Heart Category (0-10 points)[2m > [22mshould handle null points gracefully[32m 0[2mms[22m[39m
 [32mÔ£ô[39m api/bagrut/__tests__/bagrut.point-allocation.test.js[2m > [22mPoint Allocation Validation Tests[2m > [22mPlaying By Heart Category (0-10 points)[2m > [22mshould test boundary values[32m 0[2mms[22m[39m
 [32mÔ£ô[39m api/bagrut/__tests__/bagrut.point-allocation.test.js[2m > [22mPoint Allocation Validation Tests[2m > [22mTotal Points Validation[2m > [22mshould enforce maximum total of 100 points[32m 0[2mms[22m[39m
 [32mÔ£ô[39m api/bagrut/__tests__/bagrut.point-allocation.test.js[2m > [22mPoint Allocation Validation Tests[2m > [22mTotal Points Validation[2m > [22mshould handle edge case where all categories are at maximum[32m 0[2mms[22m[39m
 [32mÔ£ô[39m api/bagrut/__tests__/bagrut.point-allocation.test.js[2m > [22mPoint Allocation Validation Tests[2m > [22mTotal Points Validation[2m > [22mshould handle edge case where all categories are at minimum[32m 0[2mms[22m[39m
 [32mÔ£ô[39m api/bagrut/__tests__/bagrut.point-allocation.test.js[2m > [22mPoint Allocation Validation Tests[2m > [22mTotal Points Validation[2m > [22mshould return null if any category has null points[32m 0[2mms[22m[39m
 [32mÔ£ô[39m api/bagrut/__tests__/bagrut.point-allocation.test.js[2m > [22mPoint Allocation Validation Tests[2m > [22mTotal Points Validation[2m > [22mshould return null if detailedGrading is null or undefined[32m 0[2mms[22m[39m
 [32mÔ£ô[39m api/bagrut/__tests__/bagrut.point-allocation.test.js[2m > [22mPoint Allocation Validation Tests[2m > [22mTotal Points Validation[2m > [22mshould return null if any required category is missing[32m 0[2mms[22m[39m
 [32mÔ£ô[39m api/bagrut/__tests__/bagrut.point-allocation.test.js[2m > [22mPoint Allocation Validation Tests[2m > [22mPoint Distribution Test Cases[2m > [22mshould correctly calculate various point distributions[32m 0[2mms[22m[39m
[90mstdout[2m | middleware/__tests__/file.middleware.test.js
[22m[39mStarting global test setup...
Global test setup completed

[90mstdout[2m | middleware/__tests__/file.middleware.test.js
[22m[39mStarting global test teardown...
Global test teardown completed

 [32mÔ£ô[39m middleware/__tests__/file.middleware.test.js[2m > [22mFile Middleware[2m > [22mshould be defined[32m 1[2mms[22m[39m

[2m Test Files [22m [1m[31m22 failed[39m[22m[2m | [22m[1m[32m29 passed[39m[22m[90m (51)[39m
[2m      Tests [22m [1m[31m95 failed[39m[22m[2m | [22m[1m[32m670 passed[39m[22m[2m | [22m[33m30 skipped[39m[90m (795)[39m
[2m   Start at [22m 21:26:59
[2m   Duration [22m 36.35s[2m (transform 2.02s, setup 17.86s, collect 8.39s, tests 26.49s, environment 14ms, prepare 7.27s)[22m

